Archive member included to satisfy reference by file (symbol)

freertos/libfreertos.a(queue.c.obj)
                              CMakeFiles/firmware.dir/firmware.c.obj (xQueueGenericCreate)
freertos/libfreertos.a(tasks.c.obj)
                              CMakeFiles/firmware.dir/firmware.c.obj (xTaskCreate)
freertos/libfreertos.a(timers.c.obj)
                              freertos/libfreertos.a(tasks.c.obj) (xTimerCreateTimerTask)
freertos/libfreertos.a(heap_3.c.obj)
                              freertos/libfreertos.a(queue.c.obj) (pvPortMalloc)
freertos/libfreertos.a(port.c.obj)
                              freertos/libfreertos.a(queue.c.obj) (vPortYield)
freertos/libfreertos.a(portasm.c.obj)
                              freertos/libfreertos.a(port.c.obj) (vRestoreContextOfFirstTask)
freertos/libfreertos.a(event_groups.c.obj)
                              freertos/libfreertos.a(port.c.obj) (xEventGroupCreate)
freertos/libfreertos.a(list.c.obj)
                              freertos/libfreertos.a(queue.c.obj) (vListInitialise)
pwm_lib/libpwm_lib.a(pwm_lib.c.obj)
                              CMakeFiles/firmware.dir/firmware.c.obj (pwm_init_config)
lcd/liblcd.a(lcd.c.obj)       CMakeFiles/firmware.dir/firmware.c.obj (lcd_clear)
HC_SR04/libHC_SR04.a(HC_SR04.c.obj)
                              CMakeFiles/firmware.dir/firmware.c.obj (hc_sr04_init)
ds3231/libds3231.a(ds3231.c.obj)
                              CMakeFiles/firmware.dir/firmware.c.obj (ds3231_get_time)
pid_controller/libpid_controller.a(pid_controller.c.obj)
                              CMakeFiles/firmware.dir/firmware.c.obj (PIDController_Init)
pico_sd_fatfs/libpico_sd_fatfs.a(ff.c.obj)
                              CMakeFiles/firmware.dir/firmware.c.obj (f_mount)
pico_sd_fatfs/libpico_sd_fatfs.a(ffunicode.c.obj)
                              pico_sd_fatfs/libpico_sd_fatfs.a(ff.c.obj) (ff_uni2oem)
pico_sd_fatfs/libpico_sd_fatfs.a(ffsystem.c.obj)
                              pico_sd_fatfs/libpico_sd_fatfs.a(ff.c.obj) (ff_memalloc)
pico_sd_fatfs/libpico_sd_fatfs.a(my_rtc.c.obj)
                              pico_sd_fatfs/libpico_sd_fatfs.a(ff.c.obj) (get_fattime)
pico_sd_fatfs/libpico_sd_fatfs.a(crc.c.obj)
                              pico_sd_fatfs/libpico_sd_fatfs.a(my_rtc.c.obj) (m_Crc7Table)
pico_sd_fatfs/libpico_sd_fatfs.a(f_util.c.obj)
                              CMakeFiles/firmware.dir/firmware.c.obj (FRESULT_str)
pico_sd_fatfs/libpico_sd_fatfs.a(glue.c.obj)
                              pico_sd_fatfs/libpico_sd_fatfs.a(ff.c.obj) (disk_status)
pico_sd_fatfs/libpico_sd_fatfs.a(sd_card.c.obj)
                              pico_sd_fatfs/libpico_sd_fatfs.a(glue.c.obj) (sd_card_detect)
pico_sd_fatfs/libpico_sd_fatfs.a(my_spi.c.obj)
                              pico_sd_fatfs/libpico_sd_fatfs.a(sd_card.c.obj) (my_spi_init)
pico_sd_fatfs/libpico_sd_fatfs.a(sd_card_spi.c.obj)
                              pico_sd_fatfs/libpico_sd_fatfs.a(sd_card.c.obj) (sd_go_idle_state)
pico_sd_fatfs/libpico_sd_fatfs.a(sd_card_sdio.c.obj)
                              pico_sd_fatfs/libpico_sd_fatfs.a(sd_card.c.obj) (rp2040_sdio_get_sd_status)
pico_sd_fatfs/libpico_sd_fatfs.a(rp2040_sdio.c.obj)
                              pico_sd_fatfs/libpico_sd_fatfs.a(sd_card_sdio.c.obj) (rp2040_sdio_command_R1)
pico_sd_fatfs/libpico_sd_fatfs.a(dma_interrupts.c.obj)
                              pico_sd_fatfs/libpico_sd_fatfs.a(rp2040_sdio.c.obj) (dma_irq_add_handler)
pico_sd_fatfs/libpico_sd_fatfs.a(my_debug.c.obj)
                              pico_sd_fatfs/libpico_sd_fatfs.a(sd_card.c.obj) (error_message_printf)
pico_sd_fatfs/libpico_sd_fatfs.a(sd_timeouts.c.obj)
                              pico_sd_fatfs/libpico_sd_fatfs.a(sd_card_spi.c.obj) (sd_timeouts)
pico_sd_fatfs/libpico_sd_fatfs.a(sd_spi.c.obj)
                              pico_sd_fatfs/libpico_sd_fatfs.a(sd_card_spi.c.obj) (sd_spi_go_high_frequency)
pico_sd_fatfs/libpico_sd_fatfs.a(crash.c.obj)
                              pico_sd_fatfs/libpico_sd_fatfs.a(my_debug.c.obj) (capture_assert)
C:/Users/nahue/.pico-sdk/toolchain/14_2_Rel1/bin/../lib/gcc/arm-none-eabi/14.2.1/thumb/v8-m.main+fp/softfp\libm.a(libm_a-wf_sqrt.o)
                              CMakeFiles/firmware.dir/C_/Users/nahue/.pico-sdk/sdk/2.1.1/src/rp2_common/pico_float/float_math.c.obj (sqrtf)
C:/Users/nahue/.pico-sdk/toolchain/14_2_Rel1/bin/../lib/gcc/arm-none-eabi/14.2.1/thumb/v8-m.main+fp/softfp\libm.a(libm_a-ef_sqrt.o)
                              C:/Users/nahue/.pico-sdk/toolchain/14_2_Rel1/bin/../lib/gcc/arm-none-eabi/14.2.1/thumb/v8-m.main+fp/softfp\libm.a(libm_a-wf_sqrt.o) (__ieee754_sqrtf)
C:/Users/nahue/.pico-sdk/toolchain/14_2_Rel1/bin/../lib/gcc/arm-none-eabi/14.2.1/thumb/v8-m.main+fp/softfp\libgcc.a(_arm_addsubdf3.o)
                              CMakeFiles/firmware.dir/firmware.c.obj (__aeabi_f2d)
C:/Users/nahue/.pico-sdk/toolchain/14_2_Rel1/bin/../lib/gcc/arm-none-eabi/14.2.1/thumb/v8-m.main+fp/softfp\libgcc.a(_aeabi_ldivmod.o)
[...]
Memory Configuration

Name             Origin             Length             Attributes
FLASH            0x10000000         0x00400000         xr
RAM              0x20000000         0x00080000         xrw
SCRATCH_X        0x20080000         0x00001000         xrw
SCRATCH_Y        0x20081000         0x00001000         xrw
*default*        0x00000000         0xffffffff

Linker script and memory map

LOAD C:/Users/nahue/.pico-sdk/toolchain/14_2_Rel1/bin/../lib/gcc/arm-none-eabi/14.2.1/thumb/v8-m.main+fp/softfp/crti.o
LOAD C:/Users/nahue/.pico-sdk/toolchain/14_2_Rel1/bin/../lib/gcc/arm-none-eabi/14.2.1/thumb/v8-m.main+fp/softfp/crtbegin.o
LOAD C:/Users/nahue/.pico-sdk/toolchain/14_2_Rel1/bin/../lib/gcc/arm-none-eabi/14.2.1/thumb/v8-m.main+fp/softfp/crt0.o

.flash_begin    0x10000000        0x0
                0x10000000                        __flash_binary_start = .

.text           0x10000000    0x178a8
                0x10000000                        __logical_binary_start = .
 *(.vectors)
 .vectors       0x10000000      0x124 CMakeFiles/firmware.dir/C_/Users/nahue/.pico-sdk/sdk/2.1.1/src/rp2_common/pico_crt0/crt0.S.obj
                0x10000000                __vectors
                0x10000000                __VECTOR_TABLE
                0x10000110                isr_invalid
                0x10000110                __default_isrs_start
                0x10000112                NMI_Handler
                0x10000116                SVC_Handler
                0x10000118                PendSV_Handler
                0x1000011a                SysTick_Handler
                0x1000011c                IO_IRQ_BANK0_Handler
                0x1000011c                PLL_SYS_IRQ_Handler
                0x1000011c                PIO0_IRQ_0_Handler
                0x1000011c                USBCTRL_IRQ_Handler
                0x1000011c                SPI1_IRQ_Handler
                0x1000011c                POWMAN_IRQ_POW_Handler
                0x1000011c                DMA_IRQ_2_Handler
                0x1000011c                PIO1_IRQ_1_Handler
                0x1000011c                POWMAN_IRQ_TIMER_Handler
                0x1000011c                DMA_IRQ_1_Handler
                0x1000011c                SIO_IRQ_FIFO_Handler
                0x1000011c                PLL_USB_IRQ_Handler
                0x1000011c                TIMER0_IRQ_2_Handler
                0x1000011c                I2C1_IRQ_Handler
                0x1000011c                IO_IRQ_BANK0_NS_Handler
                0x1000011c                isr_irq48
                0x1000011c                isr_irq49
                0x1000011c                PWM_IRQ_WRAP_0_Handler
                0x1000011c                isr_irq50
                0x1000011c                TIMER1_IRQ_0_Handler
                0x1000011c                isr_irq40
                0x1000011c                SPI0_IRQ_Handler
                0x1000011c                PWM_IRQ_WRAP_1_Handler
                0x1000011c                SIO_IRQ_BELL_Handler
                0x1000011c                isr_irq41
                0x1000011c                OTP_IRQ_Handler
                0x1000011c                TRNG_IRQ_Handler
                0x1000011c                TIMER0_IRQ_1_Handler
                0x1000011c                PIO0_IRQ_1_Handler
                0x1000011c                I2C0_IRQ_Handler
                0x1000011c                SIO_IRQ_FIFO_NS_Handler
                0x1000011c                SIO_IRQ_BELL_NS_Handler
                0x1000011c                SIO_IRQ_MTIMECMP_Handler
                0x1000011c                TIMER1_IRQ_1_Handler
                0x1000011c                UART1_IRQ_Handler
                0x1000011c                __unhandled_user_irq
                0x1000011c                DMA_IRQ_0_Handler
                0x1000011c                CLOCKS_IRQ_Handler
                0x1000011c                PIO1_IRQ_0_Handler
                0x1000011c                PIO2_IRQ_1_Handler
                0x1000011c                PIO2_IRQ_0_Handler
                0x1000011c                isr_irq46
                0x1000011c                ADC_IRQ_FIFO_Handler
                0x1000011c                isr_irq47
                0x1000011c                isr_irq51
                0x1000011c                IO_IRQ_QSPI_Handler
                0x1000011c                TIMER1_IRQ_3_Handler
                0x1000011c                UART0_IRQ_Handler
                0x1000011c                TIMER0_IRQ_0_Handler
                0x1000011c                IO_IRQ_QSPI_NS_Handler
                0x1000011c                __default_isrs_end
                0x1000011c                TIMER0_IRQ_3_Handler
                0x1000011c                TIMER1_IRQ_2_Handler
                0x1000011c                DMA_IRQ_3_Handler
                0x10000122                unhandled_user_irq_num_in_r0
 *(.binary_info_header)
 .binary_info_header
                0x10000124       0x14 CMakeFiles/firmware.dir/C_/Users/nahue/.pico-sdk/sdk/2.1.1/src/rp2_common/pico_crt0/crt0.S.obj
                0x10000138                        __binary_info_header_end = .
 *(.embedded_block)
 .embedded_block
                0x10000138       0x14 CMakeFiles/firmware.dir/C_/Users/nahue/.pico-sdk/sdk/2.1.1/src/rp2_common/pico_crt0/crt0.S.obj
                0x1000014c                        __embedded_block_end = .
 *(.reset)
 .reset         0x1000014c       0xa0 CMakeFiles/firmware.dir/C_/Users/nahue/.pico-sdk/sdk/2.1.1/src/rp2_common/pico_crt0/crt0.S.obj
                0x1000014c                _entry_point
 *(.init)
 .init          0x100001ec        0x4 C:/Users/nahue/.pico-sdk/toolchain/14_2_Rel1/bin/../lib/gcc/arm-none-eabi/14.2.1/thumb/v8-m.main+fp/softfp/crti.o
                0x100001ec                _init
 SORT_BY_NAME(REVERSE(*libgcc.a:cmse_nonsecure_call.o))()
 *(EXCLUDE_FILE(*libm.a: *libc.a:*lib_a-mem*.o *libgcc.a:) .text*)
 .text.register_tm_clones
                0x100001f0       0x28 C:/Users/nahue/.pico-sdk/toolchain/14_2_Rel1/bin/../lib/gcc/arm-none-eabi/14.2.1/thumb/v8-m.main+fp/softfp/crtbegin.o
 .text.frame_dummy
                0x10000218       0x24 C:/Users/nahue/.pico-sdk/toolchain/14_2_Rel1/bin/../lib/gcc/arm-none-eabi/14.2.1/thumb/v8-m.main+fp/softfp/crtbegin.o
 .text.task_guardiana_leds
                0x1000023c       0xa8 CMakeFiles/firmware.dir/firmware.c.obj
                0x1000023c                task_guardiana_leds
 .text.task_guardiana_lcd
                0x100002e4      0x15c CMakeFiles/firmware.dir/firmware.c.obj
                0x100002e4                task_guardiana_lcd
 .text.task_guardiana_sd
                0x10000440      0x130 CMakeFiles/firmware.dir/firmware.c.obj
                0x10000440                task_guardiana_sd
 .text.task_SetPoint
                0x10000570      0x1f8 CMakeFiles/firmware.dir/firmware.c.obj
                0x10000570                task_SetPoint
 .text.task_debounce_boton
                0x10000768       0xa0 CMakeFiles/firmware.dir/firmware.c.obj
                0x10000768                task_debounce_boton
 .text.task_rtc
                0x10000808       0x78 CMakeFiles/firmware.dir/firmware.c.obj
                0x10000808                task_rtc
 .text.task_pid
                0x10000880      0x160 CMakeFiles/firmware.dir/firmware.c.obj
                0x10000880                task_pid
 .text.task_init
                0x100009e0       0xe8 CMakeFiles/firmware.dir/firmware.c.obj
                0x100009e0                task_init
 .text.configuracion_gpio_boton
                0x10000ac8       0x20 CMakeFiles/firmware.dir/firmware.c.obj
                0x10000ac8                configuracion_gpio_boton
 .text.startup.main
                0x10000ae8      0x1a0 CMakeFiles/firmware.dir/firmware.c.obj
                0x10000ae8                main
 .text.sd_get_num
                0x10000c88        0x4 CMakeFiles/firmware.dir/hw_config.c.obj
                0x10000c88                sd_get_num
 .text.sd_get_by_num
                0x10000c8c       0x10 CMakeFiles/firmware.dir/hw_config.c.obj
                0x10000c8c                sd_get_by_num
 .text.gpio_set_function
                0x10000c9c       0x3c CMakeFiles/firmware.dir/C_/Users/nahue/.pico-sdk/sdk/2.1.1/src/rp2_common/hardware_gpio/gpio.c.obj
                0x10000c9c                gpio_set_function
 .text.gpio_set_pulls
                0x10000cd8       0x28 CMakeFiles/firmware.dir/C_/Users/nahue/.pico-sdk/sdk/2.1.1/src/rp2_common/hardware_gpio/gpio.c.obj
                0x10000cd8                gpio_set_pulls
 .text.gpio_set_slew_rate
                0x10000d00       0x1c CMakeFiles/firmware.dir/C_/Users/nahue/.pico-sdk/sdk/2.1.1/src/rp2_common/hardware_gpio/gpio.c.obj
                0x10000d00                gpio_set_slew_rate
 .text.gpio_set_drive_strength
                0x10000d1c       0x20 CMakeFiles/firmware.dir/C_/Users/nahue/.pico-sdk/sdk/2.1.1/src/rp2_common/hardware_gpio/gpio.c.obj
                0x10000d1c                gpio_set_drive_strength
 .text.gpio_set_input_enabled
                0x10000d3c       0x20 CMakeFiles/firmware.dir/C_/Users/nahue/.pico-sdk/sdk/2.1.1/src/rp2_common/hardware_gpio/gpio.c.obj
                0x10000d3c                gpio_set_input_enabled
 .text.gpio_init
                0x10000d5c       0x48 CMakeFiles/firmware.dir/C_/Users/nahue/.pico-sdk/sdk/2.1.1/src/rp2_common/hardware_gpio/gpio.c.obj
                0x10000d5c                gpio_init
 .text.gpio_deinit
                0x10000da4       0x40 CMakeFiles/firmware.dir/C_/Users/nahue/.pico-sdk/sdk/2.1.1/src/rp2_common/hardware_gpio/gpio.c.obj
                0x10000da4                gpio_deinit
 .text.panic    0x10000de4       0x30 CMakeFiles/firmware.dir/C_/Users/nahue/.pico-sdk/sdk/2.1.1/src/rp2_common/pico_platform_panic/panic.c.obj
                0x10000de4                panic
 .text.hw_claim_lock
                0x10000e14       0x24 CMakeFiles/firmware.dir/C_/Users/nahue/.pico-sdk/sdk/2.1.1/src/common/hardware_claim/claim.c.obj
                0x10000e14                hw_claim_lock
 .text.hw_claim_unlock
                0x10000e38       0x14 CMakeFiles/firmware.dir/C_/Users/nahue/.pico-sdk/sdk/2.1.1/src/common/hardware_claim/claim.c.obj
                0x10000e38                hw_claim_unlock
 .text.hw_claim_or_assert
                0x10000e4c       0x58 CMakeFiles/firmware.dir/C_/Users/nahue/.pico-sdk/sdk/2.1.1/src/common/hardware_claim/claim.c.obj
                0x10000e4c                hw_claim_or_assert
 .text.hw_claim_unused_from_range
                0x10000ea4       0x80 CMakeFiles/firmware.dir/C_/Users/nahue/.pico-sdk/sdk/2.1.1/src/common/hardware_claim/claim.c.obj
                0x10000ea4                hw_claim_unused_from_range
 .text.next_striped_spin_lock_num
                0x10000f24       0x18 CMakeFiles/firmware.dir/C_/Users/nahue/.pico-sdk/sdk/2.1.1/src/rp2_common/hardware_sync/sync.c.obj
                0x10000f24                next_striped_spin_lock_num
 .text.spin_lock_claim_unused
                0x10000f3c       0x20 CMakeFiles/firmware.dir/C_/Users/nahue/.pico-sdk/sdk/2.1.1/src/rp2_common/hardware_sync/sync.c.obj
                0x10000f3c                spin_lock_claim_unused
 .text.spinlock_set_extexclall
                0x10000f5c       0x10 CMakeFiles/firmware.dir/C_/Users/nahue/.pico-sdk/sdk/2.1.1/src/rp2_common/hardware_sync_spin_lock/sync_spin_lock.c.obj
 .text.spin_locks_reset
                0x10000f6c       0x18 CMakeFiles/firmware.dir/C_/Users/nahue/.pico-sdk/sdk/2.1.1/src/rp2_common/hardware_sync_spin_lock/sync_spin_lock.c.obj
                0x10000f6c                spin_locks_reset
 .text.runtime_init_per_core_irq_priorities
                0x10000f84       0x40 CMakeFiles/firmware.dir/C_/Users/nahue/.pico-sdk/sdk/2.1.1/src/rp2_common/hardware_irq/irq.c.obj
                0x10000f84                runtime_init_per_core_irq_priorities
 .text.irq_set_enabled
                0x10000fc4       0x2c CMakeFiles/firmware.dir/C_/Users/nahue/.pico-sdk/sdk/2.1.1/src/rp2_common/hardware_irq/irq.c.obj
                0x10000fc4                irq_set_enabled
 .text.irq_is_enabled
                0x10000ff0       0x20 CMakeFiles/firmware.dir/C_/Users/nahue/.pico-sdk/sdk/2.1.1/src/rp2_common/hardware_irq/irq.c.obj
                0x10000ff0                irq_is_enabled
 .text.irq_set_pending
                0x10001010       0x18 CMakeFiles/firmware.dir/C_/Users/nahue/.pico-sdk/sdk/2.1.1/src/rp2_common/hardware_irq/irq.c.obj
                0x10001010                irq_set_pending
 .text.irq_has_shared_handler
                0x10001028       0x20 CMakeFiles/firmware.dir/C_/Users/nahue/.pico-sdk/sdk/2.1.1/src/rp2_common/hardware_irq/irq.c.obj
                0x10001028                irq_has_shared_handler
 .text.irq_set_exclusive_handler
                0x10001048       0x60 CMakeFiles/firmware.dir/C_/Users/nahue/.pico-sdk/sdk/2.1.1/src/rp2_common/hardware_irq/irq.c.obj
                0x10001048                irq_set_exclusive_handler
 .text.irq_add_shared_handler
                0x100010a8      0x1e8 CMakeFiles/firmware.dir/C_/Users/nahue/.pico-sdk/sdk/2.1.1/src/rp2_common/hardware_irq/irq.c.obj
                0x100010a8                irq_add_shared_handler
 .text.irq_add_tail_to_free_list
                0x10001290       0xbc CMakeFiles/firmware.dir/C_/Users/nahue/.pico-sdk/sdk/2.1.1/src/rp2_common/hardware_irq/irq.c.obj
                0x10001290                irq_add_tail_to_free_list
 .text.user_irq_claim_unused
                0x1000134c       0x28 CMakeFiles/firmware.dir/C_/Users/nahue/.pico-sdk/sdk/2.1.1/src/rp2_common/hardware_irq/irq.c.obj
                0x1000134c                user_irq_claim_unused
 .text.lock_init
                0x10001374        0xc CMakeFiles/firmware.dir/C_/Users/nahue/.pico-sdk/sdk/2.1.1/src/common/pico_sync/lock_core.c.obj
                0x10001374                lock_init
 .text.runtime_init_mutex
                0x10001380       0x4c CMakeFiles/firmware.dir/C_/Users/nahue/.pico-sdk/sdk/2.1.1/src/common/pico_sync/mutex.c.obj
                0x10001380                runtime_init_mutex
 .text.mutex_init
                0x100013cc       0x1c CMakeFiles/firmware.dir/C_/Users/nahue/.pico-sdk/sdk/2.1.1/src/common/pico_sync/mutex.c.obj
                0x100013cc                mutex_init
 .text.critical_section_init
                0x100013e8       0x1c CMakeFiles/firmware.dir/C_/Users/nahue/.pico-sdk/sdk/2.1.1/src/common/pico_sync/critical_section.c.obj
                0x100013e8                critical_section_init
 .text.critical_section_init_with_lock_num
                0x10001404       0x10 CMakeFiles/firmware.dir/C_/Users/nahue/.pico-sdk/sdk/2.1.1/src/common/pico_sync/critical_section.c.obj
                0x10001404                critical_section_init_with_lock_num
 .text.sleep_until_callback
                0x10001414       0x3c CMakeFiles/firmware.dir/C_/Users/nahue/.pico-sdk/sdk/2.1.1/src/common/pico_time/time.c.obj
 .text.alarm_pool_irq_handler
                0x10001450      0x2f0 CMakeFiles/firmware.dir/C_/Users/nahue/.pico-sdk/sdk/2.1.1/src/common/pico_time/time.c.obj
 .text.runtime_init_default_alarm_pool
                0x10001740      0x100 CMakeFiles/firmware.dir/C_/Users/nahue/.pico-sdk/sdk/2.1.1/src/common/pico_time/time.c.obj
                0x10001740                runtime_init_default_alarm_pool
 .text.alarm_pool_get_default
                0x10001840        0x8 CMakeFiles/firmware.dir/C_/Users/nahue/.pico-sdk/sdk/2.1.1/src/common/pico_time/time.c.obj
                0x10001840                alarm_pool_get_default
 .text.alarm_pool_add_alarm_at
                0x10001848       0xdc CMakeFiles/firmware.dir/C_/Users/nahue/.pico-sdk/sdk/2.1.1/src/common/pico_time/time.c.obj
                0x10001848                alarm_pool_add_alarm_at
 .text.alarm_pool_add_alarm_at_force_in_context
                0x10001924       0xc8 CMakeFiles/firmware.dir/C_/Users/nahue/.pico-sdk/sdk/2.1.1/src/common/pico_time/time.c.obj
                0x10001924                alarm_pool_add_alarm_at_force_in_context
 .text.alarm_pool_cancel_alarm
                0x100019ec       0x80 CMakeFiles/firmware.dir/C_/Users/nahue/.pico-sdk/sdk/2.1.1/src/common/pico_time/time.c.obj
                0x100019ec                alarm_pool_cancel_alarm
 .text.alarm_pool_core_num
                0x10001a6c        0x4 CMakeFiles/firmware.dir/C_/Users/nahue/.pico-sdk/sdk/2.1.1/src/common/pico_time/time.c.obj
                0x10001a6c                alarm_pool_core_num
 .text.sleep_us
                0x10001a70       0xd8 CMakeFiles/firmware.dir/C_/Users/nahue/.pico-sdk/sdk/2.1.1/src/common/pico_time/time.c.obj
                0x10001a70                sleep_us
 .text.sleep_ms
                0x10001b48       0xdc CMakeFiles/firmware.dir/C_/Users/nahue/.pico-sdk/sdk/2.1.1/src/common/pico_time/time.c.obj
                0x10001b48                sleep_ms
 .text.best_effort_wfe_or_timeout
                0x10001c24       0xd4 CMakeFiles/firmware.dir/C_/Users/nahue/.pico-sdk/sdk/2.1.1/src/common/pico_time/time.c.obj
                0x10001c24                best_effort_wfe_or_timeout
 .text.timer_hardware_alarm_claim
                0x10001cf8       0x24 CMakeFiles/firmware.dir/C_/Users/nahue/.pico-sdk/sdk/2.1.1/src/rp2_common/hardware_timer/timer.c.obj
                0x10001cf8                timer_hardware_alarm_claim
 .text.timer_time_us_64
                0x10001d1c       0x10 CMakeFiles/firmware.dir/C_/Users/nahue/.pico-sdk/sdk/2.1.1/src/rp2_common/hardware_timer/timer.c.obj
                0x10001d1c                timer_time_us_64
 .text.time_us_64
                0x10001d2c       0x14 CMakeFiles/firmware.dir/C_/Users/nahue/.pico-sdk/sdk/2.1.1/src/rp2_common/hardware_timer/timer.c.obj
                0x10001d2c                time_us_64
 .text.busy_wait_until
                0x10001d40       0x24 CMakeFiles/firmware.dir/C_/Users/nahue/.pico-sdk/sdk/2.1.1/src/rp2_common/hardware_timer/timer.c.obj
                0x10001d40                busy_wait_until
 .text.ms_to_timespec
                0x10001d64       0x20 CMakeFiles/firmware.dir/C_/Users/nahue/.pico-sdk/sdk/2.1.1/src/common/pico_util/datetime.c.obj
                0x10001d64                ms_to_timespec
 .text.clock_configure_undivided
                0x10001d84       0xd0 CMakeFiles/firmware.dir/C_/Users/nahue/.pico-sdk/sdk/2.1.1/src/rp2_common/hardware_clocks/clocks.c.obj
                0x10001d84                clock_configure_undivided
 .text.clock_get_hz
                0x10001e54        0xc CMakeFiles/firmware.dir/C_/Users/nahue/.pico-sdk/sdk/2.1.1/src/rp2_common/hardware_clocks/clocks.c.obj
                0x10001e54                clock_get_hz
 .text.pll_init
                0x10001e60       0x8c CMakeFiles/firmware.dir/C_/Users/nahue/.pico-sdk/sdk/2.1.1/src/rp2_common/hardware_pll/pll.c.obj
                0x10001e60                pll_init
 .text.watchdog_reboot
                0x10001eec       0x98 CMakeFiles/firmware.dir/C_/Users/nahue/.pico-sdk/sdk/2.1.1/src/rp2_common/hardware_watchdog/watchdog.c.obj
                0x10001eec                watchdog_reboot
 .text.tick_start
                0x10001f84       0x18 CMakeFiles/firmware.dir/C_/Users/nahue/.pico-sdk/sdk/2.1.1/src/rp2_common/hardware_ticks/ticks.c.obj
                0x10001f84                tick_start
 .text.rom_reboot.constprop.0.isra.0
                0x10001f9c       0x34 CMakeFiles/firmware.dir/C_/Users/nahue/.pico-sdk/sdk/2.1.1/src/rp2_common/pico_bootrom/bootrom.c.obj
 .text.rom_func_lookup
                0x10001fd0       0x18 CMakeFiles/firmware.dir/C_/Users/nahue/.pico-sdk/sdk/2.1.1/src/rp2_common/pico_bootrom/bootrom.c.obj
                0x10001fd0                rom_func_lookup
 .text.rom_reset_usb_boot_extra
                0x10001fe8       0x1c CMakeFiles/firmware.dir/C_/Users/nahue/.pico-sdk/sdk/2.1.1/src/rp2_common/pico_bootrom/bootrom.c.obj
                0x10001fe8                rom_reset_usb_boot_extra
 .text.runtime_init_bootrom_locking_enable
                0x10002004       0x14 CMakeFiles/firmware.dir/C_/Users/nahue/.pico-sdk/sdk/2.1.1/src/rp2_common/pico_bootrom/bootrom_lock.c.obj
                0x10002004                runtime_init_bootrom_locking_enable
 .text.runtime_init_boot_locks_reset
                0x10002018       0x1c CMakeFiles/firmware.dir/C_/Users/nahue/.pico-sdk/sdk/2.1.1/src/rp2_common/hardware_boot_lock/boot_lock.c.obj
                0x10002018                runtime_init_boot_locks_reset
 .text.xosc_init
                0x10002034       0x30 CMakeFiles/firmware.dir/C_/Users/nahue/.pico-sdk/sdk/2.1.1/src/rp2_common/hardware_xosc/xosc.c.obj
                0x10002034                xosc_init
 .text.first_per_core_initializer
                0x10002064        0x4 CMakeFiles/firmware.dir/C_/Users/nahue/.pico-sdk/sdk/2.1.1/src/rp2_common/pico_runtime/runtime.c.obj
 .text.hard_assertion_failure
                0x10002068        0xc CMakeFiles/firmware.dir/C_/Users/nahue/.pico-sdk/sdk/2.1.1/src/rp2_common/pico_runtime/runtime.c.obj
                0x10002068                hard_assertion_failure
 .text.runtime_run_initializers
                0x10002074       0x20 CMakeFiles/firmware.dir/C_/Users/nahue/.pico-sdk/sdk/2.1.1/src/rp2_common/pico_runtime/runtime.c.obj
                0x10002074                runtime_run_initializers
 .text.runtime_init_early_resets
                0x10002094       0x34 CMakeFiles/firmware.dir/C_/Users/nahue/.pico-sdk/sdk/2.1.1/src/rp2_common/pico_runtime_init/runtime_init.c.obj
                0x10002094                runtime_init_early_resets
 .text.runtime_init_usb_power_down
                0x100020c8       0x1c CMakeFiles/firmware.dir/C_/Users/nahue/.pico-sdk/sdk/2.1.1/src/rp2_common/pico_runtime_init/runtime_init.c.obj
                0x100020c8                runtime_init_usb_power_down
 .text.runtime_init_per_core_enable_coprocessors
                0x100020e4       0x1c CMakeFiles/firmware.dir/C_/Users/nahue/.pico-sdk/sdk/2.1.1/src/rp2_common/pico_runtime_init/runtime_init.c.obj
                0x100020e4                runtime_init_per_core_enable_coprocessors
 .text.runtime_init_post_clock_resets
                0x10002100       0x20 CMakeFiles/firmware.dir/C_/Users/nahue/.pico-sdk/sdk/2.1.1/src/rp2_common/pico_runtime_init/runtime_init.c.obj
                0x10002100                runtime_init_post_clock_resets
 .text.runtime_init_bootrom_reset
                0x10002120       0x14 CMakeFiles/firmware.dir/C_/Users/nahue/.pico-sdk/sdk/2.1.1/src/rp2_common/pico_runtime_init/runtime_init.c.obj
                0x10002120                runtime_init_bootrom_reset
 .text.runtime_init_per_core_bootrom_reset
                0x10002134       0x14 CMakeFiles/firmware.dir/C_/Users/nahue/.pico-sdk/sdk/2.1.1/src/rp2_common/pico_runtime_init/runtime_init.c.obj
                0x10002134                runtime_init_per_core_bootrom_reset
 .text.runtime_init_spin_locks_reset
                0x10002148        0x4 CMakeFiles/firmware.dir/C_/Users/nahue/.pico-sdk/sdk/2.1.1/src/rp2_common/pico_runtime_init/runtime_init.c.obj
                0x10002148                runtime_init_spin_locks_reset
 .text.runtime_init_install_ram_vector_table
                0x1000214c       0x20 CMakeFiles/firmware.dir/C_/Users/nahue/.pico-sdk/sdk/2.1.1/src/rp2_common/pico_runtime_init/runtime_init.c.obj
                0x1000214c                runtime_init_install_ram_vector_table
 .text.runtime_init_clocks
                0x1000216c       0xdc CMakeFiles/firmware.dir/C_/Users/nahue/.pico-sdk/sdk/2.1.1/src/rp2_common/pico_runtime_init/runtime_init_clocks.c.obj
                0x1000216c                runtime_init_clocks
 .text.__rp2350_dcp_engaged_state_save_restore
                0x10002248       0x3a CMakeFiles/firmware.dir/C_/Users/nahue/.pico-sdk/sdk/2.1.1/src/rp2_common/pico_double/double_aeabi_dcp.S.obj
 *fill*         0x10002282        0x2 
 .text.__wrap___aeabi_dadd
                0x10002284       0x28 CMakeFiles/firmware.dir/C_/Users/nahue/.pico-sdk/sdk/2.1.1/src/rp2_common/pico_double/double_aeabi_dcp.S.obj
                0x1000228c                __wrap___aeabi_dadd
 .text.__wrap___aeabi_dsub
                0x100022ac       0x28 CMakeFiles/firmware.dir/C_/Users/nahue/.pico-sdk/sdk/2.1.1/src/rp2_common/pico_double/double_aeabi_dcp.S.obj
                0x100022b4                __wrap___aeabi_dsub
 .text.__wrap___aeabi_dmul
                0x100022d4       0x4c CMakeFiles/firmware.dir/C_/Users/nahue/.pico-sdk/sdk/2.1.1/src/rp2_common/pico_double/double_aeabi_dcp.S.obj
                0x100022dc                __wrap___aeabi_dmul
 .text.__wrap___aeabi_ddiv
                0x10002320       0x9c CMakeFiles/firmware.dir/C_/Users/nahue/.pico-sdk/sdk/2.1.1/src/rp2_common/pico_double/double_aeabi_dcp.S.obj
                0x10002328                __wrap___aeabi_ddiv
 .text.__wrap___aeabi_d2f
                0x100023bc       0x1c CMakeFiles/firmware.dir/C_/Users/nahue/.pico-sdk/sdk/2.1.1/src/rp2_common/pico_double/double_aeabi_dcp.S.obj
                0x100023c4                __wrap___aeabi_d2f
                0x100023c4                double2float
 .text.__wrap___aeabi_i2d
                0x100023d8       0x24 CMakeFiles/firmware.dir/C_/Users/nahue/.pico-sdk/sdk/2.1.1/src/rp2_common/pico_double/double_aeabi_dcp.S.obj
                0x100023e0                int2double
                0x100023e0                __wrap___aeabi_i2d
 .text.__wrap___aeabi_ui2d
                0x100023fc       0x24 CMakeFiles/firmware.dir/C_/Users/nahue/.pico-sdk/sdk/2.1.1/src/rp2_common/pico_double/double_aeabi_dcp.S.obj
                0x10002404                uint2double
                0x10002404                __wrap___aeabi_ui2d
 .text.__wrap___aeabi_d2iz
                0x10002420       0x24 CMakeFiles/firmware.dir/C_/Users/nahue/.pico-sdk/sdk/2.1.1/src/rp2_common/pico_double/double_aeabi_dcp.S.obj
                0x10002428                double2int_z
                0x10002428                __wrap___aeabi_d2iz
 .text.__wrap___aeabi_d2uiz
                0x10002444       0x24 CMakeFiles/firmware.dir/C_/Users/nahue/.pico-sdk/sdk/2.1.1/src/rp2_common/pico_double/double_aeabi_dcp.S.obj
                0x1000244c                double2uint
                0x1000244c                __wrap___aeabi_d2uiz
                0x1000244c                double2uint_z
 .text.__wrap___aeabi_dcmpun
                0x10002468       0x24 CMakeFiles/firmware.dir/C_/Users/nahue/.pico-sdk/sdk/2.1.1/src/rp2_common/pico_double/double_aeabi_dcp.S.obj
                0x10002470                __wrap___aeabi_dcmpun
 .text.__wrap___aeabi_dcmpeq
                0x1000248c       0x24 CMakeFiles/firmware.dir/C_/Users/nahue/.pico-sdk/sdk/2.1.1/src/rp2_common/pico_double/double_aeabi_dcp.S.obj
                0x10002494                __wrap___aeabi_dcmpeq
 .text.__wrap___aeabi_dcmplt
                0x100024b0       0x28 CMakeFiles/firmware.dir/C_/Users/nahue/.pico-sdk/sdk/2.1.1/src/rp2_common/pico_double/double_aeabi_dcp.S.obj
                0x100024b8                __wrap___aeabi_dcmplt
 .text.__wrap___aeabi_dcmple
                0x100024d8       0x28 CMakeFiles/firmware.dir/C_/Users/nahue/.pico-sdk/sdk/2.1.1/src/rp2_common/pico_double/double_aeabi_dcp.S.obj
                0x100024e0                __wrap___aeabi_dcmple
 .text.__wrap___aeabi_dcmpge
                0x10002500       0x28 CMakeFiles/firmware.dir/C_/Users/nahue/.pico-sdk/sdk/2.1.1/src/rp2_common/pico_double/double_aeabi_dcp.S.obj
                0x10002508                __wrap___aeabi_dcmpge
 .text.__wrap___aeabi_dcmpgt
                0x10002528       0x28 CMakeFiles/firmware.dir/C_/Users/nahue/.pico-sdk/sdk/2.1.1/src/rp2_common/pico_double/double_aeabi_dcp.S.obj
                0x10002530                __wrap___aeabi_dcmpgt
 .text.__wrap_malloc
                0x10002550       0x24 CMakeFiles/firmware.dir/C_/Users/nahue/.pico-sdk/sdk/2.1.1/src/rp2_common/pico_malloc/malloc.c.obj
                0x10002550                __wrap_malloc
 .text.__wrap_realloc
                0x10002574       0x24 CMakeFiles/firmware.dir/C_/Users/nahue/.pico-sdk/sdk/2.1.1/src/rp2_common/pico_malloc/malloc.c.obj
                0x10002574                __wrap_realloc
 .text.__wrap_free
                0x10002598        0x4 CMakeFiles/firmware.dir/C_/Users/nahue/.pico-sdk/sdk/2.1.1/src/rp2_common/pico_malloc/malloc.c.obj
                0x10002598                __wrap_free
 .text._out_buffer
                0x1000259c        0x8 CMakeFiles/firmware.dir/C_/Users/nahue/.pico-sdk/sdk/2.1.1/src/rp2_common/pico_printf/printf.c.obj
 .text._out_null
                0x100025a4        0x4 CMakeFiles/firmware.dir/C_/Users/nahue/.pico-sdk/sdk/2.1.1/src/rp2_common/pico_printf/printf.c.obj
 .text._out_rev
                0x100025a8       0x9c CMakeFiles/firmware.dir/C_/Users/nahue/.pico-sdk/sdk/2.1.1/src/rp2_common/pico_printf/printf.c.obj
 .text._ntoa_format
                0x10002644      0x1d4 CMakeFiles/firmware.dir/C_/Users/nahue/.pico-sdk/sdk/2.1.1/src/rp2_common/pico_printf/printf.c.obj
 .text._out_char
                0x10002818        0x8 CMakeFiles/firmware.dir/C_/Users/nahue/.pico-sdk/sdk/2.1.1/src/rp2_common/pico_printf/printf.c.obj
 .text._out_fct
                0x10002820        0xc CMakeFiles/firmware.dir/C_/Users/nahue/.pico-sdk/sdk/2.1.1/src/rp2_common/pico_printf/printf.c.obj
 *fill*         0x1000282c        0x4 
 .text._ftoa    0x10002830      0x4bc CMakeFiles/firmware.dir/C_/Users/nahue/.pico-sdk/sdk/2.1.1/src/rp2_common/pico_printf/printf.c.obj
 *fill*         0x10002cec        0x4 
 .text._etoa    0x10002cf0      0x574 CMakeFiles/firmware.dir/C_/Users/nahue/.pico-sdk/sdk/2.1.1/src/rp2_common/pico_printf/printf.c.obj
 .text._vsnprintf
                0x10003264      0x9e4 CMakeFiles/firmware.dir/C_/Users/nahue/.pico-sdk/sdk/2.1.1/src/rp2_common/pico_printf/printf.c.obj
 .text.__wrap_sprintf
                0x10003c48       0x2c CMakeFiles/firmware.dir/C_/Users/nahue/.pico-sdk/sdk/2.1.1/src/rp2_common/pico_printf/printf.c.obj
                0x10003c48                __wrap_sprintf
 .text.__wrap_snprintf
                0x10003c74       0x2c CMakeFiles/firmware.dir/C_/Users/nahue/.pico-sdk/sdk/2.1.1/src/rp2_common/pico_printf/printf.c.obj
                0x10003c74                __wrap_snprintf
 .text.__wrap_vsnprintf
                0x10003ca0       0x24 CMakeFiles/firmware.dir/C_/Users/nahue/.pico-sdk/sdk/2.1.1/src/rp2_common/pico_printf/printf.c.obj
                0x10003ca0                __wrap_vsnprintf
 .text.vfctprintf
                0x10003cc4       0x28 CMakeFiles/firmware.dir/C_/Users/nahue/.pico-sdk/sdk/2.1.1/src/rp2_common/pico_printf/printf.c.obj
                0x10003cc4                vfctprintf
 .text.weak_raw_vprintf
                0x10003cec       0x30 CMakeFiles/firmware.dir/C_/Users/nahue/.pico-sdk/sdk/2.1.1/src/rp2_common/pico_printf/printf.c.obj
                0x10003cec                weak_raw_vprintf
 .text._exit    0x10003d1c        0x4 CMakeFiles/firmware.dir/C_/Users/nahue/.pico-sdk/sdk/2.1.1/src/rp2_common/pico_clib_interface/newlib_interface.c.obj
                0x10003d1c                _exit
 .text._sbrk    0x10003d20       0x2c CMakeFiles/firmware.dir/C_/Users/nahue/.pico-sdk/sdk/2.1.1/src/rp2_common/pico_clib_interface/newlib_interface.c.obj
                0x10003d20                _sbrk
 .text.exit     0x10003d4c        0x8 CMakeFiles/firmware.dir/C_/Users/nahue/.pico-sdk/sdk/2.1.1/src/rp2_common/pico_clib_interface/newlib_interface.c.obj
                0x10003d4c                exit
 .text.runtime_init
                0x10003d54       0x24 CMakeFiles/firmware.dir/C_/Users/nahue/.pico-sdk/sdk/2.1.1/src/rp2_common/pico_clib_interface/newlib_interface.c.obj
                0x10003d54                runtime_init
 .text.stdio_out_chars_no_crlf
                0x10003d78        0x8 CMakeFiles/firmware.dir/C_/Users/nahue/.pico-sdk/sdk/2.1.1/src/rp2_common/pico_stdio/stdio.c.obj
 .text.stdio_out_chars_crlf
                0x10003d80       0xb0 CMakeFiles/firmware.dir/C_/Users/nahue/.pico-sdk/sdk/2.1.1/src/rp2_common/pico_stdio/stdio.c.obj
 .text.stdio_buffered_printer
                0x10003e30       0x60 CMakeFiles/firmware.dir/C_/Users/nahue/.pico-sdk/sdk/2.1.1/src/rp2_common/pico_stdio/stdio.c.obj
 .text.stdio_put_string
                0x10003e90       0xec CMakeFiles/firmware.dir/C_/Users/nahue/.pico-sdk/sdk/2.1.1/src/rp2_common/pico_stdio/stdio.c.obj
                0x10003e90                stdio_put_string
 .text.stdio_set_driver_enabled
                0x10003f7c       0x28 CMakeFiles/firmware.dir/C_/Users/nahue/.pico-sdk/sdk/2.1.1/src/rp2_common/pico_stdio/stdio.c.obj
                0x10003f7c                stdio_set_driver_enabled
 .text.stdio_init_all
                0x10003fa4        0x4 CMakeFiles/firmware.dir/C_/Users/nahue/.pico-sdk/sdk/2.1.1/src/rp2_common/pico_stdio/stdio.c.obj
                0x10003fa4                stdio_init_all
 .text.__wrap_putchar
                0x10003fa8       0x84 CMakeFiles/firmware.dir/C_/Users/nahue/.pico-sdk/sdk/2.1.1/src/rp2_common/pico_stdio/stdio.c.obj
                0x10003fa8                __wrap_putchar
                0x10003fa8                stdio_putchar
 .text.__wrap_puts
                0x1000402c       0x3c CMakeFiles/firmware.dir/C_/Users/nahue/.pico-sdk/sdk/2.1.1/src/rp2_common/pico_stdio/stdio.c.obj
                0x1000402c                stdio_puts
                0x1000402c                __wrap_puts
 .text.__wrap_vprintf
                0x10004068       0xc4 CMakeFiles/firmware.dir/C_/Users/nahue/.pico-sdk/sdk/2.1.1/src/rp2_common/pico_stdio/stdio.c.obj
                0x10004068                stdio_vprintf
                0x10004068                __wrap_vprintf
 .text.__wrap_printf
                0x1000412c       0x1c CMakeFiles/firmware.dir/C_/Users/nahue/.pico-sdk/sdk/2.1.1/src/rp2_common/pico_stdio/stdio.c.obj
                0x1000412c                __wrap_printf
                0x1000412c                stdio_printf
 .text.resetd_init
                0x10004148        0x4 CMakeFiles/firmware.dir/C_/Users/nahue/.pico-sdk/sdk/2.1.1/src/rp2_common/pico_stdio_usb/reset_interface.c.obj
 .text.resetd_reset
                0x1000414c        0xc CMakeFiles/firmware.dir/C_/Users/nahue/.pico-sdk/sdk/2.1.1/src/rp2_common/pico_stdio_usb/reset_interface.c.obj
 .text.resetd_open
                0x10004158       0x28 CMakeFiles/firmware.dir/C_/Users/nahue/.pico-sdk/sdk/2.1.1/src/rp2_common/pico_stdio_usb/reset_interface.c.obj
 .text.resetd_xfer_cb
                0x10004180        0x4 CMakeFiles/firmware.dir/C_/Users/nahue/.pico-sdk/sdk/2.1.1/src/rp2_common/pico_stdio_usb/reset_interface.c.obj
 .text.resetd_control_xfer_cb
                0x10004184       0x50 CMakeFiles/firmware.dir/C_/Users/nahue/.pico-sdk/sdk/2.1.1/src/rp2_common/pico_stdio_usb/reset_interface.c.obj
 .text.tud_descriptor_bos_cb
                0x100041d4        0x8 CMakeFiles/firmware.dir/C_/Users/nahue/.pico-sdk/sdk/2.1.1/src/rp2_common/pico_stdio_usb/reset_interface.c.obj
                0x100041d4                tud_descriptor_bos_cb
 .text.tud_vendor_control_xfer_cb
                0x100041dc       0x28 CMakeFiles/firmware.dir/C_/Users/nahue/.pico-sdk/sdk/2.1.1/src/rp2_common/pico_stdio_usb/reset_interface.c.obj
                0x100041dc                tud_vendor_control_xfer_cb
 .text.usbd_app_driver_get_cb
                0x10004204       0x10 CMakeFiles/firmware.dir/C_/Users/nahue/.pico-sdk/sdk/2.1.1/src/rp2_common/pico_stdio_usb/reset_interface.c.obj
                0x10004204                usbd_app_driver_get_cb
 .text.tud_cdc_line_coding_cb
                0x10004214       0x18 CMakeFiles/firmware.dir/C_/Users/nahue/.pico-sdk/sdk/2.1.1/src/rp2_common/pico_stdio_usb/reset_interface.c.obj
                0x10004214                tud_cdc_line_coding_cb
 .text.stdio_usb_set_chars_available_callback
                0x1000422c       0x14 CMakeFiles/firmware.dir/C_/Users/nahue/.pico-sdk/sdk/2.1.1/src/rp2_common/pico_stdio_usb/stdio_usb.c.obj
                0x1000422c                stdio_usb_set_chars_available_callback
 .text.timer_task
                0x10004240       0x70 CMakeFiles/firmware.dir/C_/Users/nahue/.pico-sdk/sdk/2.1.1/src/rp2_common/pico_stdio_usb/stdio_usb.c.obj
 .text.usb_irq  0x100042b0        0xc CMakeFiles/firmware.dir/C_/Users/nahue/.pico-sdk/sdk/2.1.1/src/rp2_common/pico_stdio_usb/stdio_usb.c.obj
 .text.stdio_usb_in_chars
                0x100042bc       0x88 CMakeFiles/firmware.dir/C_/Users/nahue/.pico-sdk/sdk/2.1.1/src/rp2_common/pico_stdio_usb/stdio_usb.c.obj
                0x100042bc                stdio_usb_in_chars
 .text.stdio_usb_out_flush
                0x10004344       0x54 CMakeFiles/firmware.dir/C_/Users/nahue/.pico-sdk/sdk/2.1.1/src/rp2_common/pico_stdio_usb/stdio_usb.c.obj
 .text.stdio_usb_out_chars
                0x10004398       0xf4 CMakeFiles/firmware.dir/C_/Users/nahue/.pico-sdk/sdk/2.1.1/src/rp2_common/pico_stdio_usb/stdio_usb.c.obj
 .text.low_priority_worker_irq
                0x1000448c       0xd8 CMakeFiles/firmware.dir/C_/Users/nahue/.pico-sdk/sdk/2.1.1/src/rp2_common/pico_stdio_usb/stdio_usb.c.obj
 .text.stdio_usb_init
                0x10004564       0xe8 CMakeFiles/firmware.dir/C_/Users/nahue/.pico-sdk/sdk/2.1.1/src/rp2_common/pico_stdio_usb/stdio_usb.c.obj
                0x10004564                stdio_usb_init
 .text.tud_descriptor_device_cb
                0x1000464c        0x8 CMakeFiles/firmware.dir/C_/Users/nahue/.pico-sdk/sdk/2.1.1/src/rp2_common/pico_stdio_usb/stdio_usb_descriptors.c.obj
                0x1000464c                tud_descriptor_device_cb
 .text.tud_descriptor_configuration_cb
                0x10004654        0x8 CMakeFiles/firmware.dir/C_/Users/nahue/.pico-sdk/sdk/2.1.1/src/rp2_common/pico_stdio_usb/stdio_usb_descriptors.c.obj
                0x10004654                tud_descriptor_configuration_cb
 .text.tud_descriptor_string_cb
                0x1000465c       0x70 CMakeFiles/firmware.dir/C_/Users/nahue/.pico-sdk/sdk/2.1.1/src/rp2_common/pico_stdio_usb/stdio_usb_descriptors.c.obj
                0x1000465c                tud_descriptor_string_cb
 .text.startup._retrieve_unique_id_on_boot
                0x100046cc       0x30 CMakeFiles/firmware.dir/C_/Users/nahue/.pico-sdk/sdk/2.1.1/src/rp2_common/pico_unique_id/unique_id.c.obj
 .text.pico_get_unique_board_id_string
                0x100046fc      0x184 CMakeFiles/firmware.dir/C_/Users/nahue/.pico-sdk/sdk/2.1.1/src/rp2_common/pico_unique_id/unique_id.c.obj
                0x100046fc                pico_get_unique_board_id_string
 .text.dcd_init
                0x10004880       0x8c CMakeFiles/firmware.dir/C_/Users/nahue/.pico-sdk/sdk/2.1.1/lib/tinyusb/src/portable/raspberrypi/rp2040/dcd_rp2040.c.obj
                0x10004880                dcd_init
 .text.dcd_int_enable
                0x1000490c        0x8 CMakeFiles/firmware.dir/C_/Users/nahue/.pico-sdk/sdk/2.1.1/lib/tinyusb/src/portable/raspberrypi/rp2040/dcd_rp2040.c.obj
                0x1000490c                dcd_int_enable
 .text.dcd_set_address
                0x10004914       0x10 CMakeFiles/firmware.dir/C_/Users/nahue/.pico-sdk/sdk/2.1.1/lib/tinyusb/src/portable/raspberrypi/rp2040/dcd_rp2040.c.obj
                0x10004914                dcd_set_address
 .text.dcd_sof_enable
                0x10004924       0x1c CMakeFiles/firmware.dir/C_/Users/nahue/.pico-sdk/sdk/2.1.1/lib/tinyusb/src/portable/raspberrypi/rp2040/dcd_rp2040.c.obj
                0x10004924                dcd_sof_enable
 .text.dcd_edpt0_status_complete
                0x10004940       0x1c CMakeFiles/firmware.dir/C_/Users/nahue/.pico-sdk/sdk/2.1.1/lib/tinyusb/src/portable/raspberrypi/rp2040/dcd_rp2040.c.obj
                0x10004940                dcd_edpt0_status_complete
 .text.dcd_edpt_open
                0x1000495c      0x104 CMakeFiles/firmware.dir/C_/Users/nahue/.pico-sdk/sdk/2.1.1/lib/tinyusb/src/portable/raspberrypi/rp2040/dcd_rp2040.c.obj
                0x1000495c                dcd_edpt_open
 .text.dcd_edpt_close_all
                0x10004a60        0x4 CMakeFiles/firmware.dir/C_/Users/nahue/.pico-sdk/sdk/2.1.1/lib/tinyusb/src/portable/raspberrypi/rp2040/dcd_rp2040.c.obj
                0x10004a60                dcd_edpt_close_all
 .text.dcd_edpt_xfer
                0x10004a64       0x28 CMakeFiles/firmware.dir/C_/Users/nahue/.pico-sdk/sdk/2.1.1/lib/tinyusb/src/portable/raspberrypi/rp2040/dcd_rp2040.c.obj
                0x10004a64                dcd_edpt_xfer
 .text.dcd_edpt_stall
                0x10004a8c       0x30 CMakeFiles/firmware.dir/C_/Users/nahue/.pico-sdk/sdk/2.1.1/lib/tinyusb/src/portable/raspberrypi/rp2040/dcd_rp2040.c.obj
                0x10004a8c                dcd_edpt_stall
 .text.dcd_edpt_clear_stall
                0x10004abc       0x24 CMakeFiles/firmware.dir/C_/Users/nahue/.pico-sdk/sdk/2.1.1/lib/tinyusb/src/portable/raspberrypi/rp2040/dcd_rp2040.c.obj
                0x10004abc                dcd_edpt_clear_stall
 .text.rp2040_usb_init
                0x10004ae0       0x40 CMakeFiles/firmware.dir/C_/Users/nahue/.pico-sdk/sdk/2.1.1/lib/tinyusb/src/portable/raspberrypi/rp2040/rp2040_usb.c.obj
                0x10004ae0                rp2040_usb_init
 .text.hw_endpoint_xfer_start
                0x10004b20       0x40 CMakeFiles/firmware.dir/C_/Users/nahue/.pico-sdk/sdk/2.1.1/lib/tinyusb/src/portable/raspberrypi/rp2040/rp2040_usb.c.obj
                0x10004b20                hw_endpoint_xfer_start
 .text.configuration_reset
                0x10004b60       0x8c CMakeFiles/firmware.dir/C_/Users/nahue/.pico-sdk/sdk/2.1.1/lib/tinyusb/src/device/usbd.c.obj
 .text.tud_event_hook_cb
                0x10004bec        0x4 CMakeFiles/firmware.dir/C_/Users/nahue/.pico-sdk/sdk/2.1.1/lib/tinyusb/src/device/usbd.c.obj
                0x10004bec                tud_event_hook_cb
 .text.tud_sof_cb
                0x10004bf0        0x4 CMakeFiles/firmware.dir/C_/Users/nahue/.pico-sdk/sdk/2.1.1/lib/tinyusb/src/device/usbd.c.obj
                0x10004bf0                tud_sof_cb
 .text.tud_descriptor_device_qualifier_cb
                0x10004bf4        0x4 CMakeFiles/firmware.dir/C_/Users/nahue/.pico-sdk/sdk/2.1.1/lib/tinyusb/src/device/usbd.c.obj
                0x10004bf4                tud_descriptor_device_qualifier_cb
 .text.tud_descriptor_other_speed_configuration_cb
                0x10004bf8        0x4 CMakeFiles/firmware.dir/C_/Users/nahue/.pico-sdk/sdk/2.1.1/lib/tinyusb/src/device/usbd.c.obj
                0x10004bf8                tud_descriptor_other_speed_configuration_cb
 .text.tud_mount_cb
                0x10004bfc        0x4 CMakeFiles/firmware.dir/C_/Users/nahue/.pico-sdk/sdk/2.1.1/lib/tinyusb/src/device/usbd.c.obj
                0x10004bfc                tud_mount_cb
 .text.tud_umount_cb
                0x10004c00        0x4 CMakeFiles/firmware.dir/C_/Users/nahue/.pico-sdk/sdk/2.1.1/lib/tinyusb/src/device/usbd.c.obj
                0x10004c00                tud_umount_cb
 .text.tud_suspend_cb
                0x10004c04        0x4 CMakeFiles/firmware.dir/C_/Users/nahue/.pico-sdk/sdk/2.1.1/lib/tinyusb/src/device/usbd.c.obj
                0x10004c04                tud_suspend_cb
 .text.tud_resume_cb
                0x10004c08        0x4 CMakeFiles/firmware.dir/C_/Users/nahue/.pico-sdk/sdk/2.1.1/lib/tinyusb/src/device/usbd.c.obj
                0x10004c08                tud_resume_cb
 .text.tud_mounted
                0x10004c0c       0x10 CMakeFiles/firmware.dir/C_/Users/nahue/.pico-sdk/sdk/2.1.1/lib/tinyusb/src/device/usbd.c.obj
                0x10004c0c                tud_mounted
 .text.tud_suspended
                0x10004c1c       0x10 CMakeFiles/firmware.dir/C_/Users/nahue/.pico-sdk/sdk/2.1.1/lib/tinyusb/src/device/usbd.c.obj
                0x10004c1c                tud_suspended
 .text.tud_rhport_init
                0x10004c2c       0xf4 CMakeFiles/firmware.dir/C_/Users/nahue/.pico-sdk/sdk/2.1.1/lib/tinyusb/src/device/usbd.c.obj
                0x10004c2c                tud_rhport_init
 .text.tud_task_ext
                0x10004d20      0x784 CMakeFiles/firmware.dir/C_/Users/nahue/.pico-sdk/sdk/2.1.1/lib/tinyusb/src/device/usbd.c.obj
                0x10004d20                tud_task_ext
 .text.usbd_open_edpt_pair
                0x100054a4       0x9c CMakeFiles/firmware.dir/C_/Users/nahue/.pico-sdk/sdk/2.1.1/lib/tinyusb/src/device/usbd.c.obj
                0x100054a4                usbd_open_edpt_pair
 .text.usbd_edpt_open
                0x10005540       0x44 CMakeFiles/firmware.dir/C_/Users/nahue/.pico-sdk/sdk/2.1.1/lib/tinyusb/src/device/usbd.c.obj
                0x10005540                usbd_edpt_open
 .text.usbd_edpt_claim
                0x10005584       0x24 CMakeFiles/firmware.dir/C_/Users/nahue/.pico-sdk/sdk/2.1.1/lib/tinyusb/src/device/usbd.c.obj
                0x10005584                usbd_edpt_claim
 .text.usbd_edpt_release
                0x100055a8       0x24 CMakeFiles/firmware.dir/C_/Users/nahue/.pico-sdk/sdk/2.1.1/lib/tinyusb/src/device/usbd.c.obj
                0x100055a8                usbd_edpt_release
 .text.usbd_edpt_xfer
                0x100055cc       0x70 CMakeFiles/firmware.dir/C_/Users/nahue/.pico-sdk/sdk/2.1.1/lib/tinyusb/src/device/usbd.c.obj
                0x100055cc                usbd_edpt_xfer
 .text.tud_control_status
                0x1000563c       0x34 CMakeFiles/firmware.dir/C_/Users/nahue/.pico-sdk/sdk/2.1.1/lib/tinyusb/src/device/usbd_control.c.obj
                0x1000563c                tud_control_status
 .text.tud_control_xfer
                0x10005670       0xb0 CMakeFiles/firmware.dir/C_/Users/nahue/.pico-sdk/sdk/2.1.1/lib/tinyusb/src/device/usbd_control.c.obj
                0x10005670                tud_control_xfer
 .text.usbd_control_reset
                0x10005720       0x14 CMakeFiles/firmware.dir/C_/Users/nahue/.pico-sdk/sdk/2.1.1/lib/tinyusb/src/device/usbd_control.c.obj
                0x10005720                usbd_control_reset
 .text.usbd_control_set_complete_callback
                0x10005734        0xc CMakeFiles/firmware.dir/C_/Users/nahue/.pico-sdk/sdk/2.1.1/lib/tinyusb/src/device/usbd_control.c.obj
                0x10005734                usbd_control_set_complete_callback
 .text.usbd_control_set_request
                0x10005740       0x1c CMakeFiles/firmware.dir/C_/Users/nahue/.pico-sdk/sdk/2.1.1/lib/tinyusb/src/device/usbd_control.c.obj
                0x10005740                usbd_control_set_request
 .text.usbd_control_xfer_cb
                0x1000575c      0x100 CMakeFiles/firmware.dir/C_/Users/nahue/.pico-sdk/sdk/2.1.1/lib/tinyusb/src/device/usbd_control.c.obj
                0x1000575c                usbd_control_xfer_cb
 .text._prep_out_transaction.isra.0
                0x1000585c       0x74 CMakeFiles/firmware.dir/C_/Users/nahue/.pico-sdk/sdk/2.1.1/lib/tinyusb/src/class/cdc/cdc_device.c.obj
 .text.tud_cdc_n_connected
                0x100058d0       0x2c CMakeFiles/firmware.dir/C_/Users/nahue/.pico-sdk/sdk/2.1.1/lib/tinyusb/src/class/cdc/cdc_device.c.obj
                0x100058d0                tud_cdc_n_connected
 .text.tud_cdc_n_available
                0x100058fc       0x14 CMakeFiles/firmware.dir/C_/Users/nahue/.pico-sdk/sdk/2.1.1/lib/tinyusb/src/class/cdc/cdc_device.c.obj
                0x100058fc                tud_cdc_n_available
 .text.tud_cdc_n_read
                0x10005910       0x90 CMakeFiles/firmware.dir/C_/Users/nahue/.pico-sdk/sdk/2.1.1/lib/tinyusb/src/class/cdc/cdc_device.c.obj
                0x10005910                tud_cdc_n_read
 .text.tud_cdc_n_write_flush
                0x100059a0       0x8c CMakeFiles/firmware.dir/C_/Users/nahue/.pico-sdk/sdk/2.1.1/lib/tinyusb/src/class/cdc/cdc_device.c.obj
                0x100059a0                tud_cdc_n_write_flush
 .text.tud_cdc_n_write
                0x10005a2c       0x40 CMakeFiles/firmware.dir/C_/Users/nahue/.pico-sdk/sdk/2.1.1/lib/tinyusb/src/class/cdc/cdc_device.c.obj
                0x10005a2c                tud_cdc_n_write
 .text.tud_cdc_n_write_available
                0x10005a6c       0x14 CMakeFiles/firmware.dir/C_/Users/nahue/.pico-sdk/sdk/2.1.1/lib/tinyusb/src/class/cdc/cdc_device.c.obj
                0x10005a6c                tud_cdc_n_write_available
 .text.cdcd_init
                0x10005a80       0x70 CMakeFiles/firmware.dir/C_/Users/nahue/.pico-sdk/sdk/2.1.1/lib/tinyusb/src/class/cdc/cdc_device.c.obj
                0x10005a80                cdcd_init
 .text.cdcd_deinit
                0x10005af0       0x30 CMakeFiles/firmware.dir/C_/Users/nahue/.pico-sdk/sdk/2.1.1/lib/tinyusb/src/class/cdc/cdc_device.c.obj
                0x10005af0                cdcd_deinit
 .text.cdcd_reset
                0x10005b20       0x4c CMakeFiles/firmware.dir/C_/Users/nahue/.pico-sdk/sdk/2.1.1/lib/tinyusb/src/class/cdc/cdc_device.c.obj
                0x10005b20                cdcd_reset
 .text.cdcd_open
                0x10005b6c       0xc0 CMakeFiles/firmware.dir/C_/Users/nahue/.pico-sdk/sdk/2.1.1/lib/tinyusb/src/class/cdc/cdc_device.c.obj
                0x10005b6c                cdcd_open
 .text.cdcd_control_xfer_cb
                0x10005c2c       0xc0 CMakeFiles/firmware.dir/C_/Users/nahue/.pico-sdk/sdk/2.1.1/lib/tinyusb/src/class/cdc/cdc_device.c.obj
                0x10005c2c                cdcd_control_xfer_cb
 .text.cdcd_xfer_cb
                0x10005cec       0xf8 CMakeFiles/firmware.dir/C_/Users/nahue/.pico-sdk/sdk/2.1.1/lib/tinyusb/src/class/cdc/cdc_device.c.obj
                0x10005cec                cdcd_xfer_cb
 .text.vendord_init
                0x10005de4       0x5c CMakeFiles/firmware.dir/C_/Users/nahue/.pico-sdk/sdk/2.1.1/lib/tinyusb/src/class/vendor/vendor_device.c.obj
                0x10005de4                vendord_init
 .text.vendord_deinit
                0x10005e40       0x1c CMakeFiles/firmware.dir/C_/Users/nahue/.pico-sdk/sdk/2.1.1/lib/tinyusb/src/class/vendor/vendor_device.c.obj
                0x10005e40                vendord_deinit
 .text.vendord_reset
                0x10005e5c       0x24 CMakeFiles/firmware.dir/C_/Users/nahue/.pico-sdk/sdk/2.1.1/lib/tinyusb/src/class/vendor/vendor_device.c.obj
                0x10005e5c                vendord_reset
 .text.vendord_open
                0x10005e80       0xf4 CMakeFiles/firmware.dir/C_/Users/nahue/.pico-sdk/sdk/2.1.1/lib/tinyusb/src/class/vendor/vendor_device.c.obj
                0x10005e80                vendord_open
 .text.vendord_xfer_cb
                0x10005f74       0x88 CMakeFiles/firmware.dir/C_/Users/nahue/.pico-sdk/sdk/2.1.1/lib/tinyusb/src/class/vendor/vendor_device.c.obj
                0x10005f74                vendord_xfer_cb
 .text.tusb_rhport_init
                0x10005ffc       0x64 CMakeFiles/firmware.dir/C_/Users/nahue/.pico-sdk/sdk/2.1.1/lib/tinyusb/src/tusb.c.obj
                0x10005ffc                tusb_rhport_init
 .text.tu_edpt_claim
                0x10006060       0x54 CMakeFiles/firmware.dir/C_/Users/nahue/.pico-sdk/sdk/2.1.1/lib/tinyusb/src/tusb.c.obj
                0x10006060                tu_edpt_claim
 .text.tu_edpt_release
                0x100060b4       0x38 CMakeFiles/firmware.dir/C_/Users/nahue/.pico-sdk/sdk/2.1.1/lib/tinyusb/src/tusb.c.obj
                0x100060b4                tu_edpt_release
 .text.tu_edpt_validate
                0x100060ec       0x60 CMakeFiles/firmware.dir/C_/Users/nahue/.pico-sdk/sdk/2.1.1/lib/tinyusb/src/tusb.c.obj
                0x100060ec                tu_edpt_validate
 .text.tu_edpt_bind_driver
                0x1000614c       0x58 CMakeFiles/firmware.dir/C_/Users/nahue/.pico-sdk/sdk/2.1.1/lib/tinyusb/src/tusb.c.obj
                0x1000614c                tu_edpt_bind_driver
 .text.tu_edpt_stream_init
                0x100061a4       0x58 CMakeFiles/firmware.dir/C_/Users/nahue/.pico-sdk/sdk/2.1.1/lib/tinyusb/src/tusb.c.obj
                0x100061a4                tu_edpt_stream_init
 .text.tu_edpt_stream_deinit
                0x100061fc        0x4 CMakeFiles/firmware.dir/C_/Users/nahue/.pico-sdk/sdk/2.1.1/lib/tinyusb/src/tusb.c.obj
                0x100061fc                tu_edpt_stream_deinit
 .text.tu_edpt_stream_write_zlp_if_needed
                0x10006200       0x68 CMakeFiles/firmware.dir/C_/Users/nahue/.pico-sdk/sdk/2.1.1/lib/tinyusb/src/tusb.c.obj
                0x10006200                tu_edpt_stream_write_zlp_if_needed
 .text.tu_edpt_stream_write_xfer
                0x10006268       0x70 CMakeFiles/firmware.dir/C_/Users/nahue/.pico-sdk/sdk/2.1.1/lib/tinyusb/src/tusb.c.obj
                0x10006268                tu_edpt_stream_write_xfer
 .text.tu_edpt_stream_read_xfer
                0x100062d8       0xc8 CMakeFiles/firmware.dir/C_/Users/nahue/.pico-sdk/sdk/2.1.1/lib/tinyusb/src/tusb.c.obj
                0x100062d8                tu_edpt_stream_read_xfer
 .text.tu_fifo_config
                0x100063a0       0x60 CMakeFiles/firmware.dir/C_/Users/nahue/.pico-sdk/sdk/2.1.1/lib/tinyusb/src/common/tusb_fifo.c.obj
                0x100063a0                tu_fifo_config
 .text.tu_fifo_count
                0x10006400       0x20 CMakeFiles/firmware.dir/C_/Users/nahue/.pico-sdk/sdk/2.1.1/lib/tinyusb/src/common/tusb_fifo.c.obj
                0x10006400                tu_fifo_count
 .text.tu_fifo_empty
                0x10006420       0x14 CMakeFiles/firmware.dir/C_/Users/nahue/.pico-sdk/sdk/2.1.1/lib/tinyusb/src/common/tusb_fifo.c.obj
                0x10006420                tu_fifo_empty
 .text.tu_fifo_remaining
                0x10006434       0x24 CMakeFiles/firmware.dir/C_/Users/nahue/.pico-sdk/sdk/2.1.1/lib/tinyusb/src/common/tusb_fifo.c.obj
                0x10006434                tu_fifo_remaining
 .text.tu_fifo_read
                0x10006458       0x94 CMakeFiles/firmware.dir/C_/Users/nahue/.pico-sdk/sdk/2.1.1/lib/tinyusb/src/common/tusb_fifo.c.obj
                0x10006458                tu_fifo_read
 .text.tu_fifo_read_n
                0x100064ec       0xd8 CMakeFiles/firmware.dir/C_/Users/nahue/.pico-sdk/sdk/2.1.1/lib/tinyusb/src/common/tusb_fifo.c.obj
                0x100064ec                tu_fifo_read_n
 .text.tu_fifo_write
                0x100065c4       0xa4 CMakeFiles/firmware.dir/C_/Users/nahue/.pico-sdk/sdk/2.1.1/lib/tinyusb/src/common/tusb_fifo.c.obj
                0x100065c4                tu_fifo_write
 .text.tu_fifo_write_n
                0x10006668      0x15c CMakeFiles/firmware.dir/C_/Users/nahue/.pico-sdk/sdk/2.1.1/lib/tinyusb/src/common/tusb_fifo.c.obj
                0x10006668                tu_fifo_write_n
 .text.tu_fifo_clear
                0x100067c4       0x38 CMakeFiles/firmware.dir/C_/Users/nahue/.pico-sdk/sdk/2.1.1/lib/tinyusb/src/common/tusb_fifo.c.obj
                0x100067c4                tu_fifo_clear
 .text.tu_fifo_set_overwritable
                0x100067fc       0x3c CMakeFiles/firmware.dir/C_/Users/nahue/.pico-sdk/sdk/2.1.1/lib/tinyusb/src/common/tusb_fifo.c.obj
                0x100067fc                tu_fifo_set_overwritable
 .text.exception_set_exclusive_handler
                0x10006838       0x4c CMakeFiles/firmware.dir/C_/Users/nahue/.pico-sdk/sdk/2.1.1/src/rp2_common/hardware_exception/exception.c.obj
                0x10006838                exception_set_exclusive_handler
 .text.i2c_read_blocking_internal.constprop.0
                0x10006884       0x70 CMakeFiles/firmware.dir/C_/Users/nahue/.pico-sdk/sdk/2.1.1/src/rp2_common/hardware_i2c/i2c.c.obj
 .text.i2c_write_blocking_internal.constprop.0
                0x100068f4       0x9c CMakeFiles/firmware.dir/C_/Users/nahue/.pico-sdk/sdk/2.1.1/src/rp2_common/hardware_i2c/i2c.c.obj
 .text.i2c_set_baudrate
                0x10006990       0xa4 CMakeFiles/firmware.dir/C_/Users/nahue/.pico-sdk/sdk/2.1.1/src/rp2_common/hardware_i2c/i2c.c.obj
                0x10006990                i2c_set_baudrate
 .text.i2c_init
                0x10006a34       0x4c CMakeFiles/firmware.dir/C_/Users/nahue/.pico-sdk/sdk/2.1.1/src/rp2_common/hardware_i2c/i2c.c.obj
                0x10006a34                i2c_init
 .text.i2c_write_blocking
                0x10006a80       0x10 CMakeFiles/firmware.dir/C_/Users/nahue/.pico-sdk/sdk/2.1.1/src/rp2_common/hardware_i2c/i2c.c.obj
                0x10006a80                i2c_write_blocking
 .text.i2c_read_blocking
                0x10006a90       0x10 CMakeFiles/firmware.dir/C_/Users/nahue/.pico-sdk/sdk/2.1.1/src/rp2_common/hardware_i2c/i2c.c.obj
                0x10006a90                i2c_read_blocking
 .text.adc_init
                0x10006aa0       0x30 CMakeFiles/firmware.dir/C_/Users/nahue/.pico-sdk/sdk/2.1.1/src/rp2_common/hardware_adc/adc.c.obj
                0x10006aa0                adc_init
 .text.pio_claim_unused_sm
                0x10006ad0       0x38 CMakeFiles/firmware.dir/C_/Users/nahue/.pico-sdk/sdk/2.1.1/src/rp2_common/hardware_pio/pio.c.obj
                0x10006ad0                pio_claim_unused_sm
 .text.pio_add_program
                0x10006b08       0xf4 CMakeFiles/firmware.dir/C_/Users/nahue/.pico-sdk/sdk/2.1.1/src/rp2_common/hardware_pio/pio.c.obj
                0x10006b08                pio_add_program
 .text.pio_clear_instruction_memory
                0x10006bfc       0x34 CMakeFiles/firmware.dir/C_/Users/nahue/.pico-sdk/sdk/2.1.1/src/rp2_common/hardware_pio/pio.c.obj
                0x10006bfc                pio_clear_instruction_memory
 .text.pio_sm_set_consecutive_pindirs
                0x10006c30       0x8c CMakeFiles/firmware.dir/C_/Users/nahue/.pico-sdk/sdk/2.1.1/src/rp2_common/hardware_pio/pio.c.obj
                0x10006c30                pio_sm_set_consecutive_pindirs
 .text.pio_sm_init
                0x10006cbc       0xa8 CMakeFiles/firmware.dir/C_/Users/nahue/.pico-sdk/sdk/2.1.1/src/rp2_common/hardware_pio/pio.c.obj
                0x10006cbc                pio_sm_init
 .text.dma_channel_claim
                0x10006d64       0x14 CMakeFiles/firmware.dir/C_/Users/nahue/.pico-sdk/sdk/2.1.1/src/rp2_common/hardware_dma/dma.c.obj
                0x10006d64                dma_channel_claim
 .text.dma_claim_unused_channel
                0x10006d78       0x20 CMakeFiles/firmware.dir/C_/Users/nahue/.pico-sdk/sdk/2.1.1/src/rp2_common/hardware_dma/dma.c.obj
                0x10006d78                dma_claim_unused_channel
 .text.spi_init
                0x10006d98       0xf4 CMakeFiles/firmware.dir/C_/Users/nahue/.pico-sdk/sdk/2.1.1/src/rp2_common/hardware_spi/spi.c.obj
                0x10006d98                spi_init
 .text.spi_set_baudrate
                0x10006e8c       0x98 CMakeFiles/firmware.dir/C_/Users/nahue/.pico-sdk/sdk/2.1.1/src/rp2_common/hardware_spi/spi.c.obj
                0x10006e8c                spi_set_baudrate
 .text.spi_get_baudrate
                0x10006f24       0x1c CMakeFiles/firmware.dir/C_/Users/nahue/.pico-sdk/sdk/2.1.1/src/rp2_common/hardware_spi/spi.c.obj
                0x10006f24                spi_get_baudrate
 .text.startup.SystemInit
                0x10006f40       0x14 CMakeFiles/firmware.dir/C_/Users/nahue/.pico-sdk/sdk/2.1.1/src/rp2_common/cmsis/stub/CMSIS/Device/RP2350/Source/system_RP2350.c.obj
                0x10006f40                SystemInit
 .text.aon_timer_get_time
                0x10006f54       0x14 CMakeFiles/firmware.dir/C_/Users/nahue/.pico-sdk/sdk/2.1.1/src/rp2_common/pico_aon_timer/aon_timer.c.obj
                0x10006f54                aon_timer_get_time
 .text.aon_timer_is_running
                0x10006f68       0x10 CMakeFiles/firmware.dir/C_/Users/nahue/.pico-sdk/sdk/2.1.1/src/rp2_common/pico_aon_timer/aon_timer.c.obj
                0x10006f68                aon_timer_is_running
 .text.powman_timer_get_ms
                0x10006f78       0x14 CMakeFiles/firmware.dir/C_/Users/nahue/.pico-sdk/sdk/2.1.1/src/rp2_common/hardware_powman/powman.c.obj
                0x10006f78                powman_timer_get_ms
 .text.prvCopyDataToQueue
                0x10006f8c       0x78 freertos/libfreertos.a(queue.c.obj)
 .text.xQueueGenericCreate
                0x10007004       0x78 freertos/libfreertos.a(queue.c.obj)
                0x10007004                xQueueGenericCreate
 .text.xQueueGenericSend
                0x1000707c      0x280 freertos/libfreertos.a(queue.c.obj)
                0x1000707c                xQueueGenericSend
 .text.xQueueCreateMutex
                0x100072fc       0x68 freertos/libfreertos.a(queue.c.obj)
                0x100072fc                xQueueCreateMutex
 .text.xQueueReceive
                0x10007364      0x288 freertos/libfreertos.a(queue.c.obj)
                0x10007364                xQueueReceive
 .text.xQueueSemaphoreTake
                0x100075ec      0x2c0 freertos/libfreertos.a(queue.c.obj)
                0x100075ec                xQueueSemaphoreTake
 .text.xQueuePeek
                0x100078ac      0x284 freertos/libfreertos.a(queue.c.obj)
                0x100078ac                xQueuePeek
 .text.vQueueAddToRegistry
                0x10007b30      0x180 freertos/libfreertos.a(queue.c.obj)
                0x10007b30                vQueueAddToRegistry
 .text.vQueueWaitForMessageRestricted
                0x10007cb0       0xc8 freertos/libfreertos.a(queue.c.obj)
                0x10007cb0                vQueueWaitForMessageRestricted
 .text.prvAddNewTaskToReadyList
                0x10007d78      0x118 freertos/libfreertos.a(tasks.c.obj)
 .text.prvIdleTask
                0x10007e90       0x5c freertos/libfreertos.a(tasks.c.obj)
 .text.xTaskIncrementTick.part.0
                0x10007eec      0x15c freertos/libfreertos.a(tasks.c.obj)
 .text.xTaskCreate
                0x10008048      0x104 freertos/libfreertos.a(tasks.c.obj)
                0x10008048                xTaskCreate
 .text.vTaskDelete
                0x1000814c       0xbc freertos/libfreertos.a(tasks.c.obj)
                0x1000814c                vTaskDelete
 .text.vTaskSuspend
                0x10008208      0x15c freertos/libfreertos.a(tasks.c.obj)
                0x10008208                vTaskSuspend
 .text.vTaskResume
                0x10008364       0xa4 freertos/libfreertos.a(tasks.c.obj)
                0x10008364                vTaskResume
 .text.vTaskStartScheduler
                0x10008408       0xc0 freertos/libfreertos.a(tasks.c.obj)
                0x10008408                vTaskStartScheduler
 .text.vTaskSuspendAll
                0x100084c8       0x10 freertos/libfreertos.a(tasks.c.obj)
                0x100084c8                vTaskSuspendAll
 .text.xTaskResumeAll
                0x100084d8      0x180 freertos/libfreertos.a(tasks.c.obj)
                0x100084d8                xTaskResumeAll
 .text.vTaskDelay
                0x10008658       0x84 freertos/libfreertos.a(tasks.c.obj)
                0x10008658                vTaskDelay
 .text.xTaskGetTickCount
                0x100086dc        0xc freertos/libfreertos.a(tasks.c.obj)
                0x100086dc                xTaskGetTickCount
 .text.xTaskIncrementTick
                0x100086e8       0x20 freertos/libfreertos.a(tasks.c.obj)
                0x100086e8                xTaskIncrementTick
 .text.vTaskSwitchContext
                0x10008708       0xa4 freertos/libfreertos.a(tasks.c.obj)
                0x10008708                vTaskSwitchContext
 .text.vTaskPlaceOnEventList
                0x100087ac       0x98 freertos/libfreertos.a(tasks.c.obj)
                0x100087ac                vTaskPlaceOnEventList
 .text.vTaskPlaceOnEventListRestricted
                0x10008844       0xcc freertos/libfreertos.a(tasks.c.obj)
                0x10008844                vTaskPlaceOnEventListRestricted
 .text.xTaskRemoveFromEventList
                0x10008910       0xd0 freertos/libfreertos.a(tasks.c.obj)
                0x10008910                xTaskRemoveFromEventList
 .text.vTaskInternalSetTimeOutState
                0x100089e0       0x18 freertos/libfreertos.a(tasks.c.obj)
                0x100089e0                vTaskInternalSetTimeOutState
 .text.xTaskCheckForTimeOut
                0x100089f8       0x60 freertos/libfreertos.a(tasks.c.obj)
                0x100089f8                xTaskCheckForTimeOut
 .text.vTaskMissedYield
                0x10008a58        0xc freertos/libfreertos.a(tasks.c.obj)
                0x10008a58                vTaskMissedYield
 .text.xTaskPriorityInherit
                0x10008a64       0x90 freertos/libfreertos.a(tasks.c.obj)
                0x10008a64                xTaskPriorityInherit
 .text.xTaskPriorityDisinherit
                0x10008af4       0x6c freertos/libfreertos.a(tasks.c.obj)
                0x10008af4                xTaskPriorityDisinherit
 .text.vTaskPriorityDisinheritAfterTimeout
                0x10008b60       0x78 freertos/libfreertos.a(tasks.c.obj)
                0x10008b60                vTaskPriorityDisinheritAfterTimeout
 .text.pvTaskIncrementMutexHeldCount
                0x10008bd8       0x14 freertos/libfreertos.a(tasks.c.obj)
                0x10008bd8                pvTaskIncrementMutexHeldCount
 .text.prvTimerTask
                0x10008bec      0x350 freertos/libfreertos.a(timers.c.obj)
 .text.xTimerCreateTimerTask
                0x10008f3c       0x84 freertos/libfreertos.a(timers.c.obj)
                0x10008f3c                xTimerCreateTimerTask
 .text.pvPortMalloc
                0x10008fc0       0x18 freertos/libfreertos.a(heap_3.c.obj)
                0x10008fc0                pvPortMalloc
 .text.vPortFree
                0x10008fd8       0x1c freertos/libfreertos.a(heap_3.c.obj)
                0x10008fd8                vPortFree
 .text.prvTaskExitError
                0x10008ff4       0x18 freertos/libfreertos.a(port.c.obj)
 .text.isr_systick
                0x1000900c       0x24 freertos/libfreertos.a(port.c.obj)
                0x1000900c                isr_systick
 .text.vPortSetupTimerInterrupt
                0x10009030       0x2c freertos/libfreertos.a(port.c.obj)
                0x10009030                vPortSetupTimerInterrupt
 .text.vPortYield
                0x1000905c       0x18 freertos/libfreertos.a(port.c.obj)
                0x1000905c                vPortYield
 .text.vPortEnterCritical
                0x10009074       0x1c freertos/libfreertos.a(port.c.obj)
                0x10009074                vPortEnterCritical
 .text.vPortExitCritical
                0x10009090       0x18 freertos/libfreertos.a(port.c.obj)
                0x10009090                vPortExitCritical
 .text.vPortSVCHandler_C
                0x100090a8       0x2c freertos/libfreertos.a(port.c.obj)
                0x100090a8                vPortSVCHandler_C
 .text.pxPortInitialiseStack
                0x100090d4       0x78 freertos/libfreertos.a(port.c.obj)
                0x100090d4                pxPortInitialiseStack
 .text.xPortStartScheduler
                0x1000914c       0xdc freertos/libfreertos.a(port.c.obj)
                0x1000914c                xPortStartScheduler
 .text.startup.prvRuntimeInitializer
                0x10009228       0x24 freertos/libfreertos.a(port.c.obj)
 .text.vRestoreContextOfFirstTask
                0x1000924c       0x2c freertos/libfreertos.a(portasm.c.obj)
                0x1000924c                vRestoreContextOfFirstTask
 .text.vStartFirstTask
                0x10009278       0x10 freertos/libfreertos.a(portasm.c.obj)
                0x10009278                vStartFirstTask
 .text.ulSetInterruptMask
                0x10009288       0x18 freertos/libfreertos.a(portasm.c.obj)
                0x10009288                ulSetInterruptMask
 .text.vClearInterruptMask
                0x100092a0       0x10 freertos/libfreertos.a(portasm.c.obj)
                0x100092a0                vClearInterruptMask
 .text.isr_pendsv
                0x100092b0       0x80 freertos/libfreertos.a(portasm.c.obj)
                0x100092b0                isr_pendsv
 .text.isr_svcall
                0x10009330       0x18 freertos/libfreertos.a(portasm.c.obj)
                0x10009330                isr_svcall
 .text.xEventGroupCreate
                0x10009348       0x1c freertos/libfreertos.a(event_groups.c.obj)
                0x10009348                xEventGroupCreate
 .text.vListInitialise
                0x10009364       0x18 freertos/libfreertos.a(list.c.obj)
                0x10009364                vListInitialise
 .text.vListInitialiseItem
                0x1000937c        0x8 freertos/libfreertos.a(list.c.obj)
                0x1000937c                vListInitialiseItem
 .text.vListInsertEnd
                0x10009384       0x1c freertos/libfreertos.a(list.c.obj)
                0x10009384                vListInsertEnd
 .text.vListInsert
                0x100093a0       0x30 freertos/libfreertos.a(list.c.obj)
                0x100093a0                vListInsert
 .text.uxListRemove
                0x100093d0       0x28 freertos/libfreertos.a(list.c.obj)
                0x100093d0                uxListRemove
 .text.pwm_init_config
                0x100093f8       0x84 pwm_lib/libpwm_lib.a(pwm_lib.c.obj)
                0x100093f8                pwm_init_config
 .text.pwm_set_level
                0x1000947c       0x44 pwm_lib/libpwm_lib.a(pwm_lib.c.obj)
                0x1000947c                pwm_set_level
 .text.lcd_send_byte
                0x100094c0      0x100 lcd/liblcd.a(lcd.c.obj)
 .text.lcd_clear
                0x100095c0        0x8 lcd/liblcd.a(lcd.c.obj)
                0x100095c0                lcd_clear
 .text.lcd_set_cursor
                0x100095c8       0x30 lcd/liblcd.a(lcd.c.obj)
                0x100095c8                lcd_set_cursor
 .text.lcd_string
                0x100095f8       0x18 lcd/liblcd.a(lcd.c.obj)
                0x100095f8                lcd_string
 .text.lcd_init
                0x10009610       0x5c lcd/liblcd.a(lcd.c.obj)
                0x10009610                lcd_init
 .text.hc_sr04_init
                0x1000966c       0x30 HC_SR04/libHC_SR04.a(HC_SR04.c.obj)
                0x1000966c                hc_sr04_init
 *fill*         0x1000969c        0x4 
 .text.hc_sr04_get_distance_cm
                0x100096a0       0xe0 HC_SR04/libHC_SR04.a(HC_SR04.c.obj)
                0x100096a0                hc_sr04_get_distance_cm
 .text.ds3231_get_time
                0x10009780       0xdc ds3231/libds3231.a(ds3231.c.obj)
                0x10009780                ds3231_get_time
 .text.PIDController_Init
                0x1000985c       0x10 pid_controller/libpid_controller.a(pid_controller.c.obj)
                0x1000985c                PIDController_Init
 .text.PIDController_Update
                0x1000986c       0xf8 pid_controller/libpid_controller.a(pid_controller.c.obj)
                0x1000986c                PIDController_Update
 .text.tchar2uni
                0x10009964      0x100 pico_sd_fatfs/libpico_sd_fatfs.a(ff.c.obj)
 .text.inc_share
                0x10009a64      0x35c pico_sd_fatfs/libpico_sd_fatfs.a(ff.c.obj)
 .text.dir_clear
                0x10009dc0      0x158 pico_sd_fatfs/libpico_sd_fatfs.a(ff.c.obj)
 .text.init_alloc_info.isra.0
                0x10009f18       0x24 pico_sd_fatfs/libpico_sd_fatfs.a(ff.c.obj)
 .text.move_window
                0x10009f3c       0x98 pico_sd_fatfs/libpico_sd_fatfs.a(ff.c.obj)
 .text.find_bitmap
                0x10009fd4       0xbc pico_sd_fatfs/libpico_sd_fatfs.a(ff.c.obj)
 .text.put_fat.part.0
                0x1000a090      0x12c pico_sd_fatfs/libpico_sd_fatfs.a(ff.c.obj)
 .text.get_fat  0x1000a1bc      0x144 pico_sd_fatfs/libpico_sd_fatfs.a(ff.c.obj)
 .text.dir_next.constprop.0
                0x1000a300       0xa0 pico_sd_fatfs/libpico_sd_fatfs.a(ff.c.obj)
 .text.sync_fs  0x1000a3a0       0xd0 pico_sd_fatfs/libpico_sd_fatfs.a(ff.c.obj)
 .text.check_fs
                0x1000a470      0x134 pico_sd_fatfs/libpico_sd_fatfs.a(ff.c.obj)
 .text.mount_volume
                0x1000a5a4      0x6c4 pico_sd_fatfs/libpico_sd_fatfs.a(ff.c.obj)
 .text.load_xdir
                0x1000ac68      0x1f4 pico_sd_fatfs/libpico_sd_fatfs.a(ff.c.obj)
 .text.dir_read.constprop.0
                0x1000ae5c      0x44c pico_sd_fatfs/libpico_sd_fatfs.a(ff.c.obj)
 .text.dir_sdi  0x1000b2a8      0x238 pico_sd_fatfs/libpico_sd_fatfs.a(ff.c.obj)
 .text.store_xdir
                0x1000b4e0      0x1ec pico_sd_fatfs/libpico_sd_fatfs.a(ff.c.obj)
 .text.dir_find
                0x1000b6cc      0x3f8 pico_sd_fatfs/libpico_sd_fatfs.a(ff.c.obj)
 .text.follow_path
                0x1000bac4      0x550 pico_sd_fatfs/libpico_sd_fatfs.a(ff.c.obj)
 .text.create_chain
                0x1000c014      0x39c pico_sd_fatfs/libpico_sd_fatfs.a(ff.c.obj)
 .text.dir_alloc
                0x1000c3b0      0x1d0 pico_sd_fatfs/libpico_sd_fatfs.a(ff.c.obj)
 .text.dir_register
                0x1000c580      0x928 pico_sd_fatfs/libpico_sd_fatfs.a(ff.c.obj)
 .text.remove_chain
                0x1000cea8      0x30c pico_sd_fatfs/libpico_sd_fatfs.a(ff.c.obj)
 .text.f_mount  0x1000d1b4      0x150 pico_sd_fatfs/libpico_sd_fatfs.a(ff.c.obj)
                0x1000d1b4                f_mount
 *fill*         0x1000d304        0x4 
 .text.f_open   0x1000d308      0x744 pico_sd_fatfs/libpico_sd_fatfs.a(ff.c.obj)
                0x1000d308                f_open
 .text.f_write  0x1000da4c      0x294 pico_sd_fatfs/libpico_sd_fatfs.a(ff.c.obj)
                0x1000da4c                f_write
 .text.putc_bfd
                0x1000dce0      0x14c pico_sd_fatfs/libpico_sd_fatfs.a(ff.c.obj)
 .text.putc_bfd.constprop.0
                0x1000de2c       0x4c pico_sd_fatfs/libpico_sd_fatfs.a(ff.c.obj)
 .text.f_sync   0x1000de78      0x23c pico_sd_fatfs/libpico_sd_fatfs.a(ff.c.obj)
                0x1000de78                f_sync
 .text.f_close  0x1000e0b4       0x68 pico_sd_fatfs/libpico_sd_fatfs.a(ff.c.obj)
                0x1000e0b4                f_close
 *fill*         0x1000e11c        0x4 
 .text.f_printf
                0x1000e120      0xd8c pico_sd_fatfs/libpico_sd_fatfs.a(ff.c.obj)
                0x1000e120                f_printf
 .text.ff_uni2oem
                0x1000eeac       0x38 pico_sd_fatfs/libpico_sd_fatfs.a(ffunicode.c.obj)
                0x1000eeac                ff_uni2oem
 .text.ff_wtoupper
                0x1000eee4       0xa4 pico_sd_fatfs/libpico_sd_fatfs.a(ffunicode.c.obj)
                0x1000eee4                ff_wtoupper
 .text.ff_memalloc
                0x1000ef88        0x4 pico_sd_fatfs/libpico_sd_fatfs.a(ffsystem.c.obj)
                0x1000ef88                ff_memalloc
 .text.ff_memfree
                0x1000ef8c        0x4 pico_sd_fatfs/libpico_sd_fatfs.a(ffsystem.c.obj)
                0x1000ef8c                ff_memfree
 .text.get_fattime
                0x1000ef90       0x58 pico_sd_fatfs/libpico_sd_fatfs.a(my_rtc.c.obj)
                0x1000ef90                get_fattime
 .text.crc16ibm_3740_word.constprop.0
                0x1000efe8      0x19c pico_sd_fatfs/libpico_sd_fatfs.a(crc.c.obj)
 .text.crc16    0x1000f184        0x4 pico_sd_fatfs/libpico_sd_fatfs.a(crc.c.obj)
                0x1000f184                crc16
 .text.FRESULT_str
                0x1000f188       0x18 pico_sd_fatfs/libpico_sd_fatfs.a(f_util.c.obj)
                0x1000f188                FRESULT_str
 .text.disk_status
                0x1000f1a0       0x18 pico_sd_fatfs/libpico_sd_fatfs.a(glue.c.obj)
                0x1000f1a0                disk_status
 .text.disk_initialize
                0x1000f1b8       0x3c pico_sd_fatfs/libpico_sd_fatfs.a(glue.c.obj)
                0x1000f1b8                disk_initialize
 .text.disk_read
                0x1000f1f4       0x68 pico_sd_fatfs/libpico_sd_fatfs.a(glue.c.obj)
                0x1000f1f4                disk_read
 .text.disk_write
                0x1000f25c       0x68 pico_sd_fatfs/libpico_sd_fatfs.a(glue.c.obj)
                0x1000f25c                disk_write
 .text.disk_ioctl
                0x1000f2c4       0x40 pico_sd_fatfs/libpico_sd_fatfs.a(glue.c.obj)
                0x1000f2c4                disk_ioctl
 .text.sd_lock  0x1000f304        0x8 pico_sd_fatfs/libpico_sd_fatfs.a(sd_card.c.obj)
                0x1000f304                sd_lock
 .text.sd_unlock
                0x1000f30c        0x8 pico_sd_fatfs/libpico_sd_fatfs.a(sd_card.c.obj)
                0x1000f30c                sd_unlock
 .text.sd_card_detect
                0x1000f314       0x50 pico_sd_fatfs/libpico_sd_fatfs.a(sd_card.c.obj)
                0x1000f314                sd_card_detect
 .text.sd_get_drive_prefix
                0x1000f364       0x10 pico_sd_fatfs/libpico_sd_fatfs.a(sd_card.c.obj)
                0x1000f364                sd_get_drive_prefix
 .text.sd_init_driver
                0x1000f374       0xd8 pico_sd_fatfs/libpico_sd_fatfs.a(sd_card.c.obj)
                0x1000f374                sd_init_driver
 .text.spi_transfer_start
                0x1000f44c       0x78 pico_sd_fatfs/libpico_sd_fatfs.a(my_spi.c.obj)
                0x1000f44c                spi_transfer_start
 .text.calculate_transfer_time_ms
                0x1000f4c4       0x54 pico_sd_fatfs/libpico_sd_fatfs.a(my_spi.c.obj)
                0x1000f4c4                calculate_transfer_time_ms
 .text.my_spi_init
                0x1000f518      0x1f0 pico_sd_fatfs/libpico_sd_fatfs.a(my_spi.c.obj)
                0x1000f518                my_spi_init
 .text.sd_deinit
                0x1000f708       0x2c pico_sd_fatfs/libpico_sd_fatfs.a(sd_card_spi.c.obj)
 .text.crc7.constprop.0
                0x1000f734       0x30 pico_sd_fatfs/libpico_sd_fatfs.a(sd_card_spi.c.obj)
 .text.sd_wait_ready
                0x1000f764       0xa0 pico_sd_fatfs/libpico_sd_fatfs.a(sd_card_spi.c.obj)
 .text.read_bytes
                0x1000f804      0x16c pico_sd_fatfs/libpico_sd_fatfs.a(sd_card_spi.c.obj)
 .text.sd_cmd_spi
                0x1000f970      0x168 pico_sd_fatfs/libpico_sd_fatfs.a(sd_card_spi.c.obj)
 .text.sd_spi_test_com
                0x1000fad8      0x17c pico_sd_fatfs/libpico_sd_fatfs.a(sd_card_spi.c.obj)
 .text.in_sd_go_idle_state
                0x1000fc54      0x148 pico_sd_fatfs/libpico_sd_fatfs.a(sd_card_spi.c.obj)
 .text.send_block.constprop.0
                0x1000fd9c      0x1e4 pico_sd_fatfs/libpico_sd_fatfs.a(sd_card_spi.c.obj)
 .text.in_sd_spi_sectors
                0x1000ff80      0x100 pico_sd_fatfs/libpico_sd_fatfs.a(sd_card_spi.c.obj)
 .text.sd_spi_sectors
                0x10010080       0xf4 pico_sd_fatfs/libpico_sd_fatfs.a(sd_card_spi.c.obj)
                0x10010080                sd_spi_sectors
 .text.sd_cmd.constprop.0
                0x10010174      0x370 pico_sd_fatfs/libpico_sd_fatfs.a(sd_card_spi.c.obj)
 .text.stop_wr_tran
                0x100104e4       0x78 pico_sd_fatfs/libpico_sd_fatfs.a(sd_card_spi.c.obj)
 .text.sd_sync  0x1001055c      0x104 pico_sd_fatfs/libpico_sd_fatfs.a(sd_card_spi.c.obj)
 .text.sd_read_blocks
                0x10010660      0x4b0 pico_sd_fatfs/libpico_sd_fatfs.a(sd_card_spi.c.obj)
 .text.sd_write_blocks
                0x10010b10      0x380 pico_sd_fatfs/libpico_sd_fatfs.a(sd_card_spi.c.obj)
 .text.sd_card_spi_init
                0x10010e90      0x5e8 pico_sd_fatfs/libpico_sd_fatfs.a(sd_card_spi.c.obj)
                0x10010e90                sd_card_spi_init
 .text.sd_go_idle_state
                0x10011478       0x8c pico_sd_fatfs/libpico_sd_fatfs.a(sd_card_spi.c.obj)
                0x10011478                sd_go_idle_state
 .text.sd_spi_ctor
                0x10011504       0x74 pico_sd_fatfs/libpico_sd_fatfs.a(sd_card_spi.c.obj)
                0x10011504                sd_spi_ctor
 .text.sd_sdio_deinit
                0x10011578       0xd4 pico_sd_fatfs/libpico_sd_fatfs.a(sd_card_sdio.c.obj)
 .text.sd_sdio_test_com
                0x1001164c       0x8c pico_sd_fatfs/libpico_sd_fatfs.a(sd_card_sdio.c.obj)
 .text.logSDError.isra.0
                0x100116d8       0x40 pico_sd_fatfs/libpico_sd_fatfs.a(sd_card_sdio.c.obj)
 .text.sd_sdio_sectorCount
                0x10011718       0xe0 pico_sd_fatfs/libpico_sd_fatfs.a(sd_card_sdio.c.obj)
                0x10011718                sd_sdio_sectorCount
 .text.sd_sdio_begin
                0x100117f8      0x42c pico_sd_fatfs/libpico_sd_fatfs.a(sd_card_sdio.c.obj)
                0x100117f8                sd_sdio_begin
 .text.sd_sdio_init
                0x10011c24       0xf4 pico_sd_fatfs/libpico_sd_fatfs.a(sd_card_sdio.c.obj)
 .text.sd_sdio_stopTransmission
                0x10011d18       0xcc pico_sd_fatfs/libpico_sd_fatfs.a(sd_card_sdio.c.obj)
                0x10011d18                sd_sdio_stopTransmission
 .text.sd_sync  0x10011de4       0x34 pico_sd_fatfs/libpico_sd_fatfs.a(sd_card_sdio.c.obj)
 .text.sd_sdio_writeSector
                0x10011e18      0x114 pico_sd_fatfs/libpico_sd_fatfs.a(sd_card_sdio.c.obj)
                0x10011e18                sd_sdio_writeSector
 .text.sd_sdio_writeSectors
                0x10011f2c      0x174 pico_sd_fatfs/libpico_sd_fatfs.a(sd_card_sdio.c.obj)
                0x10011f2c                sd_sdio_writeSectors
 .text.sd_sdio_write_blocks
                0x100120a0       0x40 pico_sd_fatfs/libpico_sd_fatfs.a(sd_card_sdio.c.obj)
 .text.sd_sdio_readSector
                0x100120e0      0x120 pico_sd_fatfs/libpico_sd_fatfs.a(sd_card_sdio.c.obj)
                0x100120e0                sd_sdio_readSector
 .text.sd_sdio_readSectors
                0x10012200      0x144 pico_sd_fatfs/libpico_sd_fatfs.a(sd_card_sdio.c.obj)
                0x10012200                sd_sdio_readSectors
 .text.sd_sdio_read_blocks
                0x10012344       0x40 pico_sd_fatfs/libpico_sd_fatfs.a(sd_card_sdio.c.obj)
 .text.sd_sdio_ctor
                0x10012384       0x6c pico_sd_fatfs/libpico_sd_fatfs.a(sd_card_sdio.c.obj)
                0x10012384                sd_sdio_ctor
 .text.sdio_start_next_block_tx
                0x100123f0      0x144 pico_sd_fatfs/libpico_sd_fatfs.a(rp2040_sdio.c.obj)
 .text.rp2040_sdio_stop.isra.0
                0x10012534       0x80 pico_sd_fatfs/libpico_sd_fatfs.a(rp2040_sdio.c.obj)
 .text.sdio_send_command.isra.0
                0x100125b4       0x70 pico_sd_fatfs/libpico_sd_fatfs.a(rp2040_sdio.c.obj)
 .text.sdio_crc16_4bit_checksum
                0x10012624       0xa4 pico_sd_fatfs/libpico_sd_fatfs.a(rp2040_sdio.c.obj)
                0x10012624                sdio_crc16_4bit_checksum
 .text.rp2040_sdio_command_R1
                0x100126c8      0x14c pico_sd_fatfs/libpico_sd_fatfs.a(rp2040_sdio.c.obj)
                0x100126c8                rp2040_sdio_command_R1
 .text.rp2040_sdio_command_R2
                0x10012814      0x218 pico_sd_fatfs/libpico_sd_fatfs.a(rp2040_sdio.c.obj)
                0x10012814                rp2040_sdio_command_R2
 .text.rp2040_sdio_command_R3
                0x10012a2c       0x9c pico_sd_fatfs/libpico_sd_fatfs.a(rp2040_sdio.c.obj)
                0x10012a2c                rp2040_sdio_command_R3
 .text.rp2040_sdio_rx_start
                0x10012ac8      0x184 pico_sd_fatfs/libpico_sd_fatfs.a(rp2040_sdio.c.obj)
                0x10012ac8                rp2040_sdio_rx_start
 .text.rp2040_sdio_rx_poll
                0x10012c4c      0x1a8 pico_sd_fatfs/libpico_sd_fatfs.a(rp2040_sdio.c.obj)
                0x10012c4c                rp2040_sdio_rx_poll
 .text.rp2040_sdio_tx_start
                0x10012df4       0x78 pico_sd_fatfs/libpico_sd_fatfs.a(rp2040_sdio.c.obj)
                0x10012df4                rp2040_sdio_tx_start
 .text.rp2040_sdio_tx_poll
                0x10012e6c       0x80 pico_sd_fatfs/libpico_sd_fatfs.a(rp2040_sdio.c.obj)
                0x10012e6c                rp2040_sdio_tx_poll
 *fill*         0x10012eec        0x4 
 .text.rp2040_sdio_init
                0x10012ef0      0x3f0 pico_sd_fatfs/libpico_sd_fatfs.a(rp2040_sdio.c.obj)
                0x10012ef0                rp2040_sdio_init
 .text.dma_irq_add_handler
                0x100132e0       0x90 pico_sd_fatfs/libpico_sd_fatfs.a(dma_interrupts.c.obj)
                0x100132e0                dma_irq_add_handler
 .text.put_out_error_message
                0x10013370        0x4 pico_sd_fatfs/libpico_sd_fatfs.a(my_debug.c.obj)
                0x10013370                put_out_error_message
 .text.error_message_printf
                0x10013374       0x3c pico_sd_fatfs/libpico_sd_fatfs.a(my_debug.c.obj)
                0x10013374                error_message_printf
 .text.sd_spi_go_high_frequency
                0x100133b0        0xc pico_sd_fatfs/libpico_sd_fatfs.a(sd_spi.c.obj)
                0x100133b0                sd_spi_go_high_frequency
 .text.sd_spi_go_low_frequency
                0x100133bc       0x10 pico_sd_fatfs/libpico_sd_fatfs.a(sd_spi.c.obj)
                0x100133bc                sd_spi_go_low_frequency
 .text.sd_spi_send_initializing_sequence
                0x100133cc       0x70 pico_sd_fatfs/libpico_sd_fatfs.a(sd_spi.c.obj)
                0x100133cc                sd_spi_send_initializing_sequence
 .text.__NVIC_SystemReset
                0x1001343c       0x24 pico_sd_fatfs/libpico_sd_fatfs.a(crash.c.obj)
 .text.crc7.constprop.0
                0x10013460       0x24 pico_sd_fatfs/libpico_sd_fatfs.a(crash.c.obj)
 .text.Hardfault_HandlerC
                0x10013484       0x60 pico_sd_fatfs/libpico_sd_fatfs.a(crash.c.obj)
                0x10013484                Hardfault_HandlerC
 .text.HardFault_Handler
                0x100134e4       0x1c pico_sd_fatfs/libpico_sd_fatfs.a(crash.c.obj)
                0x100134e4                HardFault_Handler
 .text.malloc   0x10013500       0x10 C:/Users/nahue/.pico-sdk/toolchain/14_2_Rel1/bin/../lib/gcc/arm-none-eabi/14.2.1/thumb/v8-m.main+fp/softfp\libg.a(libc_a-malloc.o)
                0x10013500                malloc
 .text.free     0x10013510       0x10 C:/Users/nahue/.pico-sdk/toolchain/14_2_Rel1/bin/../lib/gcc/arm-none-eabi/14.2.1/thumb/v8-m.main+fp/softfp\libg.a(libc_a-malloc.o)
                0x10013510                free
 .text._malloc_r
                0x10013520      0x578 C:/Users/nahue/.pico-sdk/toolchain/14_2_Rel1/bin/../lib/gcc/arm-none-eabi/14.2.1/thumb/v8-m.main+fp/softfp\libg.a(libc_a-mallocr.o)
                0x10013520                _malloc_r
 .text.__malloc_lock
                0x10013a98        0xc C:/Users/nahue/.pico-sdk/toolchain/14_2_Rel1/bin/../lib/gcc/arm-none-eabi/14.2.1/thumb/v8-m.main+fp/softfp\libg.a(libc_a-mlock.o)
                0x10013a98                __malloc_lock
 .text.__malloc_unlock
                0x10013aa4        0xc C:/Users/nahue/.pico-sdk/toolchain/14_2_Rel1/bin/../lib/gcc/arm-none-eabi/14.2.1/thumb/v8-m.main+fp/softfp\libg.a(libc_a-mlock.o)
                0x10013aa4                __malloc_unlock
 .text.realloc  0x10013ab0       0x10 C:/Users/nahue/.pico-sdk/toolchain/14_2_Rel1/bin/../lib/gcc/arm-none-eabi/14.2.1/thumb/v8-m.main+fp/softfp\libg.a(libc_a-realloc.o)
                0x10013ab0                realloc
 .text._realloc_r
                0x10013ac0      0x374 C:/Users/nahue/.pico-sdk/toolchain/14_2_Rel1/bin/../lib/gcc/arm-none-eabi/14.2.1/thumb/v8-m.main+fp/softfp\libg.a(libc_a-reallocr.o)
                0x10013ac0                _realloc_r
 .text._strtol_l.part.0
                0x10013e34      0x1c8 C:/Users/nahue/.pico-sdk/toolchain/14_2_Rel1/bin/../lib/gcc/arm-none-eabi/14.2.1/thumb/v8-m.main+fp/softfp\libg.a(libc_a-strtol.o)
 .text._strtol_r
                0x10013ffc       0x1c C:/Users/nahue/.pico-sdk/toolchain/14_2_Rel1/bin/../lib/gcc/arm-none-eabi/14.2.1/thumb/v8-m.main+fp/softfp\libg.a(libc_a-strtol.o)
                0x10013ffc                _strtol_r
 .text.memcmp   0x10014018       0x5c C:/Users/nahue/.pico-sdk/toolchain/14_2_Rel1/bin/../lib/gcc/arm-none-eabi/14.2.1/thumb/v8-m.main+fp/softfp\libg.a(libc_a-memcmp.o)
                0x10014018                memcmp
 .text.memmove  0x10014074       0xfc C:/Users/nahue/.pico-sdk/toolchain/14_2_Rel1/bin/../lib/gcc/arm-none-eabi/14.2.1/thumb/v8-m.main+fp/softfp\libg.a(libc_a-memmove.o)
                0x10014074                memmove
 .text.memset   0x10014170       0x9c C:/Users/nahue/.pico-sdk/toolchain/14_2_Rel1/bin/../lib/gcc/arm-none-eabi/14.2.1/thumb/v8-m.main+fp/softfp\libg.a(libc_a-memset.o)
                0x10014170                memset
 .text.strchr   0x1001420c       0xd0 C:/Users/nahue/.pico-sdk/toolchain/14_2_Rel1/bin/../lib/gcc/arm-none-eabi/14.2.1/thumb/v8-m.main+fp/softfp\libg.a(libc_a-strchr.o)
                0x1001420c                strchr
 .text.localtime_r
                0x100142dc      0x244 C:/Users/nahue/.pico-sdk/toolchain/14_2_Rel1/bin/../lib/gcc/arm-none-eabi/14.2.1/thumb/v8-m.main+fp/softfp\libg.a(libc_a-lcltime_r.o)
                0x100142dc                localtime_r
 .text.__tzcalc_limits
                0x10014520      0x1ac C:/Users/nahue/.pico-sdk/toolchain/14_2_Rel1/bin/../lib/gcc/arm-none-eabi/14.2.1/thumb/v8-m.main+fp/softfp\libg.a(libc_a-tzcalc_limits.o)
                0x10014520                __tzcalc_limits
 .text.__tz_lock
                0x100146cc        0xc C:/Users/nahue/.pico-sdk/toolchain/14_2_Rel1/bin/../lib/gcc/arm-none-eabi/14.2.1/thumb/v8-m.main+fp/softfp\libg.a(libc_a-tzlock.o)
                0x100146cc                __tz_lock
 .text.__tz_unlock
                0x100146d8        0xc C:/Users/nahue/.pico-sdk/toolchain/14_2_Rel1/bin/../lib/gcc/arm-none-eabi/14.2.1/thumb/v8-m.main+fp/softfp\libg.a(libc_a-tzlock.o)
                0x100146d8                __tz_unlock
 .text._tzset_unlocked
                0x100146e4        0xc C:/Users/nahue/.pico-sdk/toolchain/14_2_Rel1/bin/../lib/gcc/arm-none-eabi/14.2.1/thumb/v8-m.main+fp/softfp\libg.a(libc_a-tzset.o)
                0x100146e4                _tzset_unlocked
 .text._tzset_unlocked_r
                0x100146f0      0x48c C:/Users/nahue/.pico-sdk/toolchain/14_2_Rel1/bin/../lib/gcc/arm-none-eabi/14.2.1/thumb/v8-m.main+fp/softfp\libg.a(libc_a-tzset_r.o)
                0x100146f0                _tzset_unlocked_r
 .text._sbrk_r  0x10014b7c       0x24 C:/Users/nahue/.pico-sdk/toolchain/14_2_Rel1/bin/../lib/gcc/arm-none-eabi/14.2.1/thumb/v8-m.main+fp/softfp\libg.a(libc_a-sbrkr.o)
                0x10014b7c                _sbrk_r
 .text.__errno  0x10014ba0        0xc C:/Users/nahue/.pico-sdk/toolchain/14_2_Rel1/bin/../lib/gcc/arm-none-eabi/14.2.1/thumb/v8-m.main+fp/softfp\libg.a(libc_a-errno.o)
                0x10014ba0                __errno
 .text.__retarget_lock_acquire
                0x10014bac        0x4 C:/Users/nahue/.pico-sdk/toolchain/14_2_Rel1/bin/../lib/gcc/arm-none-eabi/14.2.1/thumb/v8-m.main+fp/softfp\libg.a(libc_a-lock.o)
                0x10014bac                __retarget_lock_acquire
 .text.__retarget_lock_acquire_recursive
                0x10014bb0        0x4 C:/Users/nahue/.pico-sdk/toolchain/14_2_Rel1/bin/../lib/gcc/arm-none-eabi/14.2.1/thumb/v8-m.main+fp/softfp\libg.a(libc_a-lock.o)
                0x10014bb0                __retarget_lock_acquire_recursive
 .text.__retarget_lock_release
                0x10014bb4        0x4 C:/Users/nahue/.pico-sdk/toolchain/14_2_Rel1/bin/../lib/gcc/arm-none-eabi/14.2.1/thumb/v8-m.main+fp/softfp\libg.a(libc_a-lock.o)
                0x10014bb4                __retarget_lock_release
 .text.__retarget_lock_release_recursive
                0x10014bb8        0x4 C:/Users/nahue/.pico-sdk/toolchain/14_2_Rel1/bin/../lib/gcc/arm-none-eabi/14.2.1/thumb/v8-m.main+fp/softfp\libg.a(libc_a-lock.o)
                0x10014bb8                __retarget_lock_release_recursive
 .text.sysconf  0x10014bbc       0x1c C:/Users/nahue/.pico-sdk/toolchain/14_2_Rel1/bin/../lib/gcc/arm-none-eabi/14.2.1/thumb/v8-m.main+fp/softfp\libg.a(libc_a-sysconf.o)
                0x10014bbc                sysconf
 .text          0x10014bd8      0x1bc C:/Users/nahue/.pico-sdk/toolchain/14_2_Rel1/bin/../lib/gcc/arm-none-eabi/14.2.1/thumb/v8-m.main+fp/softfp\libg.a(libc_a-strcmp.o)
                0x10014bd8                strcmp
 .text.strcpy   0x10014d94       0xbc C:/Users/nahue/.pico-sdk/toolchain/14_2_Rel1/bin/../lib/gcc/arm-none-eabi/14.2.1/thumb/v8-m.main+fp/softfp\libg.a(libc_a-strcpy.o)
                0x10014d94                strcpy
 .text          0x10014e50       0xec C:/Users/nahue/.pico-sdk/toolchain/14_2_Rel1/bin/../lib/gcc/arm-none-eabi/14.2.1/thumb/v8-m.main+fp/softfp\libg.a(libc_a-memcpy.o)
                0x10014e50                memcpy
 .text.strlen   0x10014f3c       0x5c C:/Users/nahue/.pico-sdk/toolchain/14_2_Rel1/bin/../lib/gcc/arm-none-eabi/14.2.1/thumb/v8-m.main+fp/softfp\libg.a(libc_a-strlen-stub.o)
                0x10014f3c                strlen
 .text._malloc_trim_r
                0x10014f98       0xb8 C:/Users/nahue/.pico-sdk/toolchain/14_2_Rel1/bin/../lib/gcc/arm-none-eabi/14.2.1/thumb/v8-m.main+fp/softfp\libg.a(libc_a-freer.o)
                0x10014f98                _malloc_trim_r
 .text._free_r  0x10015050      0x1e8 C:/Users/nahue/.pico-sdk/toolchain/14_2_Rel1/bin/../lib/gcc/arm-none-eabi/14.2.1/thumb/v8-m.main+fp/softfp\libg.a(libc_a-freer.o)
                0x10015050                _free_r
 .text._findenv_r
                0x10015238       0x80 C:/Users/nahue/.pico-sdk/toolchain/14_2_Rel1/bin/../lib/gcc/arm-none-eabi/14.2.1/thumb/v8-m.main+fp/softfp\libg.a(libc_a-getenv_r.o)
                0x10015238                _findenv_r
 .text._getenv_r
                0x100152b8       0x10 C:/Users/nahue/.pico-sdk/toolchain/14_2_Rel1/bin/../lib/gcc/arm-none-eabi/14.2.1/thumb/v8-m.main+fp/softfp\libg.a(libc_a-getenv_r.o)
                0x100152b8                _getenv_r
 .text._strtoul_l.isra.0
                0x100152c8      0x128 C:/Users/nahue/.pico-sdk/toolchain/14_2_Rel1/bin/../lib/gcc/arm-none-eabi/14.2.1/thumb/v8-m.main+fp/softfp\libg.a(libc_a-strtoul.o)
 .text._strtoul_r
                0x100153f0        0x4 C:/Users/nahue/.pico-sdk/toolchain/14_2_Rel1/bin/../lib/gcc/arm-none-eabi/14.2.1/thumb/v8-m.main+fp/softfp\libg.a(libc_a-strtoul.o)
                0x100153f0                _strtoul_r
 .text.strtoul  0x100153f4       0x18 C:/Users/nahue/.pico-sdk/toolchain/14_2_Rel1/bin/../lib/gcc/arm-none-eabi/14.2.1/thumb/v8-m.main+fp/softfp\libg.a(libc_a-strtoul.o)
                0x100153f4                strtoul
 .text.siscanf  0x1001540c       0x58 C:/Users/nahue/.pico-sdk/toolchain/14_2_Rel1/bin/../lib/gcc/arm-none-eabi/14.2.1/thumb/v8-m.main+fp/softfp\libg.a(libc_a-siscanf.o)
                0x1001540c                siscanf
 .text._sungetc_r
                0x10015464       0x7c C:/Users/nahue/.pico-sdk/toolchain/14_2_Rel1/bin/../lib/gcc/arm-none-eabi/14.2.1/thumb/v8-m.main+fp/softfp\libg.a(libc_a-svfiscanf.o)
                0x10015464                _sungetc_r
 .text._sfread_r
                0x100154e0       0xa4 C:/Users/nahue/.pico-sdk/toolchain/14_2_Rel1/bin/../lib/gcc/arm-none-eabi/14.2.1/thumb/v8-m.main+fp/softfp\libg.a(libc_a-svfiscanf.o)
                0x100154e0                _sfread_r
 .text.__ssvfiscanf_r