Archive member included to satisfy reference by file (symbol)

freertos/libfreertos.a(queue.c.obj)
                              CMakeFiles/firmware.dir/firmware.c.obj (xQueueGenericCreate)
freertos/libfreertos.a(tasks.c.obj)
                              CMakeFiles/firmware.dir/firmware.c.obj (xTaskCreate)
freertos/libfreertos.a(timers.c.obj)
                              freertos/libfreertos.a(tasks.c.obj) (xTimerCreateTimerTask)
freertos/libfreertos.a(heap_3.c.obj)
                              freertos/libfreertos.a(queue.c.obj) (pvPortMalloc)
freertos/libfreertos.a(port.c.obj)
                              freertos/libfreertos.a(queue.c.obj) (vPortYield)
freertos/libfreertos.a(portasm.c.obj)
                              freertos/libfreertos.a(port.c.obj) (vRestoreContextOfFirstTask)
freertos/libfreertos.a(event_groups.c.obj)
                              freertos/libfreertos.a(port.c.obj) (xEventGroupCreate)
freertos/libfreertos.a(list.c.obj)
                              freertos/libfreertos.a(queue.c.obj) (vListInitialise)
pwm_lib/libpwm_lib.a(pwm_lib.c.obj)
                              CMakeFiles/firmware.dir/firmware.c.obj (pwm_init_config)
lcd/liblcd.a(lcd.c.obj)       CMakeFiles/firmware.dir/firmware.c.obj (lcd_clear)
HC_SR04/libHC_SR04.a(HC_SR04.c.obj)
                              CMakeFiles/firmware.dir/firmware.c.obj (hc_sr04_init)
ds3231/libds3231.a(ds3231.c.obj)
                              CMakeFiles/firmware.dir/firmware.c.obj (ds3231_get_time)
pid_controller/libpid_controller.a(pid_controller.c.obj)
                              CMakeFiles/firmware.dir/firmware.c.obj (PIDController_Init)
pico_sd_fatfs/libpico_sd_fatfs.a(ff.c.obj)
                              CMakeFiles/firmware.dir/firmware.c.obj (f_mount)
pico_sd_fatfs/libpico_sd_fatfs.a(ffunicode.c.obj)
                              pico_sd_fatfs/libpico_sd_fatfs.a(ff.c.obj) (ff_uni2oem)
pico_sd_fatfs/libpico_sd_fatfs.a(ffsystem.c.obj)
                              pico_sd_fatfs/libpico_sd_fatfs.a(ff.c.obj) (ff_memalloc)
pico_sd_fatfs/libpico_sd_fatfs.a(my_rtc.c.obj)
                              pico_sd_fatfs/libpico_sd_fatfs.a(ff.c.obj) (get_fattime)
pico_sd_fatfs/libpico_sd_fatfs.a(crc.c.obj)
                              pico_sd_fatfs/libpico_sd_fatfs.a(my_rtc.c.obj) (m_Crc7Table)
pico_sd_fatfs/libpico_sd_fatfs.a(f_util.c.obj)
                              CMakeFiles/firmware.dir/firmware.c.obj (FRESULT_str)
pico_sd_fatfs/libpico_sd_fatfs.a(glue.c.obj)
                              pico_sd_fatfs/libpico_sd_fatfs.a(ff.c.obj) (disk_status)
pico_sd_fatfs/libpico_sd_fatfs.a(sd_card.c.obj)
                              pico_sd_fatfs/libpico_sd_fatfs.a(glue.c.obj) (sd_card_detect)
pico_sd_fatfs/libpico_sd_fatfs.a(my_spi.c.obj)
                              pico_sd_fatfs/libpico_sd_fatfs.a(sd_card.c.obj) (my_spi_init)
pico_sd_fatfs/libpico_sd_fatfs.a(sd_card_spi.c.obj)
                              pico_sd_fatfs/libpico_sd_fatfs.a(sd_card.c.obj) (sd_go_idle_state)
pico_sd_fatfs/libpico_sd_fatfs.a(sd_card_sdio.c.obj)
                              pico_sd_fatfs/libpico_sd_fatfs.a(sd_card.c.obj) (rp2040_sdio_get_sd_status)
pico_sd_fatfs/libpico_sd_fatfs.a(rp2040_sdio.c.obj)
                              pico_sd_fatfs/libpico_sd_fatfs.a(sd_card_sdio.c.obj) (rp2040_sdio_command_R1)
pico_sd_fatfs/libpico_sd_fatfs.a(dma_interrupts.c.obj)
                              pico_sd_fatfs/libpico_sd_fatfs.a(rp2040_sdio.c.obj) (dma_irq_add_handler)
pico_sd_fatfs/libpico_sd_fatfs.a(my_debug.c.obj)
                              pico_sd_fatfs/libpico_sd_fatfs.a(sd_card.c.obj) (error_message_printf)
pico_sd_fatfs/libpico_sd_fatfs.a(sd_timeouts.c.obj)
                              pico_sd_fatfs/libpico_sd_fatfs.a(sd_card_spi.c.obj) (sd_timeouts)
pico_sd_fatfs/libpico_sd_fatfs.a(sd_spi.c.obj)
                              pico_sd_fatfs/libpico_sd_fatfs.a(sd_card_spi.c.obj) (sd_spi_go_high_frequency)
pico_sd_fatfs/libpico_sd_fatfs.a(crash.c.obj)
                              pico_sd_fatfs/libpico_sd_fatfs.a(my_debug.c.obj) (capture_assert)
C:/Users/nahue/.pico-sdk/toolchain/14_2_Rel1/bin/../lib/gcc/arm-none-eabi/14.2.1/thumb/v8-m.main+fp/softfp\libm.a(libm_a-wf_sqrt.o)
                              CMakeFiles/firmware.dir/C_/Users/nahue/.pico-sdk/sdk/2.1.1/src/rp2_common/pico_float/float_math.c.obj (sqrtf)
C:/Users/nahue/.pico-sdk/toolchain/14_2_Rel1/bin/../lib/gcc/arm-none-eabi/14.2.1/thumb/v8-m.main+fp/softfp\libm.a(libm_a-ef_sqrt.o)
                              C:/Users/nahue/.pico-sdk/toolchain/14_2_Rel1/bin/../lib/gcc/arm-none-eabi/14.2.1/thumb/v8-m.main+fp/softfp\libm.a(libm_a-wf_sqrt.o) (__ieee754_sqrtf)
C:/Users/nahue/.pico-sdk/toolchain/14_2_Rel1/bin/../lib/gcc/arm-none-eabi/14.2.1/thumb/v8-m.main+fp/softfp\libgcc.a(_arm_addsubdf3.o)
                              CMakeFiles/firmware.dir/firmware.c.obj (__aeabi_f2d)
C:/Users/nahue/.pico-sdk/toolchain/14_2_Rel1/bin/../lib/gcc/arm-none-eabi/14.2.1/thumb/v8-m.main+fp/softfp\libgcc.a(_aeabi_ldivmod.o)
[...]
Memory Configuration

Name             Origin             Length             Attributes
FLASH            0x10000000         0x00400000         xr
RAM              0x20000000         0x00080000         xrw
SCRATCH_X        0x20080000         0x00001000         xrw
SCRATCH_Y        0x20081000         0x00001000         xrw
*default*        0x00000000         0xffffffff

Linker script and memory map

LOAD C:/Users/nahue/.pico-sdk/toolchain/14_2_Rel1/bin/../lib/gcc/arm-none-eabi/14.2.1/thumb/v8-m.main+fp/softfp/crti.o
LOAD C:/Users/nahue/.pico-sdk/toolchain/14_2_Rel1/bin/../lib/gcc/arm-none-eabi/14.2.1/thumb/v8-m.main+fp/softfp/crtbegin.o
LOAD C:/Users/nahue/.pico-sdk/toolchain/14_2_Rel1/bin/../lib/gcc/arm-none-eabi/14.2.1/thumb/v8-m.main+fp/softfp/crt0.o

.flash_begin    0x10000000        0x0
                0x10000000                        __flash_binary_start = .

.text           0x10000000    0x17890
                0x10000000                        __logical_binary_start = .
 *(.vectors)
 .vectors       0x10000000      0x124 CMakeFiles/firmware.dir/C_/Users/nahue/.pico-sdk/sdk/2.1.1/src/rp2_common/pico_crt0/crt0.S.obj
                0x10000000                __vectors
                0x10000000                __VECTOR_TABLE
                0x10000110                isr_invalid
                0x10000110                __default_isrs_start
                0x10000112                NMI_Handler
                0x10000116                SVC_Handler
                0x10000118                PendSV_Handler
                0x1000011a                SysTick_Handler
                0x1000011c                IO_IRQ_BANK0_Handler
                0x1000011c                PLL_SYS_IRQ_Handler
                0x1000011c                PIO0_IRQ_0_Handler
                0x1000011c                USBCTRL_IRQ_Handler
                0x1000011c                SPI1_IRQ_Handler
                0x1000011c                POWMAN_IRQ_POW_Handler
                0x1000011c                DMA_IRQ_2_Handler
                0x1000011c                PIO1_IRQ_1_Handler
                0x1000011c                POWMAN_IRQ_TIMER_Handler
                0x1000011c                DMA_IRQ_1_Handler
                0x1000011c                SIO_IRQ_FIFO_Handler
                0x1000011c                PLL_USB_IRQ_Handler
                0x1000011c                TIMER0_IRQ_2_Handler
                0x1000011c                I2C1_IRQ_Handler
                0x1000011c                IO_IRQ_BANK0_NS_Handler
                0x1000011c                isr_irq48
                0x1000011c                isr_irq49
                0x1000011c                PWM_IRQ_WRAP_0_Handler
                0x1000011c                isr_irq50
                0x1000011c                TIMER1_IRQ_0_Handler
                0x1000011c                isr_irq40
                0x1000011c                SPI0_IRQ_Handler
                0x1000011c                PWM_IRQ_WRAP_1_Handler
                0x1000011c                SIO_IRQ_BELL_Handler
                0x1000011c                isr_irq41
                0x1000011c                OTP_IRQ_Handler
                0x1000011c                TRNG_IRQ_Handler
                0x1000011c                TIMER0_IRQ_1_Handler
                0x1000011c                PIO0_IRQ_1_Handler
                0x1000011c                I2C0_IRQ_Handler
                0x1000011c                SIO_IRQ_FIFO_NS_Handler
                0x1000011c                SIO_IRQ_BELL_NS_Handler
                0x1000011c                SIO_IRQ_MTIMECMP_Handler
                0x1000011c                TIMER1_IRQ_1_Handler
                0x1000011c                UART1_IRQ_Handler
                0x1000011c                __unhandled_user_irq
                0x1000011c                DMA_IRQ_0_Handler
                0x1000011c                CLOCKS_IRQ_Handler
                0x1000011c                PIO1_IRQ_0_Handler
                0x1000011c                PIO2_IRQ_1_Handler
                0x1000011c                PIO2_IRQ_0_Handler
                0x1000011c                isr_irq46
                0x1000011c                ADC_IRQ_FIFO_Handler
                0x1000011c                isr_irq47
                0x1000011c                isr_irq51
                0x1000011c                IO_IRQ_QSPI_Handler
                0x1000011c                TIMER1_IRQ_3_Handler
                0x1000011c                UART0_IRQ_Handler
                0x1000011c                TIMER0_IRQ_0_Handler
                0x1000011c                IO_IRQ_QSPI_NS_Handler
                0x1000011c                __default_isrs_end
                0x1000011c                TIMER0_IRQ_3_Handler
                0x1000011c                TIMER1_IRQ_2_Handler
                0x1000011c                DMA_IRQ_3_Handler
                0x10000122                unhandled_user_irq_num_in_r0
 *(.binary_info_header)
 .binary_info_header
                0x10000124       0x14 CMakeFiles/firmware.dir/C_/Users/nahue/.pico-sdk/sdk/2.1.1/src/rp2_common/pico_crt0/crt0.S.obj
                0x10000138                        __binary_info_header_end = .
 *(.embedded_block)
 .embedded_block
                0x10000138       0x14 CMakeFiles/firmware.dir/C_/Users/nahue/.pico-sdk/sdk/2.1.1/src/rp2_common/pico_crt0/crt0.S.obj
                0x1000014c                        __embedded_block_end = .
 *(.reset)
 .reset         0x1000014c       0xa0 CMakeFiles/firmware.dir/C_/Users/nahue/.pico-sdk/sdk/2.1.1/src/rp2_common/pico_crt0/crt0.S.obj
                0x1000014c                _entry_point
 *(.init)
 .init          0x100001ec        0x4 C:/Users/nahue/.pico-sdk/toolchain/14_2_Rel1/bin/../lib/gcc/arm-none-eabi/14.2.1/thumb/v8-m.main+fp/softfp/crti.o
                0x100001ec                _init
 SORT_BY_NAME(REVERSE(*libgcc.a:cmse_nonsecure_call.o))()
 *(EXCLUDE_FILE(*libm.a: *libc.a:*lib_a-mem*.o *libgcc.a:) .text*)
 .text.register_tm_clones
                0x100001f0       0x28 C:/Users/nahue/.pico-sdk/toolchain/14_2_Rel1/bin/../lib/gcc/arm-none-eabi/14.2.1/thumb/v8-m.main+fp/softfp/crtbegin.o
 .text.frame_dummy
                0x10000218       0x24 C:/Users/nahue/.pico-sdk/toolchain/14_2_Rel1/bin/../lib/gcc/arm-none-eabi/14.2.1/thumb/v8-m.main+fp/softfp/crtbegin.o
 .text.task_guardiana_leds
                0x1000023c       0xa8 CMakeFiles/firmware.dir/firmware.c.obj
                0x1000023c                task_guardiana_leds
 .text.task_guardiana_lcd
                0x100002e4      0x158 CMakeFiles/firmware.dir/firmware.c.obj
                0x100002e4                task_guardiana_lcd
 .text.task_guardiana_sd
                0x1000043c      0x130 CMakeFiles/firmware.dir/firmware.c.obj
                0x1000043c                task_guardiana_sd
 .text.task_SetPoint
                0x1000056c      0x1f8 CMakeFiles/firmware.dir/firmware.c.obj
                0x1000056c                task_SetPoint
 .text.task_debounce_boton
                0x10000764       0xa0 CMakeFiles/firmware.dir/firmware.c.obj
                0x10000764                task_debounce_boton
 .text.task_rtc
                0x10000804       0x78 CMakeFiles/firmware.dir/firmware.c.obj
                0x10000804                task_rtc
 .text.task_pid
                0x1000087c      0x15c CMakeFiles/firmware.dir/firmware.c.obj
                0x1000087c                task_pid
 .text.task_init
                0x100009d8       0xe8 CMakeFiles/firmware.dir/firmware.c.obj
                0x100009d8                task_init
 .text.configuracion_gpio_boton
                0x10000ac0       0x20 CMakeFiles/firmware.dir/firmware.c.obj
                0x10000ac0                configuracion_gpio_boton
 .text.startup.main
                0x10000ae0      0x18c CMakeFiles/firmware.dir/firmware.c.obj
                0x10000ae0                main
 .text.sd_get_num
                0x10000c6c        0x4 CMakeFiles/firmware.dir/hw_config.c.obj
                0x10000c6c                sd_get_num
 .text.sd_get_by_num
                0x10000c70       0x10 CMakeFiles/firmware.dir/hw_config.c.obj
                0x10000c70                sd_get_by_num
 .text.gpio_set_function
                0x10000c80       0x3c CMakeFiles/firmware.dir/C_/Users/nahue/.pico-sdk/sdk/2.1.1/src/rp2_common/hardware_gpio/gpio.c.obj
                0x10000c80                gpio_set_function
 .text.gpio_set_pulls
                0x10000cbc       0x28 CMakeFiles/firmware.dir/C_/Users/nahue/.pico-sdk/sdk/2.1.1/src/rp2_common/hardware_gpio/gpio.c.obj
                0x10000cbc                gpio_set_pulls
 .text.gpio_set_slew_rate
                0x10000ce4       0x1c CMakeFiles/firmware.dir/C_/Users/nahue/.pico-sdk/sdk/2.1.1/src/rp2_common/hardware_gpio/gpio.c.obj
                0x10000ce4                gpio_set_slew_rate
 .text.gpio_set_drive_strength
                0x10000d00       0x20 CMakeFiles/firmware.dir/C_/Users/nahue/.pico-sdk/sdk/2.1.1/src/rp2_common/hardware_gpio/gpio.c.obj
                0x10000d00                gpio_set_drive_strength
 .text.gpio_set_input_enabled
                0x10000d20       0x20 CMakeFiles/firmware.dir/C_/Users/nahue/.pico-sdk/sdk/2.1.1/src/rp2_common/hardware_gpio/gpio.c.obj
                0x10000d20                gpio_set_input_enabled
 .text.gpio_init
                0x10000d40       0x48 CMakeFiles/firmware.dir/C_/Users/nahue/.pico-sdk/sdk/2.1.1/src/rp2_common/hardware_gpio/gpio.c.obj
                0x10000d40                gpio_init
 .text.gpio_deinit
                0x10000d88       0x40 CMakeFiles/firmware.dir/C_/Users/nahue/.pico-sdk/sdk/2.1.1/src/rp2_common/hardware_gpio/gpio.c.obj
                0x10000d88                gpio_deinit
 .text.panic    0x10000dc8       0x30 CMakeFiles/firmware.dir/C_/Users/nahue/.pico-sdk/sdk/2.1.1/src/rp2_common/pico_platform_panic/panic.c.obj
                0x10000dc8                panic
 .text.hw_claim_lock
                0x10000df8       0x24 CMakeFiles/firmware.dir/C_/Users/nahue/.pico-sdk/sdk/2.1.1/src/common/hardware_claim/claim.c.obj
                0x10000df8                hw_claim_lock
 .text.hw_claim_unlock
                0x10000e1c       0x14 CMakeFiles/firmware.dir/C_/Users/nahue/.pico-sdk/sdk/2.1.1/src/common/hardware_claim/claim.c.obj
                0x10000e1c                hw_claim_unlock
 .text.hw_claim_or_assert
                0x10000e30       0x58 CMakeFiles/firmware.dir/C_/Users/nahue/.pico-sdk/sdk/2.1.1/src/common/hardware_claim/claim.c.obj
                0x10000e30                hw_claim_or_assert
 .text.hw_claim_unused_from_range
                0x10000e88       0x80 CMakeFiles/firmware.dir/C_/Users/nahue/.pico-sdk/sdk/2.1.1/src/common/hardware_claim/claim.c.obj
                0x10000e88                hw_claim_unused_from_range
 .text.next_striped_spin_lock_num
                0x10000f08       0x18 CMakeFiles/firmware.dir/C_/Users/nahue/.pico-sdk/sdk/2.1.1/src/rp2_common/hardware_sync/sync.c.obj
                0x10000f08                next_striped_spin_lock_num
 .text.spin_lock_claim_unused
                0x10000f20       0x20 CMakeFiles/firmware.dir/C_/Users/nahue/.pico-sdk/sdk/2.1.1/src/rp2_common/hardware_sync/sync.c.obj
                0x10000f20                spin_lock_claim_unused
 .text.spinlock_set_extexclall
                0x10000f40       0x10 CMakeFiles/firmware.dir/C_/Users/nahue/.pico-sdk/sdk/2.1.1/src/rp2_common/hardware_sync_spin_lock/sync_spin_lock.c.obj
 .text.spin_locks_reset
                0x10000f50       0x18 CMakeFiles/firmware.dir/C_/Users/nahue/.pico-sdk/sdk/2.1.1/src/rp2_common/hardware_sync_spin_lock/sync_spin_lock.c.obj
                0x10000f50                spin_locks_reset
 .text.runtime_init_per_core_irq_priorities
                0x10000f68       0x40 CMakeFiles/firmware.dir/C_/Users/nahue/.pico-sdk/sdk/2.1.1/src/rp2_common/hardware_irq/irq.c.obj
                0x10000f68                runtime_init_per_core_irq_priorities
 .text.irq_set_enabled
                0x10000fa8       0x2c CMakeFiles/firmware.dir/C_/Users/nahue/.pico-sdk/sdk/2.1.1/src/rp2_common/hardware_irq/irq.c.obj
                0x10000fa8                irq_set_enabled
 .text.irq_is_enabled
                0x10000fd4       0x20 CMakeFiles/firmware.dir/C_/Users/nahue/.pico-sdk/sdk/2.1.1/src/rp2_common/hardware_irq/irq.c.obj
                0x10000fd4                irq_is_enabled
 .text.irq_set_pending
                0x10000ff4       0x18 CMakeFiles/firmware.dir/C_/Users/nahue/.pico-sdk/sdk/2.1.1/src/rp2_common/hardware_irq/irq.c.obj
                0x10000ff4                irq_set_pending
 .text.irq_has_shared_handler
                0x1000100c       0x20 CMakeFiles/firmware.dir/C_/Users/nahue/.pico-sdk/sdk/2.1.1/src/rp2_common/hardware_irq/irq.c.obj
                0x1000100c                irq_has_shared_handler
 .text.irq_set_exclusive_handler
                0x1000102c       0x60 CMakeFiles/firmware.dir/C_/Users/nahue/.pico-sdk/sdk/2.1.1/src/rp2_common/hardware_irq/irq.c.obj
                0x1000102c                irq_set_exclusive_handler
 .text.irq_add_shared_handler
                0x1000108c      0x1e8 CMakeFiles/firmware.dir/C_/Users/nahue/.pico-sdk/sdk/2.1.1/src/rp2_common/hardware_irq/irq.c.obj
                0x1000108c                irq_add_shared_handler
 .text.irq_add_tail_to_free_list
                0x10001274       0xbc CMakeFiles/firmware.dir/C_/Users/nahue/.pico-sdk/sdk/2.1.1/src/rp2_common/hardware_irq/irq.c.obj
                0x10001274                irq_add_tail_to_free_list
 .text.user_irq_claim_unused
                0x10001330       0x28 CMakeFiles/firmware.dir/C_/Users/nahue/.pico-sdk/sdk/2.1.1/src/rp2_common/hardware_irq/irq.c.obj
                0x10001330                user_irq_claim_unused
 .text.lock_init
                0x10001358        0xc CMakeFiles/firmware.dir/C_/Users/nahue/.pico-sdk/sdk/2.1.1/src/common/pico_sync/lock_core.c.obj
                0x10001358                lock_init
 .text.runtime_init_mutex
                0x10001364       0x4c CMakeFiles/firmware.dir/C_/Users/nahue/.pico-sdk/sdk/2.1.1/src/common/pico_sync/mutex.c.obj
                0x10001364                runtime_init_mutex
 .text.mutex_init
                0x100013b0       0x1c CMakeFiles/firmware.dir/C_/Users/nahue/.pico-sdk/sdk/2.1.1/src/common/pico_sync/mutex.c.obj
                0x100013b0                mutex_init
 .text.critical_section_init
                0x100013cc       0x1c CMakeFiles/firmware.dir/C_/Users/nahue/.pico-sdk/sdk/2.1.1/src/common/pico_sync/critical_section.c.obj
                0x100013cc                critical_section_init
 .text.critical_section_init_with_lock_num
                0x100013e8       0x10 CMakeFiles/firmware.dir/C_/Users/nahue/.pico-sdk/sdk/2.1.1/src/common/pico_sync/critical_section.c.obj
                0x100013e8                critical_section_init_with_lock_num
 .text.sleep_until_callback
                0x100013f8       0x3c CMakeFiles/firmware.dir/C_/Users/nahue/.pico-sdk/sdk/2.1.1/src/common/pico_time/time.c.obj
 *fill*         0x10001434        0x4 
 .text.alarm_pool_irq_handler
                0x10001438      0x2f0 CMakeFiles/firmware.dir/C_/Users/nahue/.pico-sdk/sdk/2.1.1/src/common/pico_time/time.c.obj
 .text.runtime_init_default_alarm_pool
                0x10001728      0x100 CMakeFiles/firmware.dir/C_/Users/nahue/.pico-sdk/sdk/2.1.1/src/common/pico_time/time.c.obj
                0x10001728                runtime_init_default_alarm_pool
 .text.alarm_pool_get_default
                0x10001828        0x8 CMakeFiles/firmware.dir/C_/Users/nahue/.pico-sdk/sdk/2.1.1/src/common/pico_time/time.c.obj
                0x10001828                alarm_pool_get_default
 .text.alarm_pool_add_alarm_at
                0x10001830       0xdc CMakeFiles/firmware.dir/C_/Users/nahue/.pico-sdk/sdk/2.1.1/src/common/pico_time/time.c.obj
                0x10001830                alarm_pool_add_alarm_at
 .text.alarm_pool_add_alarm_at_force_in_context
                0x1000190c       0xc8 CMakeFiles/firmware.dir/C_/Users/nahue/.pico-sdk/sdk/2.1.1/src/common/pico_time/time.c.obj
                0x1000190c                alarm_pool_add_alarm_at_force_in_context
 .text.alarm_pool_cancel_alarm
                0x100019d4       0x80 CMakeFiles/firmware.dir/C_/Users/nahue/.pico-sdk/sdk/2.1.1/src/common/pico_time/time.c.obj
                0x100019d4                alarm_pool_cancel_alarm
 .text.alarm_pool_core_num
                0x10001a54        0x4 CMakeFiles/firmware.dir/C_/Users/nahue/.pico-sdk/sdk/2.1.1/src/common/pico_time/time.c.obj
                0x10001a54                alarm_pool_core_num
 .text.sleep_us
                0x10001a58       0xd8 CMakeFiles/firmware.dir/C_/Users/nahue/.pico-sdk/sdk/2.1.1/src/common/pico_time/time.c.obj
                0x10001a58                sleep_us
 .text.sleep_ms
                0x10001b30       0xdc CMakeFiles/firmware.dir/C_/Users/nahue/.pico-sdk/sdk/2.1.1/src/common/pico_time/time.c.obj
                0x10001b30                sleep_ms
 .text.best_effort_wfe_or_timeout
                0x10001c0c       0xd4 CMakeFiles/firmware.dir/C_/Users/nahue/.pico-sdk/sdk/2.1.1/src/common/pico_time/time.c.obj
                0x10001c0c                best_effort_wfe_or_timeout
 .text.timer_hardware_alarm_claim
                0x10001ce0       0x24 CMakeFiles/firmware.dir/C_/Users/nahue/.pico-sdk/sdk/2.1.1/src/rp2_common/hardware_timer/timer.c.obj
                0x10001ce0                timer_hardware_alarm_claim
 .text.timer_time_us_64
                0x10001d04       0x10 CMakeFiles/firmware.dir/C_/Users/nahue/.pico-sdk/sdk/2.1.1/src/rp2_common/hardware_timer/timer.c.obj
                0x10001d04                timer_time_us_64
 .text.time_us_64
                0x10001d14       0x14 CMakeFiles/firmware.dir/C_/Users/nahue/.pico-sdk/sdk/2.1.1/src/rp2_common/hardware_timer/timer.c.obj
                0x10001d14                time_us_64
 .text.busy_wait_until
                0x10001d28       0x24 CMakeFiles/firmware.dir/C_/Users/nahue/.pico-sdk/sdk/2.1.1/src/rp2_common/hardware_timer/timer.c.obj
                0x10001d28                busy_wait_until
 .text.ms_to_timespec
                0x10001d4c       0x20 CMakeFiles/firmware.dir/C_/Users/nahue/.pico-sdk/sdk/2.1.1/src/common/pico_util/datetime.c.obj
                0x10001d4c                ms_to_timespec
 .text.clock_configure_undivided
                0x10001d6c       0xd0 CMakeFiles/firmware.dir/C_/Users/nahue/.pico-sdk/sdk/2.1.1/src/rp2_common/hardware_clocks/clocks.c.obj
                0x10001d6c                clock_configure_undivided
 .text.clock_get_hz
                0x10001e3c        0xc CMakeFiles/firmware.dir/C_/Users/nahue/.pico-sdk/sdk/2.1.1/src/rp2_common/hardware_clocks/clocks.c.obj
                0x10001e3c                clock_get_hz
 .text.pll_init
                0x10001e48       0x8c CMakeFiles/firmware.dir/C_/Users/nahue/.pico-sdk/sdk/2.1.1/src/rp2_common/hardware_pll/pll.c.obj
                0x10001e48                pll_init
 .text.watchdog_reboot
                0x10001ed4       0x98 CMakeFiles/firmware.dir/C_/Users/nahue/.pico-sdk/sdk/2.1.1/src/rp2_common/hardware_watchdog/watchdog.c.obj
                0x10001ed4                watchdog_reboot
 .text.tick_start
                0x10001f6c       0x18 CMakeFiles/firmware.dir/C_/Users/nahue/.pico-sdk/sdk/2.1.1/src/rp2_common/hardware_ticks/ticks.c.obj
                0x10001f6c                tick_start
 .text.rom_reboot.constprop.0.isra.0
                0x10001f84       0x34 CMakeFiles/firmware.dir/C_/Users/nahue/.pico-sdk/sdk/2.1.1/src/rp2_common/pico_bootrom/bootrom.c.obj
 .text.rom_func_lookup
                0x10001fb8       0x18 CMakeFiles/firmware.dir/C_/Users/nahue/.pico-sdk/sdk/2.1.1/src/rp2_common/pico_bootrom/bootrom.c.obj
                0x10001fb8                rom_func_lookup
 .text.rom_reset_usb_boot_extra
                0x10001fd0       0x1c CMakeFiles/firmware.dir/C_/Users/nahue/.pico-sdk/sdk/2.1.1/src/rp2_common/pico_bootrom/bootrom.c.obj
                0x10001fd0                rom_reset_usb_boot_extra
 .text.runtime_init_bootrom_locking_enable
                0x10001fec       0x14 CMakeFiles/firmware.dir/C_/Users/nahue/.pico-sdk/sdk/2.1.1/src/rp2_common/pico_bootrom/bootrom_lock.c.obj
                0x10001fec                runtime_init_bootrom_locking_enable
 .text.runtime_init_boot_locks_reset
                0x10002000       0x1c CMakeFiles/firmware.dir/C_/Users/nahue/.pico-sdk/sdk/2.1.1/src/rp2_common/hardware_boot_lock/boot_lock.c.obj
                0x10002000                runtime_init_boot_locks_reset
 .text.xosc_init
                0x1000201c       0x30 CMakeFiles/firmware.dir/C_/Users/nahue/.pico-sdk/sdk/2.1.1/src/rp2_common/hardware_xosc/xosc.c.obj
                0x1000201c                xosc_init
 .text.first_per_core_initializer
                0x1000204c        0x4 CMakeFiles/firmware.dir/C_/Users/nahue/.pico-sdk/sdk/2.1.1/src/rp2_common/pico_runtime/runtime.c.obj
 .text.hard_assertion_failure
                0x10002050        0xc CMakeFiles/firmware.dir/C_/Users/nahue/.pico-sdk/sdk/2.1.1/src/rp2_common/pico_runtime/runtime.c.obj
                0x10002050                hard_assertion_failure
 .text.runtime_run_initializers
                0x1000205c       0x20 CMakeFiles/firmware.dir/C_/Users/nahue/.pico-sdk/sdk/2.1.1/src/rp2_common/pico_runtime/runtime.c.obj
                0x1000205c                runtime_run_initializers
 .text.runtime_init_early_resets
                0x1000207c       0x34 CMakeFiles/firmware.dir/C_/Users/nahue/.pico-sdk/sdk/2.1.1/src/rp2_common/pico_runtime_init/runtime_init.c.obj
                0x1000207c                runtime_init_early_resets
 .text.runtime_init_usb_power_down
                0x100020b0       0x1c CMakeFiles/firmware.dir/C_/Users/nahue/.pico-sdk/sdk/2.1.1/src/rp2_common/pico_runtime_init/runtime_init.c.obj
                0x100020b0                runtime_init_usb_power_down
 .text.runtime_init_per_core_enable_coprocessors
                0x100020cc       0x1c CMakeFiles/firmware.dir/C_/Users/nahue/.pico-sdk/sdk/2.1.1/src/rp2_common/pico_runtime_init/runtime_init.c.obj
                0x100020cc                runtime_init_per_core_enable_coprocessors
 .text.runtime_init_post_clock_resets
                0x100020e8       0x20 CMakeFiles/firmware.dir/C_/Users/nahue/.pico-sdk/sdk/2.1.1/src/rp2_common/pico_runtime_init/runtime_init.c.obj
                0x100020e8                runtime_init_post_clock_resets
 .text.runtime_init_bootrom_reset
                0x10002108       0x14 CMakeFiles/firmware.dir/C_/Users/nahue/.pico-sdk/sdk/2.1.1/src/rp2_common/pico_runtime_init/runtime_init.c.obj
                0x10002108                runtime_init_bootrom_reset
 .text.runtime_init_per_core_bootrom_reset
                0x1000211c       0x14 CMakeFiles/firmware.dir/C_/Users/nahue/.pico-sdk/sdk/2.1.1/src/rp2_common/pico_runtime_init/runtime_init.c.obj
                0x1000211c                runtime_init_per_core_bootrom_reset
 .text.runtime_init_spin_locks_reset
                0x10002130        0x4 CMakeFiles/firmware.dir/C_/Users/nahue/.pico-sdk/sdk/2.1.1/src/rp2_common/pico_runtime_init/runtime_init.c.obj
                0x10002130                runtime_init_spin_locks_reset
 .text.runtime_init_install_ram_vector_table
                0x10002134       0x20 CMakeFiles/firmware.dir/C_/Users/nahue/.pico-sdk/sdk/2.1.1/src/rp2_common/pico_runtime_init/runtime_init.c.obj
                0x10002134                runtime_init_install_ram_vector_table
 .text.runtime_init_clocks
                0x10002154       0xdc CMakeFiles/firmware.dir/C_/Users/nahue/.pico-sdk/sdk/2.1.1/src/rp2_common/pico_runtime_init/runtime_init_clocks.c.obj
                0x10002154                runtime_init_clocks
 .text.__rp2350_dcp_engaged_state_save_restore
                0x10002230       0x3a CMakeFiles/firmware.dir/C_/Users/nahue/.pico-sdk/sdk/2.1.1/src/rp2_common/pico_double/double_aeabi_dcp.S.obj
 *fill*         0x1000226a        0x2 
 .text.__wrap___aeabi_dadd
                0x1000226c       0x28 CMakeFiles/firmware.dir/C_/Users/nahue/.pico-sdk/sdk/2.1.1/src/rp2_common/pico_double/double_aeabi_dcp.S.obj
                0x10002274                __wrap___aeabi_dadd
 .text.__wrap___aeabi_dsub
                0x10002294       0x28 CMakeFiles/firmware.dir/C_/Users/nahue/.pico-sdk/sdk/2.1.1/src/rp2_common/pico_double/double_aeabi_dcp.S.obj
                0x1000229c                __wrap___aeabi_dsub
 .text.__wrap___aeabi_dmul
                0x100022bc       0x4c CMakeFiles/firmware.dir/C_/Users/nahue/.pico-sdk/sdk/2.1.1/src/rp2_common/pico_double/double_aeabi_dcp.S.obj
                0x100022c4                __wrap___aeabi_dmul
 .text.__wrap___aeabi_ddiv
                0x10002308       0x9c CMakeFiles/firmware.dir/C_/Users/nahue/.pico-sdk/sdk/2.1.1/src/rp2_common/pico_double/double_aeabi_dcp.S.obj
                0x10002310                __wrap___aeabi_ddiv
 .text.__wrap___aeabi_d2f
                0x100023a4       0x1c CMakeFiles/firmware.dir/C_/Users/nahue/.pico-sdk/sdk/2.1.1/src/rp2_common/pico_double/double_aeabi_dcp.S.obj
                0x100023ac                __wrap___aeabi_d2f
                0x100023ac                double2float
 .text.__wrap___aeabi_i2d
                0x100023c0       0x24 CMakeFiles/firmware.dir/C_/Users/nahue/.pico-sdk/sdk/2.1.1/src/rp2_common/pico_double/double_aeabi_dcp.S.obj
                0x100023c8                int2double
                0x100023c8                __wrap___aeabi_i2d
 .text.__wrap___aeabi_ui2d
                0x100023e4       0x24 CMakeFiles/firmware.dir/C_/Users/nahue/.pico-sdk/sdk/2.1.1/src/rp2_common/pico_double/double_aeabi_dcp.S.obj
                0x100023ec                uint2double
                0x100023ec                __wrap___aeabi_ui2d
 .text.__wrap___aeabi_d2iz
                0x10002408       0x24 CMakeFiles/firmware.dir/C_/Users/nahue/.pico-sdk/sdk/2.1.1/src/rp2_common/pico_double/double_aeabi_dcp.S.obj
                0x10002410                double2int_z
                0x10002410                __wrap___aeabi_d2iz
 .text.__wrap___aeabi_d2uiz
                0x1000242c       0x24 CMakeFiles/firmware.dir/C_/Users/nahue/.pico-sdk/sdk/2.1.1/src/rp2_common/pico_double/double_aeabi_dcp.S.obj
                0x10002434                double2uint
                0x10002434                __wrap___aeabi_d2uiz
                0x10002434                double2uint_z
 .text.__wrap___aeabi_dcmpun
                0x10002450       0x24 CMakeFiles/firmware.dir/C_/Users/nahue/.pico-sdk/sdk/2.1.1/src/rp2_common/pico_double/double_aeabi_dcp.S.obj
                0x10002458                __wrap___aeabi_dcmpun
 .text.__wrap___aeabi_dcmpeq
                0x10002474       0x24 CMakeFiles/firmware.dir/C_/Users/nahue/.pico-sdk/sdk/2.1.1/src/rp2_common/pico_double/double_aeabi_dcp.S.obj
                0x1000247c                __wrap___aeabi_dcmpeq
 .text.__wrap___aeabi_dcmplt
                0x10002498       0x28 CMakeFiles/firmware.dir/C_/Users/nahue/.pico-sdk/sdk/2.1.1/src/rp2_common/pico_double/double_aeabi_dcp.S.obj
                0x100024a0                __wrap___aeabi_dcmplt
 .text.__wrap___aeabi_dcmple
                0x100024c0       0x28 CMakeFiles/firmware.dir/C_/Users/nahue/.pico-sdk/sdk/2.1.1/src/rp2_common/pico_double/double_aeabi_dcp.S.obj
                0x100024c8                __wrap___aeabi_dcmple
 .text.__wrap___aeabi_dcmpge
                0x100024e8       0x28 CMakeFiles/firmware.dir/C_/Users/nahue/.pico-sdk/sdk/2.1.1/src/rp2_common/pico_double/double_aeabi_dcp.S.obj
                0x100024f0                __wrap___aeabi_dcmpge
 .text.__wrap___aeabi_dcmpgt
                0x10002510       0x28 CMakeFiles/firmware.dir/C_/Users/nahue/.pico-sdk/sdk/2.1.1/src/rp2_common/pico_double/double_aeabi_dcp.S.obj
                0x10002518                __wrap___aeabi_dcmpgt
 .text.__wrap_malloc
                0x10002538       0x24 CMakeFiles/firmware.dir/C_/Users/nahue/.pico-sdk/sdk/2.1.1/src/rp2_common/pico_malloc/malloc.c.obj
                0x10002538                __wrap_malloc
 .text.__wrap_realloc
                0x1000255c       0x24 CMakeFiles/firmware.dir/C_/Users/nahue/.pico-sdk/sdk/2.1.1/src/rp2_common/pico_malloc/malloc.c.obj
                0x1000255c                __wrap_realloc
 .text.__wrap_free
                0x10002580        0x4 CMakeFiles/firmware.dir/C_/Users/nahue/.pico-sdk/sdk/2.1.1/src/rp2_common/pico_malloc/malloc.c.obj
                0x10002580                __wrap_free
 .text._out_buffer
                0x10002584        0x8 CMakeFiles/firmware.dir/C_/Users/nahue/.pico-sdk/sdk/2.1.1/src/rp2_common/pico_printf/printf.c.obj
 .text._out_null
                0x1000258c        0x4 CMakeFiles/firmware.dir/C_/Users/nahue/.pico-sdk/sdk/2.1.1/src/rp2_common/pico_printf/printf.c.obj
 .text._out_rev
                0x10002590       0x9c CMakeFiles/firmware.dir/C_/Users/nahue/.pico-sdk/sdk/2.1.1/src/rp2_common/pico_printf/printf.c.obj
 .text._ntoa_format
                0x1000262c      0x1d4 CMakeFiles/firmware.dir/C_/Users/nahue/.pico-sdk/sdk/2.1.1/src/rp2_common/pico_printf/printf.c.obj
 .text._out_char
                0x10002800        0x8 CMakeFiles/firmware.dir/C_/Users/nahue/.pico-sdk/sdk/2.1.1/src/rp2_common/pico_printf/printf.c.obj
 .text._out_fct
                0x10002808        0xc CMakeFiles/firmware.dir/C_/Users/nahue/.pico-sdk/sdk/2.1.1/src/rp2_common/pico_printf/printf.c.obj
 *fill*         0x10002814        0x4 
 .text._ftoa    0x10002818      0x4bc CMakeFiles/firmware.dir/C_/Users/nahue/.pico-sdk/sdk/2.1.1/src/rp2_common/pico_printf/printf.c.obj
 *fill*         0x10002cd4        0x4 
 .text._etoa    0x10002cd8      0x574 CMakeFiles/firmware.dir/C_/Users/nahue/.pico-sdk/sdk/2.1.1/src/rp2_common/pico_printf/printf.c.obj
 .text._vsnprintf
                0x1000324c      0x9e4 CMakeFiles/firmware.dir/C_/Users/nahue/.pico-sdk/sdk/2.1.1/src/rp2_common/pico_printf/printf.c.obj
 .text.__wrap_sprintf
                0x10003c30       0x2c CMakeFiles/firmware.dir/C_/Users/nahue/.pico-sdk/sdk/2.1.1/src/rp2_common/pico_printf/printf.c.obj
                0x10003c30                __wrap_sprintf
 .text.__wrap_snprintf
                0x10003c5c       0x2c CMakeFiles/firmware.dir/C_/Users/nahue/.pico-sdk/sdk/2.1.1/src/rp2_common/pico_printf/printf.c.obj
                0x10003c5c                __wrap_snprintf
 .text.__wrap_vsnprintf
                0x10003c88       0x24 CMakeFiles/firmware.dir/C_/Users/nahue/.pico-sdk/sdk/2.1.1/src/rp2_common/pico_printf/printf.c.obj
                0x10003c88                __wrap_vsnprintf
 .text.vfctprintf
                0x10003cac       0x28 CMakeFiles/firmware.dir/C_/Users/nahue/.pico-sdk/sdk/2.1.1/src/rp2_common/pico_printf/printf.c.obj
                0x10003cac                vfctprintf
 .text.weak_raw_vprintf
                0x10003cd4       0x30 CMakeFiles/firmware.dir/C_/Users/nahue/.pico-sdk/sdk/2.1.1/src/rp2_common/pico_printf/printf.c.obj
                0x10003cd4                weak_raw_vprintf
 .text._exit    0x10003d04        0x4 CMakeFiles/firmware.dir/C_/Users/nahue/.pico-sdk/sdk/2.1.1/src/rp2_common/pico_clib_interface/newlib_interface.c.obj
                0x10003d04                _exit
 .text._sbrk    0x10003d08       0x2c CMakeFiles/firmware.dir/C_/Users/nahue/.pico-sdk/sdk/2.1.1/src/rp2_common/pico_clib_interface/newlib_interface.c.obj
                0x10003d08                _sbrk
 .text.exit     0x10003d34        0x8 CMakeFiles/firmware.dir/C_/Users/nahue/.pico-sdk/sdk/2.1.1/src/rp2_common/pico_clib_interface/newlib_interface.c.obj
                0x10003d34                exit
 .text.runtime_init
                0x10003d3c       0x24 CMakeFiles/firmware.dir/C_/Users/nahue/.pico-sdk/sdk/2.1.1/src/rp2_common/pico_clib_interface/newlib_interface.c.obj
                0x10003d3c                runtime_init
 .text.stdio_out_chars_no_crlf
                0x10003d60        0x8 CMakeFiles/firmware.dir/C_/Users/nahue/.pico-sdk/sdk/2.1.1/src/rp2_common/pico_stdio/stdio.c.obj
 .text.stdio_out_chars_crlf
                0x10003d68       0xb0 CMakeFiles/firmware.dir/C_/Users/nahue/.pico-sdk/sdk/2.1.1/src/rp2_common/pico_stdio/stdio.c.obj
 .text.stdio_buffered_printer
                0x10003e18       0x60 CMakeFiles/firmware.dir/C_/Users/nahue/.pico-sdk/sdk/2.1.1/src/rp2_common/pico_stdio/stdio.c.obj
 .text.stdio_put_string
                0x10003e78       0xec CMakeFiles/firmware.dir/C_/Users/nahue/.pico-sdk/sdk/2.1.1/src/rp2_common/pico_stdio/stdio.c.obj
                0x10003e78                stdio_put_string
 .text.stdio_set_driver_enabled
                0x10003f64       0x28 CMakeFiles/firmware.dir/C_/Users/nahue/.pico-sdk/sdk/2.1.1/src/rp2_common/pico_stdio/stdio.c.obj
                0x10003f64                stdio_set_driver_enabled
 .text.stdio_init_all
                0x10003f8c        0x4 CMakeFiles/firmware.dir/C_/Users/nahue/.pico-sdk/sdk/2.1.1/src/rp2_common/pico_stdio/stdio.c.obj
                0x10003f8c                stdio_init_all
 .text.__wrap_putchar
                0x10003f90       0x84 CMakeFiles/firmware.dir/C_/Users/nahue/.pico-sdk/sdk/2.1.1/src/rp2_common/pico_stdio/stdio.c.obj
                0x10003f90                __wrap_putchar
                0x10003f90                stdio_putchar
 .text.__wrap_puts
                0x10004014       0x3c CMakeFiles/firmware.dir/C_/Users/nahue/.pico-sdk/sdk/2.1.1/src/rp2_common/pico_stdio/stdio.c.obj
                0x10004014                stdio_puts
                0x10004014                __wrap_puts
 .text.__wrap_vprintf
                0x10004050       0xc4 CMakeFiles/firmware.dir/C_/Users/nahue/.pico-sdk/sdk/2.1.1/src/rp2_common/pico_stdio/stdio.c.obj
                0x10004050                stdio_vprintf
                0x10004050                __wrap_vprintf
 .text.__wrap_printf
                0x10004114       0x1c CMakeFiles/firmware.dir/C_/Users/nahue/.pico-sdk/sdk/2.1.1/src/rp2_common/pico_stdio/stdio.c.obj
                0x10004114                __wrap_printf
                0x10004114                stdio_printf
 .text.resetd_init
                0x10004130        0x4 CMakeFiles/firmware.dir/C_/Users/nahue/.pico-sdk/sdk/2.1.1/src/rp2_common/pico_stdio_usb/reset_interface.c.obj
 .text.resetd_reset
                0x10004134        0xc CMakeFiles/firmware.dir/C_/Users/nahue/.pico-sdk/sdk/2.1.1/src/rp2_common/pico_stdio_usb/reset_interface.c.obj
 .text.resetd_open
                0x10004140       0x28 CMakeFiles/firmware.dir/C_/Users/nahue/.pico-sdk/sdk/2.1.1/src/rp2_common/pico_stdio_usb/reset_interface.c.obj
 .text.resetd_xfer_cb
                0x10004168        0x4 CMakeFiles/firmware.dir/C_/Users/nahue/.pico-sdk/sdk/2.1.1/src/rp2_common/pico_stdio_usb/reset_interface.c.obj
 .text.resetd_control_xfer_cb
                0x1000416c       0x50 CMakeFiles/firmware.dir/C_/Users/nahue/.pico-sdk/sdk/2.1.1/src/rp2_common/pico_stdio_usb/reset_interface.c.obj
 .text.tud_descriptor_bos_cb
                0x100041bc        0x8 CMakeFiles/firmware.dir/C_/Users/nahue/.pico-sdk/sdk/2.1.1/src/rp2_common/pico_stdio_usb/reset_interface.c.obj
                0x100041bc                tud_descriptor_bos_cb
 .text.tud_vendor_control_xfer_cb
                0x100041c4       0x28 CMakeFiles/firmware.dir/C_/Users/nahue/.pico-sdk/sdk/2.1.1/src/rp2_common/pico_stdio_usb/reset_interface.c.obj
                0x100041c4                tud_vendor_control_xfer_cb
 .text.usbd_app_driver_get_cb
                0x100041ec       0x10 CMakeFiles/firmware.dir/C_/Users/nahue/.pico-sdk/sdk/2.1.1/src/rp2_common/pico_stdio_usb/reset_interface.c.obj
                0x100041ec                usbd_app_driver_get_cb
 .text.tud_cdc_line_coding_cb
                0x100041fc       0x18 CMakeFiles/firmware.dir/C_/Users/nahue/.pico-sdk/sdk/2.1.1/src/rp2_common/pico_stdio_usb/reset_interface.c.obj
                0x100041fc                tud_cdc_line_coding_cb
 .text.stdio_usb_set_chars_available_callback
                0x10004214       0x14 CMakeFiles/firmware.dir/C_/Users/nahue/.pico-sdk/sdk/2.1.1/src/rp2_common/pico_stdio_usb/stdio_usb.c.obj
                0x10004214                stdio_usb_set_chars_available_callback
 .text.timer_task
                0x10004228       0x70 CMakeFiles/firmware.dir/C_/Users/nahue/.pico-sdk/sdk/2.1.1/src/rp2_common/pico_stdio_usb/stdio_usb.c.obj
 .text.usb_irq  0x10004298        0xc CMakeFiles/firmware.dir/C_/Users/nahue/.pico-sdk/sdk/2.1.1/src/rp2_common/pico_stdio_usb/stdio_usb.c.obj
 .text.stdio_usb_in_chars
                0x100042a4       0x88 CMakeFiles/firmware.dir/C_/Users/nahue/.pico-sdk/sdk/2.1.1/src/rp2_common/pico_stdio_usb/stdio_usb.c.obj
                0x100042a4                stdio_usb_in_chars
 .text.stdio_usb_out_flush
                0x1000432c       0x54 CMakeFiles/firmware.dir/C_/Users/nahue/.pico-sdk/sdk/2.1.1/src/rp2_common/pico_stdio_usb/stdio_usb.c.obj
 .text.stdio_usb_out_chars
                0x10004380       0xf4 CMakeFiles/firmware.dir/C_/Users/nahue/.pico-sdk/sdk/2.1.1/src/rp2_common/pico_stdio_usb/stdio_usb.c.obj
 .text.low_priority_worker_irq
                0x10004474       0xd8 CMakeFiles/firmware.dir/C_/Users/nahue/.pico-sdk/sdk/2.1.1/src/rp2_common/pico_stdio_usb/stdio_usb.c.obj
 .text.stdio_usb_init
                0x1000454c       0xe8 CMakeFiles/firmware.dir/C_/Users/nahue/.pico-sdk/sdk/2.1.1/src/rp2_common/pico_stdio_usb/stdio_usb.c.obj
                0x1000454c                stdio_usb_init
 .text.tud_descriptor_device_cb
                0x10004634        0x8 CMakeFiles/firmware.dir/C_/Users/nahue/.pico-sdk/sdk/2.1.1/src/rp2_common/pico_stdio_usb/stdio_usb_descriptors.c.obj
                0x10004634                tud_descriptor_device_cb
 .text.tud_descriptor_configuration_cb
                0x1000463c        0x8 CMakeFiles/firmware.dir/C_/Users/nahue/.pico-sdk/sdk/2.1.1/src/rp2_common/pico_stdio_usb/stdio_usb_descriptors.c.obj
                0x1000463c                tud_descriptor_configuration_cb
 .text.tud_descriptor_string_cb
                0x10004644       0x70 CMakeFiles/firmware.dir/C_/Users/nahue/.pico-sdk/sdk/2.1.1/src/rp2_common/pico_stdio_usb/stdio_usb_descriptors.c.obj
                0x10004644                tud_descriptor_string_cb
 .text.startup._retrieve_unique_id_on_boot
                0x100046b4       0x30 CMakeFiles/firmware.dir/C_/Users/nahue/.pico-sdk/sdk/2.1.1/src/rp2_common/pico_unique_id/unique_id.c.obj
 .text.pico_get_unique_board_id_string
                0x100046e4      0x184 CMakeFiles/firmware.dir/C_/Users/nahue/.pico-sdk/sdk/2.1.1/src/rp2_common/pico_unique_id/unique_id.c.obj
                0x100046e4                pico_get_unique_board_id_string
 .text.dcd_init
                0x10004868       0x8c CMakeFiles/firmware.dir/C_/Users/nahue/.pico-sdk/sdk/2.1.1/lib/tinyusb/src/portable/raspberrypi/rp2040/dcd_rp2040.c.obj
                0x10004868                dcd_init
 .text.dcd_int_enable
                0x100048f4        0x8 CMakeFiles/firmware.dir/C_/Users/nahue/.pico-sdk/sdk/2.1.1/lib/tinyusb/src/portable/raspberrypi/rp2040/dcd_rp2040.c.obj
                0x100048f4                dcd_int_enable
 .text.dcd_set_address
                0x100048fc       0x10 CMakeFiles/firmware.dir/C_/Users/nahue/.pico-sdk/sdk/2.1.1/lib/tinyusb/src/portable/raspberrypi/rp2040/dcd_rp2040.c.obj
                0x100048fc                dcd_set_address
 .text.dcd_sof_enable
                0x1000490c       0x1c CMakeFiles/firmware.dir/C_/Users/nahue/.pico-sdk/sdk/2.1.1/lib/tinyusb/src/portable/raspberrypi/rp2040/dcd_rp2040.c.obj
                0x1000490c                dcd_sof_enable
 .text.dcd_edpt0_status_complete
                0x10004928       0x1c CMakeFiles/firmware.dir/C_/Users/nahue/.pico-sdk/sdk/2.1.1/lib/tinyusb/src/portable/raspberrypi/rp2040/dcd_rp2040.c.obj
                0x10004928                dcd_edpt0_status_complete
 .text.dcd_edpt_open
                0x10004944      0x104 CMakeFiles/firmware.dir/C_/Users/nahue/.pico-sdk/sdk/2.1.1/lib/tinyusb/src/portable/raspberrypi/rp2040/dcd_rp2040.c.obj
                0x10004944                dcd_edpt_open
 .text.dcd_edpt_close_all
                0x10004a48        0x4 CMakeFiles/firmware.dir/C_/Users/nahue/.pico-sdk/sdk/2.1.1/lib/tinyusb/src/portable/raspberrypi/rp2040/dcd_rp2040.c.obj
                0x10004a48                dcd_edpt_close_all
 .text.dcd_edpt_xfer
                0x10004a4c       0x28 CMakeFiles/firmware.dir/C_/Users/nahue/.pico-sdk/sdk/2.1.1/lib/tinyusb/src/portable/raspberrypi/rp2040/dcd_rp2040.c.obj
                0x10004a4c                dcd_edpt_xfer
 .text.dcd_edpt_stall
                0x10004a74       0x30 CMakeFiles/firmware.dir/C_/Users/nahue/.pico-sdk/sdk/2.1.1/lib/tinyusb/src/portable/raspberrypi/rp2040/dcd_rp2040.c.obj
                0x10004a74                dcd_edpt_stall
 .text.dcd_edpt_clear_stall
                0x10004aa4       0x24 CMakeFiles/firmware.dir/C_/Users/nahue/.pico-sdk/sdk/2.1.1/lib/tinyusb/src/portable/raspberrypi/rp2040/dcd_rp2040.c.obj
                0x10004aa4                dcd_edpt_clear_stall
 .text.rp2040_usb_init
                0x10004ac8       0x40 CMakeFiles/firmware.dir/C_/Users/nahue/.pico-sdk/sdk/2.1.1/lib/tinyusb/src/portable/raspberrypi/rp2040/rp2040_usb.c.obj
                0x10004ac8                rp2040_usb_init
 .text.hw_endpoint_xfer_start
                0x10004b08       0x40 CMakeFiles/firmware.dir/C_/Users/nahue/.pico-sdk/sdk/2.1.1/lib/tinyusb/src/portable/raspberrypi/rp2040/rp2040_usb.c.obj
                0x10004b08                hw_endpoint_xfer_start
 .text.configuration_reset
                0x10004b48       0x8c CMakeFiles/firmware.dir/C_/Users/nahue/.pico-sdk/sdk/2.1.1/lib/tinyusb/src/device/usbd.c.obj
 .text.tud_event_hook_cb
                0x10004bd4        0x4 CMakeFiles/firmware.dir/C_/Users/nahue/.pico-sdk/sdk/2.1.1/lib/tinyusb/src/device/usbd.c.obj
                0x10004bd4                tud_event_hook_cb
 .text.tud_sof_cb
                0x10004bd8        0x4 CMakeFiles/firmware.dir/C_/Users/nahue/.pico-sdk/sdk/2.1.1/lib/tinyusb/src/device/usbd.c.obj
                0x10004bd8                tud_sof_cb
 .text.tud_descriptor_device_qualifier_cb
                0x10004bdc        0x4 CMakeFiles/firmware.dir/C_/Users/nahue/.pico-sdk/sdk/2.1.1/lib/tinyusb/src/device/usbd.c.obj
                0x10004bdc                tud_descriptor_device_qualifier_cb
 .text.tud_descriptor_other_speed_configuration_cb
                0x10004be0        0x4 CMakeFiles/firmware.dir/C_/Users/nahue/.pico-sdk/sdk/2.1.1/lib/tinyusb/src/device/usbd.c.obj
                0x10004be0                tud_descriptor_other_speed_configuration_cb
 .text.tud_mount_cb
                0x10004be4        0x4 CMakeFiles/firmware.dir/C_/Users/nahue/.pico-sdk/sdk/2.1.1/lib/tinyusb/src/device/usbd.c.obj
                0x10004be4                tud_mount_cb
 .text.tud_umount_cb
                0x10004be8        0x4 CMakeFiles/firmware.dir/C_/Users/nahue/.pico-sdk/sdk/2.1.1/lib/tinyusb/src/device/usbd.c.obj
                0x10004be8                tud_umount_cb
 .text.tud_suspend_cb
                0x10004bec        0x4 CMakeFiles/firmware.dir/C_/Users/nahue/.pico-sdk/sdk/2.1.1/lib/tinyusb/src/device/usbd.c.obj
                0x10004bec                tud_suspend_cb
 .text.tud_resume_cb
                0x10004bf0        0x4 CMakeFiles/firmware.dir/C_/Users/nahue/.pico-sdk/sdk/2.1.1/lib/tinyusb/src/device/usbd.c.obj
                0x10004bf0                tud_resume_cb
 .text.tud_mounted
                0x10004bf4       0x10 CMakeFiles/firmware.dir/C_/Users/nahue/.pico-sdk/sdk/2.1.1/lib/tinyusb/src/device/usbd.c.obj
                0x10004bf4                tud_mounted
 .text.tud_suspended
                0x10004c04       0x10 CMakeFiles/firmware.dir/C_/Users/nahue/.pico-sdk/sdk/2.1.1/lib/tinyusb/src/device/usbd.c.obj
                0x10004c04                tud_suspended
 .text.tud_rhport_init
                0x10004c14       0xf4 CMakeFiles/firmware.dir/C_/Users/nahue/.pico-sdk/sdk/2.1.1/lib/tinyusb/src/device/usbd.c.obj
                0x10004c14                tud_rhport_init
 .text.tud_task_ext
                0x10004d08      0x784 CMakeFiles/firmware.dir/C_/Users/nahue/.pico-sdk/sdk/2.1.1/lib/tinyusb/src/device/usbd.c.obj
                0x10004d08                tud_task_ext
 .text.usbd_open_edpt_pair
                0x1000548c       0x9c CMakeFiles/firmware.dir/C_/Users/nahue/.pico-sdk/sdk/2.1.1/lib/tinyusb/src/device/usbd.c.obj
                0x1000548c                usbd_open_edpt_pair
 .text.usbd_edpt_open
                0x10005528       0x44 CMakeFiles/firmware.dir/C_/Users/nahue/.pico-sdk/sdk/2.1.1/lib/tinyusb/src/device/usbd.c.obj
                0x10005528                usbd_edpt_open
 .text.usbd_edpt_claim
                0x1000556c       0x24 CMakeFiles/firmware.dir/C_/Users/nahue/.pico-sdk/sdk/2.1.1/lib/tinyusb/src/device/usbd.c.obj
                0x1000556c                usbd_edpt_claim
 .text.usbd_edpt_release
                0x10005590       0x24 CMakeFiles/firmware.dir/C_/Users/nahue/.pico-sdk/sdk/2.1.1/lib/tinyusb/src/device/usbd.c.obj
                0x10005590                usbd_edpt_release
 .text.usbd_edpt_xfer
                0x100055b4       0x70 CMakeFiles/firmware.dir/C_/Users/nahue/.pico-sdk/sdk/2.1.1/lib/tinyusb/src/device/usbd.c.obj
                0x100055b4                usbd_edpt_xfer
 .text.tud_control_status
                0x10005624       0x34 CMakeFiles/firmware.dir/C_/Users/nahue/.pico-sdk/sdk/2.1.1/lib/tinyusb/src/device/usbd_control.c.obj
                0x10005624                tud_control_status
 .text.tud_control_xfer
                0x10005658       0xb0 CMakeFiles/firmware.dir/C_/Users/nahue/.pico-sdk/sdk/2.1.1/lib/tinyusb/src/device/usbd_control.c.obj
                0x10005658                tud_control_xfer
 .text.usbd_control_reset
                0x10005708       0x14 CMakeFiles/firmware.dir/C_/Users/nahue/.pico-sdk/sdk/2.1.1/lib/tinyusb/src/device/usbd_control.c.obj
                0x10005708                usbd_control_reset
 .text.usbd_control_set_complete_callback
                0x1000571c        0xc CMakeFiles/firmware.dir/C_/Users/nahue/.pico-sdk/sdk/2.1.1/lib/tinyusb/src/device/usbd_control.c.obj
                0x1000571c                usbd_control_set_complete_callback
 .text.usbd_control_set_request
                0x10005728       0x1c CMakeFiles/firmware.dir/C_/Users/nahue/.pico-sdk/sdk/2.1.1/lib/tinyusb/src/device/usbd_control.c.obj
                0x10005728                usbd_control_set_request
 .text.usbd_control_xfer_cb
                0x10005744      0x100 CMakeFiles/firmware.dir/C_/Users/nahue/.pico-sdk/sdk/2.1.1/lib/tinyusb/src/device/usbd_control.c.obj
                0x10005744                usbd_control_xfer_cb
 .text._prep_out_transaction.isra.0
                0x10005844       0x74 CMakeFiles/firmware.dir/C_/Users/nahue/.pico-sdk/sdk/2.1.1/lib/tinyusb/src/class/cdc/cdc_device.c.obj
 .text.tud_cdc_n_connected
                0x100058b8       0x2c CMakeFiles/firmware.dir/C_/Users/nahue/.pico-sdk/sdk/2.1.1/lib/tinyusb/src/class/cdc/cdc_device.c.obj
                0x100058b8                tud_cdc_n_connected
 .text.tud_cdc_n_available
                0x100058e4       0x14 CMakeFiles/firmware.dir/C_/Users/nahue/.pico-sdk/sdk/2.1.1/lib/tinyusb/src/class/cdc/cdc_device.c.obj
                0x100058e4                tud_cdc_n_available
 .text.tud_cdc_n_read
                0x100058f8       0x90 CMakeFiles/firmware.dir/C_/Users/nahue/.pico-sdk/sdk/2.1.1/lib/tinyusb/src/class/cdc/cdc_device.c.obj
                0x100058f8                tud_cdc_n_read
 .text.tud_cdc_n_write_flush
                0x10005988       0x8c CMakeFiles/firmware.dir/C_/Users/nahue/.pico-sdk/sdk/2.1.1/lib/tinyusb/src/class/cdc/cdc_device.c.obj
                0x10005988                tud_cdc_n_write_flush
 .text.tud_cdc_n_write
                0x10005a14       0x40 CMakeFiles/firmware.dir/C_/Users/nahue/.pico-sdk/sdk/2.1.1/lib/tinyusb/src/class/cdc/cdc_device.c.obj
                0x10005a14                tud_cdc_n_write
 .text.tud_cdc_n_write_available
                0x10005a54       0x14 CMakeFiles/firmware.dir/C_/Users/nahue/.pico-sdk/sdk/2.1.1/lib/tinyusb/src/class/cdc/cdc_device.c.obj
                0x10005a54                tud_cdc_n_write_available
 .text.cdcd_init
                0x10005a68       0x70 CMakeFiles/firmware.dir/C_/Users/nahue/.pico-sdk/sdk/2.1.1/lib/tinyusb/src/class/cdc/cdc_device.c.obj
                0x10005a68                cdcd_init
 .text.cdcd_deinit
                0x10005ad8       0x30 CMakeFiles/firmware.dir/C_/Users/nahue/.pico-sdk/sdk/2.1.1/lib/tinyusb/src/class/cdc/cdc_device.c.obj
                0x10005ad8                cdcd_deinit
 .text.cdcd_reset
                0x10005b08       0x4c CMakeFiles/firmware.dir/C_/Users/nahue/.pico-sdk/sdk/2.1.1/lib/tinyusb/src/class/cdc/cdc_device.c.obj
                0x10005b08                cdcd_reset
 .text.cdcd_open
                0x10005b54       0xc0 CMakeFiles/firmware.dir/C_/Users/nahue/.pico-sdk/sdk/2.1.1/lib/tinyusb/src/class/cdc/cdc_device.c.obj
                0x10005b54                cdcd_open
 .text.cdcd_control_xfer_cb
                0x10005c14       0xc0 CMakeFiles/firmware.dir/C_/Users/nahue/.pico-sdk/sdk/2.1.1/lib/tinyusb/src/class/cdc/cdc_device.c.obj
                0x10005c14                cdcd_control_xfer_cb
 .text.cdcd_xfer_cb
                0x10005cd4       0xf8 CMakeFiles/firmware.dir/C_/Users/nahue/.pico-sdk/sdk/2.1.1/lib/tinyusb/src/class/cdc/cdc_device.c.obj
                0x10005cd4                cdcd_xfer_cb
 .text.vendord_init
                0x10005dcc       0x5c CMakeFiles/firmware.dir/C_/Users/nahue/.pico-sdk/sdk/2.1.1/lib/tinyusb/src/class/vendor/vendor_device.c.obj
                0x10005dcc                vendord_init
 .text.vendord_deinit
                0x10005e28       0x1c CMakeFiles/firmware.dir/C_/Users/nahue/.pico-sdk/sdk/2.1.1/lib/tinyusb/src/class/vendor/vendor_device.c.obj
                0x10005e28                vendord_deinit
 .text.vendord_reset
                0x10005e44       0x24 CMakeFiles/firmware.dir/C_/Users/nahue/.pico-sdk/sdk/2.1.1/lib/tinyusb/src/class/vendor/vendor_device.c.obj
                0x10005e44                vendord_reset
 .text.vendord_open
                0x10005e68       0xf4 CMakeFiles/firmware.dir/C_/Users/nahue/.pico-sdk/sdk/2.1.1/lib/tinyusb/src/class/vendor/vendor_device.c.obj
                0x10005e68                vendord_open
 .text.vendord_xfer_cb
                0x10005f5c       0x88 CMakeFiles/firmware.dir/C_/Users/nahue/.pico-sdk/sdk/2.1.1/lib/tinyusb/src/class/vendor/vendor_device.c.obj
                0x10005f5c                vendord_xfer_cb
 .text.tusb_rhport_init
                0x10005fe4       0x64 CMakeFiles/firmware.dir/C_/Users/nahue/.pico-sdk/sdk/2.1.1/lib/tinyusb/src/tusb.c.obj
                0x10005fe4                tusb_rhport_init
 .text.tu_edpt_claim
                0x10006048       0x54 CMakeFiles/firmware.dir/C_/Users/nahue/.pico-sdk/sdk/2.1.1/lib/tinyusb/src/tusb.c.obj
                0x10006048                tu_edpt_claim
 .text.tu_edpt_release
                0x1000609c       0x38 CMakeFiles/firmware.dir/C_/Users/nahue/.pico-sdk/sdk/2.1.1/lib/tinyusb/src/tusb.c.obj
                0x1000609c                tu_edpt_release
 .text.tu_edpt_validate
                0x100060d4       0x60 CMakeFiles/firmware.dir/C_/Users/nahue/.pico-sdk/sdk/2.1.1/lib/tinyusb/src/tusb.c.obj
                0x100060d4                tu_edpt_validate
 .text.tu_edpt_bind_driver
                0x10006134       0x58 CMakeFiles/firmware.dir/C_/Users/nahue/.pico-sdk/sdk/2.1.1/lib/tinyusb/src/tusb.c.obj
                0x10006134                tu_edpt_bind_driver
 .text.tu_edpt_stream_init
                0x1000618c       0x58 CMakeFiles/firmware.dir/C_/Users/nahue/.pico-sdk/sdk/2.1.1/lib/tinyusb/src/tusb.c.obj
                0x1000618c                tu_edpt_stream_init
 .text.tu_edpt_stream_deinit
                0x100061e4        0x4 CMakeFiles/firmware.dir/C_/Users/nahue/.pico-sdk/sdk/2.1.1/lib/tinyusb/src/tusb.c.obj
                0x100061e4                tu_edpt_stream_deinit
 .text.tu_edpt_stream_write_zlp_if_needed
                0x100061e8       0x68 CMakeFiles/firmware.dir/C_/Users/nahue/.pico-sdk/sdk/2.1.1/lib/tinyusb/src/tusb.c.obj
                0x100061e8                tu_edpt_stream_write_zlp_if_needed
 .text.tu_edpt_stream_write_xfer
                0x10006250       0x70 CMakeFiles/firmware.dir/C_/Users/nahue/.pico-sdk/sdk/2.1.1/lib/tinyusb/src/tusb.c.obj
                0x10006250                tu_edpt_stream_write_xfer
 .text.tu_edpt_stream_read_xfer
                0x100062c0       0xc8 CMakeFiles/firmware.dir/C_/Users/nahue/.pico-sdk/sdk/2.1.1/lib/tinyusb/src/tusb.c.obj
                0x100062c0                tu_edpt_stream_read_xfer
 .text.tu_fifo_config
                0x10006388       0x60 CMakeFiles/firmware.dir/C_/Users/nahue/.pico-sdk/sdk/2.1.1/lib/tinyusb/src/common/tusb_fifo.c.obj
                0x10006388                tu_fifo_config
 .text.tu_fifo_count
                0x100063e8       0x20 CMakeFiles/firmware.dir/C_/Users/nahue/.pico-sdk/sdk/2.1.1/lib/tinyusb/src/common/tusb_fifo.c.obj
                0x100063e8                tu_fifo_count
 .text.tu_fifo_empty
                0x10006408       0x14 CMakeFiles/firmware.dir/C_/Users/nahue/.pico-sdk/sdk/2.1.1/lib/tinyusb/src/common/tusb_fifo.c.obj
                0x10006408                tu_fifo_empty
 .text.tu_fifo_remaining
                0x1000641c       0x24 CMakeFiles/firmware.dir/C_/Users/nahue/.pico-sdk/sdk/2.1.1/lib/tinyusb/src/common/tusb_fifo.c.obj
                0x1000641c                tu_fifo_remaining
 .text.tu_fifo_read
                0x10006440       0x94 CMakeFiles/firmware.dir/C_/Users/nahue/.pico-sdk/sdk/2.1.1/lib/tinyusb/src/common/tusb_fifo.c.obj
                0x10006440                tu_fifo_read
 .text.tu_fifo_read_n
                0x100064d4       0xd8 CMakeFiles/firmware.dir/C_/Users/nahue/.pico-sdk/sdk/2.1.1/lib/tinyusb/src/common/tusb_fifo.c.obj
                0x100064d4                tu_fifo_read_n
 .text.tu_fifo_write
                0x100065ac       0xa4 CMakeFiles/firmware.dir/C_/Users/nahue/.pico-sdk/sdk/2.1.1/lib/tinyusb/src/common/tusb_fifo.c.obj
                0x100065ac                tu_fifo_write
 .text.tu_fifo_write_n
                0x10006650      0x15c CMakeFiles/firmware.dir/C_/Users/nahue/.pico-sdk/sdk/2.1.1/lib/tinyusb/src/common/tusb_fifo.c.obj
                0x10006650                tu_fifo_write_n
 .text.tu_fifo_clear
                0x100067ac       0x38 CMakeFiles/firmware.dir/C_/Users/nahue/.pico-sdk/sdk/2.1.1/lib/tinyusb/src/common/tusb_fifo.c.obj
                0x100067ac                tu_fifo_clear
 .text.tu_fifo_set_overwritable
                0x100067e4       0x3c CMakeFiles/firmware.dir/C_/Users/nahue/.pico-sdk/sdk/2.1.1/lib/tinyusb/src/common/tusb_fifo.c.obj
                0x100067e4                tu_fifo_set_overwritable
 .text.exception_set_exclusive_handler
                0x10006820       0x4c CMakeFiles/firmware.dir/C_/Users/nahue/.pico-sdk/sdk/2.1.1/src/rp2_common/hardware_exception/exception.c.obj
                0x10006820                exception_set_exclusive_handler
 .text.i2c_read_blocking_internal.constprop.0
                0x1000686c       0x70 CMakeFiles/firmware.dir/C_/Users/nahue/.pico-sdk/sdk/2.1.1/src/rp2_common/hardware_i2c/i2c.c.obj
 .text.i2c_write_blocking_internal.constprop.0
                0x100068dc       0x9c CMakeFiles/firmware.dir/C_/Users/nahue/.pico-sdk/sdk/2.1.1/src/rp2_common/hardware_i2c/i2c.c.obj
 .text.i2c_set_baudrate
                0x10006978       0xa4 CMakeFiles/firmware.dir/C_/Users/nahue/.pico-sdk/sdk/2.1.1/src/rp2_common/hardware_i2c/i2c.c.obj
                0x10006978                i2c_set_baudrate
 .text.i2c_init
                0x10006a1c       0x4c CMakeFiles/firmware.dir/C_/Users/nahue/.pico-sdk/sdk/2.1.1/src/rp2_common/hardware_i2c/i2c.c.obj
                0x10006a1c                i2c_init
 .text.i2c_write_blocking
                0x10006a68       0x10 CMakeFiles/firmware.dir/C_/Users/nahue/.pico-sdk/sdk/2.1.1/src/rp2_common/hardware_i2c/i2c.c.obj
                0x10006a68                i2c_write_blocking
 .text.i2c_read_blocking
                0x10006a78       0x10 CMakeFiles/firmware.dir/C_/Users/nahue/.pico-sdk/sdk/2.1.1/src/rp2_common/hardware_i2c/i2c.c.obj
                0x10006a78                i2c_read_blocking
 .text.adc_init
                0x10006a88       0x30 CMakeFiles/firmware.dir/C_/Users/nahue/.pico-sdk/sdk/2.1.1/src/rp2_common/hardware_adc/adc.c.obj
                0x10006a88                adc_init
 .text.pio_claim_unused_sm
                0x10006ab8       0x38 CMakeFiles/firmware.dir/C_/Users/nahue/.pico-sdk/sdk/2.1.1/src/rp2_common/hardware_pio/pio.c.obj
                0x10006ab8                pio_claim_unused_sm
 .text.pio_add_program
                0x10006af0       0xf4 CMakeFiles/firmware.dir/C_/Users/nahue/.pico-sdk/sdk/2.1.1/src/rp2_common/hardware_pio/pio.c.obj
                0x10006af0                pio_add_program
 .text.pio_clear_instruction_memory
                0x10006be4       0x34 CMakeFiles/firmware.dir/C_/Users/nahue/.pico-sdk/sdk/2.1.1/src/rp2_common/hardware_pio/pio.c.obj
                0x10006be4                pio_clear_instruction_memory
 .text.pio_sm_set_consecutive_pindirs
                0x10006c18       0x8c CMakeFiles/firmware.dir/C_/Users/nahue/.pico-sdk/sdk/2.1.1/src/rp2_common/hardware_pio/pio.c.obj
                0x10006c18                pio_sm_set_consecutive_pindirs
 .text.pio_sm_init
                0x10006ca4       0xa8 CMakeFiles/firmware.dir/C_/Users/nahue/.pico-sdk/sdk/2.1.1/src/rp2_common/hardware_pio/pio.c.obj
                0x10006ca4                pio_sm_init
 .text.dma_channel_claim
                0x10006d4c       0x14 CMakeFiles/firmware.dir/C_/Users/nahue/.pico-sdk/sdk/2.1.1/src/rp2_common/hardware_dma/dma.c.obj
                0x10006d4c                dma_channel_claim
 .text.dma_claim_unused_channel
                0x10006d60       0x20 CMakeFiles/firmware.dir/C_/Users/nahue/.pico-sdk/sdk/2.1.1/src/rp2_common/hardware_dma/dma.c.obj
                0x10006d60                dma_claim_unused_channel
 .text.spi_init
                0x10006d80       0xf4 CMakeFiles/firmware.dir/C_/Users/nahue/.pico-sdk/sdk/2.1.1/src/rp2_common/hardware_spi/spi.c.obj
                0x10006d80                spi_init
 .text.spi_set_baudrate
                0x10006e74       0x98 CMakeFiles/firmware.dir/C_/Users/nahue/.pico-sdk/sdk/2.1.1/src/rp2_common/hardware_spi/spi.c.obj
                0x10006e74                spi_set_baudrate
 .text.spi_get_baudrate
                0x10006f0c       0x1c CMakeFiles/firmware.dir/C_/Users/nahue/.pico-sdk/sdk/2.1.1/src/rp2_common/hardware_spi/spi.c.obj
                0x10006f0c                spi_get_baudrate
 .text.startup.SystemInit
                0x10006f28       0x14 CMakeFiles/firmware.dir/C_/Users/nahue/.pico-sdk/sdk/2.1.1/src/rp2_common/cmsis/stub/CMSIS/Device/RP2350/Source/system_RP2350.c.obj
                0x10006f28                SystemInit
 .text.aon_timer_get_time
                0x10006f3c       0x14 CMakeFiles/firmware.dir/C_/Users/nahue/.pico-sdk/sdk/2.1.1/src/rp2_common/pico_aon_timer/aon_timer.c.obj
                0x10006f3c                aon_timer_get_time
 .text.aon_timer_is_running
                0x10006f50       0x10 CMakeFiles/firmware.dir/C_/Users/nahue/.pico-sdk/sdk/2.1.1/src/rp2_common/pico_aon_timer/aon_timer.c.obj
                0x10006f50                aon_timer_is_running
 .text.powman_timer_get_ms
                0x10006f60       0x14 CMakeFiles/firmware.dir/C_/Users/nahue/.pico-sdk/sdk/2.1.1/src/rp2_common/hardware_powman/powman.c.obj
                0x10006f60                powman_timer_get_ms
 .text.prvCopyDataToQueue
                0x10006f74       0x78 freertos/libfreertos.a(queue.c.obj)
 .text.xQueueGenericCreate
                0x10006fec       0x78 freertos/libfreertos.a(queue.c.obj)
                0x10006fec                xQueueGenericCreate
 .text.xQueueGenericSend
                0x10007064      0x280 freertos/libfreertos.a(queue.c.obj)
                0x10007064                xQueueGenericSend
 .text.xQueueCreateMutex
                0x100072e4       0x68 freertos/libfreertos.a(queue.c.obj)
                0x100072e4                xQueueCreateMutex
 .text.xQueueReceive
                0x1000734c      0x288 freertos/libfreertos.a(queue.c.obj)
                0x1000734c                xQueueReceive
 .text.xQueueSemaphoreTake
                0x100075d4      0x2c0 freertos/libfreertos.a(queue.c.obj)
                0x100075d4                xQueueSemaphoreTake
 .text.xQueuePeek
                0x10007894      0x284 freertos/libfreertos.a(queue.c.obj)
                0x10007894                xQueuePeek
 .text.vQueueAddToRegistry
                0x10007b18      0x180 freertos/libfreertos.a(queue.c.obj)
                0x10007b18                vQueueAddToRegistry
 .text.vQueueWaitForMessageRestricted
                0x10007c98       0xc8 freertos/libfreertos.a(queue.c.obj)
                0x10007c98                vQueueWaitForMessageRestricted
 .text.prvAddNewTaskToReadyList
                0x10007d60      0x118 freertos/libfreertos.a(tasks.c.obj)
 .text.prvIdleTask
                0x10007e78       0x5c freertos/libfreertos.a(tasks.c.obj)
 .text.xTaskIncrementTick.part.0
                0x10007ed4      0x15c freertos/libfreertos.a(tasks.c.obj)
 .text.xTaskCreate
                0x10008030      0x104 freertos/libfreertos.a(tasks.c.obj)
                0x10008030                xTaskCreate
 .text.vTaskDelete
                0x10008134       0xbc freertos/libfreertos.a(tasks.c.obj)
                0x10008134                vTaskDelete
 .text.vTaskSuspend
                0x100081f0      0x15c freertos/libfreertos.a(tasks.c.obj)
                0x100081f0                vTaskSuspend
 .text.vTaskResume
                0x1000834c       0xa4 freertos/libfreertos.a(tasks.c.obj)
                0x1000834c                vTaskResume
 .text.vTaskStartScheduler
                0x100083f0       0xc0 freertos/libfreertos.a(tasks.c.obj)
                0x100083f0                vTaskStartScheduler
 .text.vTaskSuspendAll
                0x100084b0       0x10 freertos/libfreertos.a(tasks.c.obj)
                0x100084b0                vTaskSuspendAll
 .text.xTaskResumeAll
                0x100084c0      0x180 freertos/libfreertos.a(tasks.c.obj)
                0x100084c0                xTaskResumeAll
 .text.vTaskDelay
                0x10008640       0x84 freertos/libfreertos.a(tasks.c.obj)
                0x10008640                vTaskDelay
 .text.xTaskGetTickCount
                0x100086c4        0xc freertos/libfreertos.a(tasks.c.obj)
                0x100086c4                xTaskGetTickCount
 .text.xTaskIncrementTick
                0x100086d0       0x20 freertos/libfreertos.a(tasks.c.obj)
                0x100086d0                xTaskIncrementTick
 .text.vTaskSwitchContext
                0x100086f0       0xa4 freertos/libfreertos.a(tasks.c.obj)
                0x100086f0                vTaskSwitchContext
 .text.vTaskPlaceOnEventList
                0x10008794       0x98 freertos/libfreertos.a(tasks.c.obj)
                0x10008794                vTaskPlaceOnEventList
 .text.vTaskPlaceOnEventListRestricted
                0x1000882c       0xcc freertos/libfreertos.a(tasks.c.obj)
                0x1000882c                vTaskPlaceOnEventListRestricted
 .text.xTaskRemoveFromEventList
                0x100088f8       0xd0 freertos/libfreertos.a(tasks.c.obj)
                0x100088f8                xTaskRemoveFromEventList
 .text.vTaskInternalSetTimeOutState
                0x100089c8       0x18 freertos/libfreertos.a(tasks.c.obj)
                0x100089c8                vTaskInternalSetTimeOutState
 .text.xTaskCheckForTimeOut
                0x100089e0       0x60 freertos/libfreertos.a(tasks.c.obj)
                0x100089e0                xTaskCheckForTimeOut
 .text.vTaskMissedYield
                0x10008a40        0xc freertos/libfreertos.a(tasks.c.obj)
                0x10008a40                vTaskMissedYield
 .text.xTaskPriorityInherit
                0x10008a4c       0x90 freertos/libfreertos.a(tasks.c.obj)
                0x10008a4c                xTaskPriorityInherit
 .text.xTaskPriorityDisinherit
                0x10008adc       0x6c freertos/libfreertos.a(tasks.c.obj)
                0x10008adc                xTaskPriorityDisinherit
 .text.vTaskPriorityDisinheritAfterTimeout
                0x10008b48       0x78 freertos/libfreertos.a(tasks.c.obj)
                0x10008b48                vTaskPriorityDisinheritAfterTimeout
 .text.pvTaskIncrementMutexHeldCount
                0x10008bc0       0x14 freertos/libfreertos.a(tasks.c.obj)
                0x10008bc0                pvTaskIncrementMutexHeldCount
 .text.prvTimerTask
                0x10008bd4      0x350 freertos/libfreertos.a(timers.c.obj)
 .text.xTimerCreateTimerTask
                0x10008f24       0x84 freertos/libfreertos.a(timers.c.obj)
                0x10008f24                xTimerCreateTimerTask
 .text.pvPortMalloc
                0x10008fa8       0x18 freertos/libfreertos.a(heap_3.c.obj)
                0x10008fa8                pvPortMalloc
 .text.vPortFree
                0x10008fc0       0x1c freertos/libfreertos.a(heap_3.c.obj)
                0x10008fc0                vPortFree
 .text.prvTaskExitError
                0x10008fdc       0x18 freertos/libfreertos.a(port.c.obj)
 .text.isr_systick
                0x10008ff4       0x24 freertos/libfreertos.a(port.c.obj)
                0x10008ff4                isr_systick
 .text.vPortSetupTimerInterrupt
                0x10009018       0x2c freertos/libfreertos.a(port.c.obj)
                0x10009018                vPortSetupTimerInterrupt
 .text.vPortYield
                0x10009044       0x18 freertos/libfreertos.a(port.c.obj)
                0x10009044                vPortYield
 .text.vPortEnterCritical
                0x1000905c       0x1c freertos/libfreertos.a(port.c.obj)
                0x1000905c                vPortEnterCritical
 .text.vPortExitCritical
                0x10009078       0x18 freertos/libfreertos.a(port.c.obj)
                0x10009078                vPortExitCritical
 .text.vPortSVCHandler_C
                0x10009090       0x2c freertos/libfreertos.a(port.c.obj)
                0x10009090                vPortSVCHandler_C
 .text.pxPortInitialiseStack
                0x100090bc       0x78 freertos/libfreertos.a(port.c.obj)
                0x100090bc                pxPortInitialiseStack
 .text.xPortStartScheduler
                0x10009134       0xdc freertos/libfreertos.a(port.c.obj)
                0x10009134                xPortStartScheduler
 .text.startup.prvRuntimeInitializer
                0x10009210       0x24 freertos/libfreertos.a(port.c.obj)
 .text.vRestoreContextOfFirstTask
                0x10009234       0x2c freertos/libfreertos.a(portasm.c.obj)
                0x10009234                vRestoreContextOfFirstTask
 .text.vStartFirstTask
                0x10009260       0x10 freertos/libfreertos.a(portasm.c.obj)
                0x10009260                vStartFirstTask
 .text.ulSetInterruptMask
                0x10009270       0x18 freertos/libfreertos.a(portasm.c.obj)
                0x10009270                ulSetInterruptMask
 .text.vClearInterruptMask
                0x10009288       0x10 freertos/libfreertos.a(portasm.c.obj)
                0x10009288                vClearInterruptMask
 .text.isr_pendsv
                0x10009298       0x80 freertos/libfreertos.a(portasm.c.obj)
                0x10009298                isr_pendsv
 .text.isr_svcall
                0x10009318       0x18 freertos/libfreertos.a(portasm.c.obj)
                0x10009318                isr_svcall
 .text.xEventGroupCreate
                0x10009330       0x1c freertos/libfreertos.a(event_groups.c.obj)
                0x10009330                xEventGroupCreate
 .text.vListInitialise
                0x1000934c       0x18 freertos/libfreertos.a(list.c.obj)
                0x1000934c                vListInitialise
 .text.vListInitialiseItem
                0x10009364        0x8 freertos/libfreertos.a(list.c.obj)
                0x10009364                vListInitialiseItem
 .text.vListInsertEnd
                0x1000936c       0x1c freertos/libfreertos.a(list.c.obj)
                0x1000936c                vListInsertEnd
 .text.vListInsert
                0x10009388       0x30 freertos/libfreertos.a(list.c.obj)
                0x10009388                vListInsert
 .text.uxListRemove
                0x100093b8       0x28 freertos/libfreertos.a(list.c.obj)
                0x100093b8                uxListRemove
 .text.pwm_init_config
                0x100093e0       0x84 pwm_lib/libpwm_lib.a(pwm_lib.c.obj)
                0x100093e0                pwm_init_config
 .text.pwm_set_level
                0x10009464       0x44 pwm_lib/libpwm_lib.a(pwm_lib.c.obj)
                0x10009464                pwm_set_level
 .text.lcd_send_byte
                0x100094a8      0x100 lcd/liblcd.a(lcd.c.obj)
 .text.lcd_clear
                0x100095a8        0x8 lcd/liblcd.a(lcd.c.obj)
                0x100095a8                lcd_clear
 .text.lcd_set_cursor
                0x100095b0       0x30 lcd/liblcd.a(lcd.c.obj)
                0x100095b0                lcd_set_cursor
 .text.lcd_string
                0x100095e0       0x18 lcd/liblcd.a(lcd.c.obj)
                0x100095e0                lcd_string
 .text.lcd_init
                0x100095f8       0x5c lcd/liblcd.a(lcd.c.obj)
                0x100095f8                lcd_init
 .text.hc_sr04_init
                0x10009654       0x30 HC_SR04/libHC_SR04.a(HC_SR04.c.obj)
                0x10009654                hc_sr04_init
 *fill*         0x10009684        0x4 
 .text.hc_sr04_get_distance_cm
                0x10009688       0xe0 HC_SR04/libHC_SR04.a(HC_SR04.c.obj)
                0x10009688                hc_sr04_get_distance_cm
 .text.ds3231_get_time
                0x10009768       0xdc ds3231/libds3231.a(ds3231.c.obj)
                0x10009768                ds3231_get_time
 .text.PIDController_Init
                0x10009844       0x10 pid_controller/libpid_controller.a(pid_controller.c.obj)
                0x10009844                PIDController_Init
 .text.PIDController_Update
                0x10009854       0xf8 pid_controller/libpid_controller.a(pid_controller.c.obj)
                0x10009854                PIDController_Update
 .text.tchar2uni
                0x1000994c      0x100 pico_sd_fatfs/libpico_sd_fatfs.a(ff.c.obj)
 .text.inc_share
                0x10009a4c      0x35c pico_sd_fatfs/libpico_sd_fatfs.a(ff.c.obj)
 .text.dir_clear
                0x10009da8      0x158 pico_sd_fatfs/libpico_sd_fatfs.a(ff.c.obj)
 .text.init_alloc_info.isra.0
                0x10009f00       0x24 pico_sd_fatfs/libpico_sd_fatfs.a(ff.c.obj)
 .text.move_window
                0x10009f24       0x98 pico_sd_fatfs/libpico_sd_fatfs.a(ff.c.obj)
 .text.find_bitmap
                0x10009fbc       0xbc pico_sd_fatfs/libpico_sd_fatfs.a(ff.c.obj)
 .text.put_fat.part.0
                0x1000a078      0x12c pico_sd_fatfs/libpico_sd_fatfs.a(ff.c.obj)
 .text.get_fat  0x1000a1a4      0x144 pico_sd_fatfs/libpico_sd_fatfs.a(ff.c.obj)
 .text.dir_next.constprop.0
                0x1000a2e8       0xa0 pico_sd_fatfs/libpico_sd_fatfs.a(ff.c.obj)
 .text.sync_fs  0x1000a388       0xd0 pico_sd_fatfs/libpico_sd_fatfs.a(ff.c.obj)
 .text.check_fs
                0x1000a458      0x134 pico_sd_fatfs/libpico_sd_fatfs.a(ff.c.obj)
 .text.mount_volume
                0x1000a58c      0x6c4 pico_sd_fatfs/libpico_sd_fatfs.a(ff.c.obj)
 .text.load_xdir
                0x1000ac50      0x1f4 pico_sd_fatfs/libpico_sd_fatfs.a(ff.c.obj)
 .text.dir_read.constprop.0
                0x1000ae44      0x44c pico_sd_fatfs/libpico_sd_fatfs.a(ff.c.obj)
 .text.dir_sdi  0x1000b290      0x238 pico_sd_fatfs/libpico_sd_fatfs.a(ff.c.obj)
 .text.store_xdir
                0x1000b4c8      0x1ec pico_sd_fatfs/libpico_sd_fatfs.a(ff.c.obj)
 .text.dir_find
                0x1000b6b4      0x3f8 pico_sd_fatfs/libpico_sd_fatfs.a(ff.c.obj)
 .text.follow_path
                0x1000baac      0x550 pico_sd_fatfs/libpico_sd_fatfs.a(ff.c.obj)
 .text.create_chain
                0x1000bffc      0x39c pico_sd_fatfs/libpico_sd_fatfs.a(ff.c.obj)
 .text.dir_alloc
                0x1000c398      0x1d0 pico_sd_fatfs/libpico_sd_fatfs.a(ff.c.obj)
 .text.dir_register
                0x1000c568      0x928 pico_sd_fatfs/libpico_sd_fatfs.a(ff.c.obj)
 .text.remove_chain
                0x1000ce90      0x30c pico_sd_fatfs/libpico_sd_fatfs.a(ff.c.obj)
 .text.f_mount  0x1000d19c      0x150 pico_sd_fatfs/libpico_sd_fatfs.a(ff.c.obj)
                0x1000d19c                f_mount
 *fill*         0x1000d2ec        0x4 
 .text.f_open   0x1000d2f0      0x744 pico_sd_fatfs/libpico_sd_fatfs.a(ff.c.obj)
                0x1000d2f0                f_open
 .text.f_write  0x1000da34      0x294 pico_sd_fatfs/libpico_sd_fatfs.a(ff.c.obj)
                0x1000da34                f_write
 .text.putc_bfd
                0x1000dcc8      0x14c pico_sd_fatfs/libpico_sd_fatfs.a(ff.c.obj)
 .text.putc_bfd.constprop.0
                0x1000de14       0x4c pico_sd_fatfs/libpico_sd_fatfs.a(ff.c.obj)
 .text.f_sync   0x1000de60      0x23c pico_sd_fatfs/libpico_sd_fatfs.a(ff.c.obj)
                0x1000de60                f_sync
 .text.f_close  0x1000e09c       0x68 pico_sd_fatfs/libpico_sd_fatfs.a(ff.c.obj)
                0x1000e09c                f_close
 *fill*         0x1000e104        0x4 
 .text.f_printf
                0x1000e108      0xd8c pico_sd_fatfs/libpico_sd_fatfs.a(ff.c.obj)
                0x1000e108                f_printf
 .text.ff_uni2oem
                0x1000ee94       0x38 pico_sd_fatfs/libpico_sd_fatfs.a(ffunicode.c.obj)
                0x1000ee94                ff_uni2oem
 .text.ff_wtoupper
                0x1000eecc       0xa4 pico_sd_fatfs/libpico_sd_fatfs.a(ffunicode.c.obj)
                0x1000eecc                ff_wtoupper
 .text.ff_memalloc
                0x1000ef70        0x4 pico_sd_fatfs/libpico_sd_fatfs.a(ffsystem.c.obj)
                0x1000ef70                ff_memalloc
 .text.ff_memfree
                0x1000ef74        0x4 pico_sd_fatfs/libpico_sd_fatfs.a(ffsystem.c.obj)
                0x1000ef74                ff_memfree
 .text.get_fattime
                0x1000ef78       0x58 pico_sd_fatfs/libpico_sd_fatfs.a(my_rtc.c.obj)
                0x1000ef78                get_fattime
 .text.crc16ibm_3740_word.constprop.0
                0x1000efd0      0x19c pico_sd_fatfs/libpico_sd_fatfs.a(crc.c.obj)
 .text.crc16    0x1000f16c        0x4 pico_sd_fatfs/libpico_sd_fatfs.a(crc.c.obj)
                0x1000f16c                crc16
 .text.FRESULT_str
                0x1000f170       0x18 pico_sd_fatfs/libpico_sd_fatfs.a(f_util.c.obj)
                0x1000f170                FRESULT_str
 .text.disk_status
                0x1000f188       0x18 pico_sd_fatfs/libpico_sd_fatfs.a(glue.c.obj)
                0x1000f188                disk_status
 .text.disk_initialize
                0x1000f1a0       0x3c pico_sd_fatfs/libpico_sd_fatfs.a(glue.c.obj)
                0x1000f1a0                disk_initialize
 .text.disk_read
                0x1000f1dc       0x68 pico_sd_fatfs/libpico_sd_fatfs.a(glue.c.obj)
                0x1000f1dc                disk_read
 .text.disk_write
                0x1000f244       0x68 pico_sd_fatfs/libpico_sd_fatfs.a(glue.c.obj)
                0x1000f244                disk_write
 .text.disk_ioctl
                0x1000f2ac       0x40 pico_sd_fatfs/libpico_sd_fatfs.a(glue.c.obj)
                0x1000f2ac                disk_ioctl
 .text.sd_lock  0x1000f2ec        0x8 pico_sd_fatfs/libpico_sd_fatfs.a(sd_card.c.obj)
                0x1000f2ec                sd_lock
 .text.sd_unlock
                0x1000f2f4        0x8 pico_sd_fatfs/libpico_sd_fatfs.a(sd_card.c.obj)
                0x1000f2f4                sd_unlock
 .text.sd_card_detect
                0x1000f2fc       0x50 pico_sd_fatfs/libpico_sd_fatfs.a(sd_card.c.obj)
                0x1000f2fc                sd_card_detect
 .text.sd_get_drive_prefix
                0x1000f34c       0x10 pico_sd_fatfs/libpico_sd_fatfs.a(sd_card.c.obj)
                0x1000f34c                sd_get_drive_prefix
 .text.sd_init_driver
                0x1000f35c       0xd8 pico_sd_fatfs/libpico_sd_fatfs.a(sd_card.c.obj)
                0x1000f35c                sd_init_driver
 .text.spi_transfer_start
                0x1000f434       0x78 pico_sd_fatfs/libpico_sd_fatfs.a(my_spi.c.obj)
                0x1000f434                spi_transfer_start
 .text.calculate_transfer_time_ms
                0x1000f4ac       0x54 pico_sd_fatfs/libpico_sd_fatfs.a(my_spi.c.obj)
                0x1000f4ac                calculate_transfer_time_ms
 .text.my_spi_init
                0x1000f500      0x1f0 pico_sd_fatfs/libpico_sd_fatfs.a(my_spi.c.obj)
                0x1000f500                my_spi_init
 .text.sd_deinit
                0x1000f6f0       0x2c pico_sd_fatfs/libpico_sd_fatfs.a(sd_card_spi.c.obj)
 .text.crc7.constprop.0
                0x1000f71c       0x30 pico_sd_fatfs/libpico_sd_fatfs.a(sd_card_spi.c.obj)
 .text.sd_wait_ready
                0x1000f74c       0xa0 pico_sd_fatfs/libpico_sd_fatfs.a(sd_card_spi.c.obj)
 .text.read_bytes
                0x1000f7ec      0x16c pico_sd_fatfs/libpico_sd_fatfs.a(sd_card_spi.c.obj)
 .text.sd_cmd_spi
                0x1000f958      0x168 pico_sd_fatfs/libpico_sd_fatfs.a(sd_card_spi.c.obj)
 .text.sd_spi_test_com
                0x1000fac0      0x17c pico_sd_fatfs/libpico_sd_fatfs.a(sd_card_spi.c.obj)
 .text.in_sd_go_idle_state
                0x1000fc3c      0x148 pico_sd_fatfs/libpico_sd_fatfs.a(sd_card_spi.c.obj)
 .text.send_block.constprop.0
                0x1000fd84      0x1e4 pico_sd_fatfs/libpico_sd_fatfs.a(sd_card_spi.c.obj)
 .text.in_sd_spi_sectors
                0x1000ff68      0x100 pico_sd_fatfs/libpico_sd_fatfs.a(sd_card_spi.c.obj)
 .text.sd_spi_sectors
                0x10010068       0xf4 pico_sd_fatfs/libpico_sd_fatfs.a(sd_card_spi.c.obj)
                0x10010068                sd_spi_sectors
 .text.sd_cmd.constprop.0
                0x1001015c      0x370 pico_sd_fatfs/libpico_sd_fatfs.a(sd_card_spi.c.obj)
 .text.stop_wr_tran
                0x100104cc       0x78 pico_sd_fatfs/libpico_sd_fatfs.a(sd_card_spi.c.obj)
 .text.sd_sync  0x10010544      0x104 pico_sd_fatfs/libpico_sd_fatfs.a(sd_card_spi.c.obj)
 .text.sd_read_blocks
                0x10010648      0x4b0 pico_sd_fatfs/libpico_sd_fatfs.a(sd_card_spi.c.obj)
 .text.sd_write_blocks
                0x10010af8      0x380 pico_sd_fatfs/libpico_sd_fatfs.a(sd_card_spi.c.obj)
 .text.sd_card_spi_init
                0x10010e78      0x5e8 pico_sd_fatfs/libpico_sd_fatfs.a(sd_card_spi.c.obj)
                0x10010e78                sd_card_spi_init
 .text.sd_go_idle_state
                0x10011460       0x8c pico_sd_fatfs/libpico_sd_fatfs.a(sd_card_spi.c.obj)
                0x10011460                sd_go_idle_state
 .text.sd_spi_ctor
                0x100114ec       0x74 pico_sd_fatfs/libpico_sd_fatfs.a(sd_card_spi.c.obj)
                0x100114ec                sd_spi_ctor
 .text.sd_sdio_deinit
                0x10011560       0xd4 pico_sd_fatfs/libpico_sd_fatfs.a(sd_card_sdio.c.obj)
 .text.sd_sdio_test_com
                0x10011634       0x8c pico_sd_fatfs/libpico_sd_fatfs.a(sd_card_sdio.c.obj)
 .text.logSDError.isra.0
                0x100116c0       0x40 pico_sd_fatfs/libpico_sd_fatfs.a(sd_card_sdio.c.obj)
 .text.sd_sdio_sectorCount
                0x10011700       0xe0 pico_sd_fatfs/libpico_sd_fatfs.a(sd_card_sdio.c.obj)
                0x10011700                sd_sdio_sectorCount
 .text.sd_sdio_begin
                0x100117e0      0x42c pico_sd_fatfs/libpico_sd_fatfs.a(sd_card_sdio.c.obj)
                0x100117e0                sd_sdio_begin
 .text.sd_sdio_init
                0x10011c0c       0xf4 pico_sd_fatfs/libpico_sd_fatfs.a(sd_card_sdio.c.obj)
 .text.sd_sdio_stopTransmission
                0x10011d00       0xcc pico_sd_fatfs/libpico_sd_fatfs.a(sd_card_sdio.c.obj)
                0x10011d00                sd_sdio_stopTransmission
 .text.sd_sync  0x10011dcc       0x34 pico_sd_fatfs/libpico_sd_fatfs.a(sd_card_sdio.c.obj)
 .text.sd_sdio_writeSector
                0x10011e00      0x114 pico_sd_fatfs/libpico_sd_fatfs.a(sd_card_sdio.c.obj)
                0x10011e00                sd_sdio_writeSector
 .text.sd_sdio_writeSectors
                0x10011f14      0x174 pico_sd_fatfs/libpico_sd_fatfs.a(sd_card_sdio.c.obj)
                0x10011f14                sd_sdio_writeSectors
 .text.sd_sdio_write_blocks
                0x10012088       0x40 pico_sd_fatfs/libpico_sd_fatfs.a(sd_card_sdio.c.obj)
 .text.sd_sdio_readSector
                0x100120c8      0x120 pico_sd_fatfs/libpico_sd_fatfs.a(sd_card_sdio.c.obj)
                0x100120c8                sd_sdio_readSector
 .text.sd_sdio_readSectors
                0x100121e8      0x144 pico_sd_fatfs/libpico_sd_fatfs.a(sd_card_sdio.c.obj)
                0x100121e8                sd_sdio_readSectors
 .text.sd_sdio_read_blocks
                0x1001232c       0x40 pico_sd_fatfs/libpico_sd_fatfs.a(sd_card_sdio.c.obj)
 .text.sd_sdio_ctor
                0x1001236c       0x6c pico_sd_fatfs/libpico_sd_fatfs.a(sd_card_sdio.c.obj)
                0x1001236c                sd_sdio_ctor
 .text.sdio_start_next_block_tx
                0x100123d8      0x144 pico_sd_fatfs/libpico_sd_fatfs.a(rp2040_sdio.c.obj)
 .text.rp2040_sdio_stop.isra.0
                0x1001251c       0x80 pico_sd_fatfs/libpico_sd_fatfs.a(rp2040_sdio.c.obj)
 .text.sdio_send_command.isra.0
                0x1001259c       0x70 pico_sd_fatfs/libpico_sd_fatfs.a(rp2040_sdio.c.obj)
 .text.sdio_crc16_4bit_checksum
                0x1001260c       0xa4 pico_sd_fatfs/libpico_sd_fatfs.a(rp2040_sdio.c.obj)
                0x1001260c                sdio_crc16_4bit_checksum
 .text.rp2040_sdio_command_R1
                0x100126b0      0x14c pico_sd_fatfs/libpico_sd_fatfs.a(rp2040_sdio.c.obj)
                0x100126b0                rp2040_sdio_command_R1
 .text.rp2040_sdio_command_R2
                0x100127fc      0x218 pico_sd_fatfs/libpico_sd_fatfs.a(rp2040_sdio.c.obj)
                0x100127fc                rp2040_sdio_command_R2
 .text.rp2040_sdio_command_R3
                0x10012a14       0x9c pico_sd_fatfs/libpico_sd_fatfs.a(rp2040_sdio.c.obj)
                0x10012a14                rp2040_sdio_command_R3
 .text.rp2040_sdio_rx_start
                0x10012ab0      0x184 pico_sd_fatfs/libpico_sd_fatfs.a(rp2040_sdio.c.obj)
                0x10012ab0                rp2040_sdio_rx_start
 .text.rp2040_sdio_rx_poll
                0x10012c34      0x1a8 pico_sd_fatfs/libpico_sd_fatfs.a(rp2040_sdio.c.obj)
                0x10012c34                rp2040_sdio_rx_poll
 .text.rp2040_sdio_tx_start
                0x10012ddc       0x78 pico_sd_fatfs/libpico_sd_fatfs.a(rp2040_sdio.c.obj)
                0x10012ddc                rp2040_sdio_tx_start
 .text.rp2040_sdio_tx_poll
                0x10012e54       0x80 pico_sd_fatfs/libpico_sd_fatfs.a(rp2040_sdio.c.obj)
                0x10012e54                rp2040_sdio_tx_poll
 *fill*         0x10012ed4        0x4 
 .text.rp2040_sdio_init
                0x10012ed8      0x3f0 pico_sd_fatfs/libpico_sd_fatfs.a(rp2040_sdio.c.obj)
                0x10012ed8                rp2040_sdio_init
 .text.dma_irq_add_handler
                0x100132c8       0x90 pico_sd_fatfs/libpico_sd_fatfs.a(dma_interrupts.c.obj)
                0x100132c8                dma_irq_add_handler
 .text.put_out_error_message
                0x10013358        0x4 pico_sd_fatfs/libpico_sd_fatfs.a(my_debug.c.obj)
                0x10013358                put_out_error_message
 .text.error_message_printf
                0x1001335c       0x3c pico_sd_fatfs/libpico_sd_fatfs.a(my_debug.c.obj)
                0x1001335c                error_message_printf
 .text.sd_spi_go_high_frequency
                0x10013398        0xc pico_sd_fatfs/libpico_sd_fatfs.a(sd_spi.c.obj)
                0x10013398                sd_spi_go_high_frequency
 .text.sd_spi_go_low_frequency
                0x100133a4       0x10 pico_sd_fatfs/libpico_sd_fatfs.a(sd_spi.c.obj)
                0x100133a4                sd_spi_go_low_frequency
 .text.sd_spi_send_initializing_sequence
                0x100133b4       0x70 pico_sd_fatfs/libpico_sd_fatfs.a(sd_spi.c.obj)
                0x100133b4                sd_spi_send_initializing_sequence
 .text.__NVIC_SystemReset
                0x10013424       0x24 pico_sd_fatfs/libpico_sd_fatfs.a(crash.c.obj)
 .text.crc7.constprop.0
                0x10013448       0x24 pico_sd_fatfs/libpico_sd_fatfs.a(crash.c.obj)
 .text.Hardfault_HandlerC
                0x1001346c       0x60 pico_sd_fatfs/libpico_sd_fatfs.a(crash.c.obj)
                0x1001346c                Hardfault_HandlerC
 .text.HardFault_Handler
                0x100134cc       0x1c pico_sd_fatfs/libpico_sd_fatfs.a(crash.c.obj)
                0x100134cc                HardFault_Handler
 .text.malloc   0x100134e8       0x10 C:/Users/nahue/.pico-sdk/toolchain/14_2_Rel1/bin/../lib/gcc/arm-none-eabi/14.2.1/thumb/v8-m.main+fp/softfp\libg.a(libc_a-malloc.o)
                0x100134e8                malloc
 .text.free     0x100134f8       0x10 C:/Users/nahue/.pico-sdk/toolchain/14_2_Rel1/bin/../lib/gcc/arm-none-eabi/14.2.1/thumb/v8-m.main+fp/softfp\libg.a(libc_a-malloc.o)
                0x100134f8                free
 .text._malloc_r
                0x10013508      0x578 C:/Users/nahue/.pico-sdk/toolchain/14_2_Rel1/bin/../lib/gcc/arm-none-eabi/14.2.1/thumb/v8-m.main+fp/softfp\libg.a(libc_a-mallocr.o)
                0x10013508                _malloc_r
 .text.__malloc_lock
                0x10013a80        0xc C:/Users/nahue/.pico-sdk/toolchain/14_2_Rel1/bin/../lib/gcc/arm-none-eabi/14.2.1/thumb/v8-m.main+fp/softfp\libg.a(libc_a-mlock.o)
                0x10013a80                __malloc_lock
 .text.__malloc_unlock
                0x10013a8c        0xc C:/Users/nahue/.pico-sdk/toolchain/14_2_Rel1/bin/../lib/gcc/arm-none-eabi/14.2.1/thumb/v8-m.main+fp/softfp\libg.a(libc_a-mlock.o)
                0x10013a8c                __malloc_unlock
 .text.realloc  0x10013a98       0x10 C:/Users/nahue/.pico-sdk/toolchain/14_2_Rel1/bin/../lib/gcc/arm-none-eabi/14.2.1/thumb/v8-m.main+fp/softfp\libg.a(libc_a-realloc.o)
                0x10013a98                realloc
 .text._realloc_r
                0x10013aa8      0x374 C:/Users/nahue/.pico-sdk/toolchain/14_2_Rel1/bin/../lib/gcc/arm-none-eabi/14.2.1/thumb/v8-m.main+fp/softfp\libg.a(libc_a-reallocr.o)
                0x10013aa8                _realloc_r
 .text._strtol_l.part.0
                0x10013e1c      0x1c8 C:/Users/nahue/.pico-sdk/toolchain/14_2_Rel1/bin/../lib/gcc/arm-none-eabi/14.2.1/thumb/v8-m.main+fp/softfp\libg.a(libc_a-strtol.o)
 .text._strtol_r
                0x10013fe4       0x1c C:/Users/nahue/.pico-sdk/toolchain/14_2_Rel1/bin/../lib/gcc/arm-none-eabi/14.2.1/thumb/v8-m.main+fp/softfp\libg.a(libc_a-strtol.o)
                0x10013fe4                _strtol_r
 .text.memcmp   0x10014000       0x5c C:/Users/nahue/.pico-sdk/toolchain/14_2_Rel1/bin/../lib/gcc/arm-none-eabi/14.2.1/thumb/v8-m.main+fp/softfp\libg.a(libc_a-memcmp.o)
                0x10014000                memcmp
 .text.memmove  0x1001405c       0xfc C:/Users/nahue/.pico-sdk/toolchain/14_2_Rel1/bin/../lib/gcc/arm-none-eabi/14.2.1/thumb/v8-m.main+fp/softfp\libg.a(libc_a-memmove.o)
                0x1001405c                memmove
 .text.memset   0x10014158       0x9c C:/Users/nahue/.pico-sdk/toolchain/14_2_Rel1/bin/../lib/gcc/arm-none-eabi/14.2.1/thumb/v8-m.main+fp/softfp\libg.a(libc_a-memset.o)
                0x10014158                memset
 .text.strchr   0x100141f4       0xd0 C:/Users/nahue/.pico-sdk/toolchain/14_2_Rel1/bin/../lib/gcc/arm-none-eabi/14.2.1/thumb/v8-m.main+fp/softfp\libg.a(libc_a-strchr.o)
                0x100141f4                strchr
 .text.localtime_r
                0x100142c4      0x244 C:/Users/nahue/.pico-sdk/toolchain/14_2_Rel1/bin/../lib/gcc/arm-none-eabi/14.2.1/thumb/v8-m.main+fp/softfp\libg.a(libc_a-lcltime_r.o)
                0x100142c4                localtime_r
 .text.__tzcalc_limits
                0x10014508      0x1ac C:/Users/nahue/.pico-sdk/toolchain/14_2_Rel1/bin/../lib/gcc/arm-none-eabi/14.2.1/thumb/v8-m.main+fp/softfp\libg.a(libc_a-tzcalc_limits.o)
                0x10014508                __tzcalc_limits
 .text.__tz_lock
                0x100146b4        0xc C:/Users/nahue/.pico-sdk/toolchain/14_2_Rel1/bin/../lib/gcc/arm-none-eabi/14.2.1/thumb/v8-m.main+fp/softfp\libg.a(libc_a-tzlock.o)
                0x100146b4                __tz_lock
 .text.__tz_unlock
                0x100146c0        0xc C:/Users/nahue/.pico-sdk/toolchain/14_2_Rel1/bin/../lib/gcc/arm-none-eabi/14.2.1/thumb/v8-m.main+fp/softfp\libg.a(libc_a-tzlock.o)
                0x100146c0                __tz_unlock
 .text._tzset_unlocked
                0x100146cc        0xc C:/Users/nahue/.pico-sdk/toolchain/14_2_Rel1/bin/../lib/gcc/arm-none-eabi/14.2.1/thumb/v8-m.main+fp/softfp\libg.a(libc_a-tzset.o)
                0x100146cc                _tzset_unlocked
 .text._tzset_unlocked_r
                0x100146d8      0x48c C:/Users/nahue/.pico-sdk/toolchain/14_2_Rel1/bin/../lib/gcc/arm-none-eabi/14.2.1/thumb/v8-m.main+fp/softfp\libg.a(libc_a-tzset_r.o)
                0x100146d8                _tzset_unlocked_r
 .text._sbrk_r  0x10014b64       0x24 C:/Users/nahue/.pico-sdk/toolchain/14_2_Rel1/bin/../lib/gcc/arm-none-eabi/14.2.1/thumb/v8-m.main+fp/softfp\libg.a(libc_a-sbrkr.o)
                0x10014b64                _sbrk_r
 .text.__errno  0x10014b88        0xc C:/Users/nahue/.pico-sdk/toolchain/14_2_Rel1/bin/../lib/gcc/arm-none-eabi/14.2.1/thumb/v8-m.main+fp/softfp\libg.a(libc_a-errno.o)
                0x10014b88                __errno
 .text.__retarget_lock_acquire
                0x10014b94        0x4 C:/Users/nahue/.pico-sdk/toolchain/14_2_Rel1/bin/../lib/gcc/arm-none-eabi/14.2.1/thumb/v8-m.main+fp/softfp\libg.a(libc_a-lock.o)
                0x10014b94                __retarget_lock_acquire
 .text.__retarget_lock_acquire_recursive
                0x10014b98        0x4 C:/Users/nahue/.pico-sdk/toolchain/14_2_Rel1/bin/../lib/gcc/arm-none-eabi/14.2.1/thumb/v8-m.main+fp/softfp\libg.a(libc_a-lock.o)
                0x10014b98                __retarget_lock_acquire_recursive
 .text.__retarget_lock_release
                0x10014b9c        0x4 C:/Users/nahue/.pico-sdk/toolchain/14_2_Rel1/bin/../lib/gcc/arm-none-eabi/14.2.1/thumb/v8-m.main+fp/softfp\libg.a(libc_a-lock.o)
                0x10014b9c                __retarget_lock_release
 .text.__retarget_lock_release_recursive
                0x10014ba0        0x4 C:/Users/nahue/.pico-sdk/toolchain/14_2_Rel1/bin/../lib/gcc/arm-none-eabi/14.2.1/thumb/v8-m.main+fp/softfp\libg.a(libc_a-lock.o)
                0x10014ba0                __retarget_lock_release_recursive
 .text.sysconf  0x10014ba4       0x1c C:/Users/nahue/.pico-sdk/toolchain/14_2_Rel1/bin/../lib/gcc/arm-none-eabi/14.2.1/thumb/v8-m.main+fp/softfp\libg.a(libc_a-sysconf.o)
                0x10014ba4                sysconf
 .text          0x10014bc0      0x1bc C:/Users/nahue/.pico-sdk/toolchain/14_2_Rel1/bin/../lib/gcc/arm-none-eabi/14.2.1/thumb/v8-m.main+fp/softfp\libg.a(libc_a-strcmp.o)
                0x10014bc0                strcmp
 .text.strcpy   0x10014d7c       0xbc C:/Users/nahue/.pico-sdk/toolchain/14_2_Rel1/bin/../lib/gcc/arm-none-eabi/14.2.1/thumb/v8-m.main+fp/softfp\libg.a(libc_a-strcpy.o)
                0x10014d7c                strcpy
 .text          0x10014e38       0xec C:/Users/nahue/.pico-sdk/toolchain/14_2_Rel1/bin/../lib/gcc/arm-none-eabi/14.2.1/thumb/v8-m.main+fp/softfp\libg.a(libc_a-memcpy.o)
                0x10014e38                memcpy
 .text.strlen   0x10014f24       0x5c C:/Users/nahue/.pico-sdk/toolchain/14_2_Rel1/bin/../lib/gcc/arm-none-eabi/14.2.1/thumb/v8-m.main+fp/softfp\libg.a(libc_a-strlen-stub.o)
                0x10014f24                strlen
 .text._malloc_trim_r
                0x10014f80       0xb8 C:/Users/nahue/.pico-sdk/toolchain/14_2_Rel1/bin/../lib/gcc/arm-none-eabi/14.2.1/thumb/v8-m.main+fp/softfp\libg.a(libc_a-freer.o)
                0x10014f80                _malloc_trim_r
 .text._free_r  0x10015038      0x1e8 C:/Users/nahue/.pico-sdk/toolchain/14_2_Rel1/bin/../lib/gcc/arm-none-eabi/14.2.1/thumb/v8-m.main+fp/softfp\libg.a(libc_a-freer.o)
                0x10015038                _free_r
 .text._findenv_r
                0x10015220       0x80 C:/Users/nahue/.pico-sdk/toolchain/14_2_Rel1/bin/../lib/gcc/arm-none-eabi/14.2.1/thumb/v8-m.main+fp/softfp\libg.a(libc_a-getenv_r.o)
                0x10015220                _findenv_r
 .text._getenv_r
                0x100152a0       0x10 C:/Users/nahue/.pico-sdk/toolchain/14_2_Rel1/bin/../lib/gcc/arm-none-eabi/14.2.1/thumb/v8-m.main+fp/softfp\libg.a(libc_a-getenv_r.o)
                0x100152a0                _getenv_r
 .text._strtoul_l.isra.0
                0x100152b0      0x128 C:/Users/nahue/.pico-sdk/toolchain/14_2_Rel1/bin/../lib/gcc/arm-none-eabi/14.2.1/thumb/v8-m.main+fp/softfp\libg.a(libc_a-strtoul.o)
 .text._strtoul_r
                0x100153d8        0x4 C:/Users/nahue/.pico-sdk/toolchain/14_2_Rel1/bin/../lib/gcc/arm-none-eabi/14.2.1/thumb/v8-m.main+fp/softfp\libg.a(libc_a-strtoul.o)
                0x100153d8                _strtoul_r
 .text.strtoul  0x100153dc       0x18 C:/Users/nahue/.pico-sdk/toolchain/14_2_Rel1/bin/../lib/gcc/arm-none-eabi/14.2.1/thumb/v8-m.main+fp/softfp\libg.a(libc_a-strtoul.o)
                0x100153dc                strtoul
 .text.siscanf  0x100153f4       0x58 C:/Users/nahue/.pico-sdk/toolchain/14_2_Rel1/bin/../lib/gcc/arm-none-eabi/14.2.1/thumb/v8-m.main+fp/softfp\libg.a(libc_a-siscanf.o)
                0x100153f4                siscanf
 .text._sungetc_r
                0x1001544c       0x7c C:/Users/nahue/.pico-sdk/toolchain/14_2_Rel1/bin/../lib/gcc/arm-none-eabi/14.2.1/thumb/v8-m.main+fp/softfp\libg.a(libc_a-svfiscanf.o)
                0x1001544c                _sungetc_r
 .text._sfread_r
                0x100154c8       0xa4 C:/Users/nahue/.pico-sdk/toolchain/14_2_Rel1/bin/../lib/gcc/arm-none-eabi/14.2.1/thumb/v8-m.main+fp/softfp\libg.a(libc_a-svfiscanf.o)
                0x100154c8                _sfread_r
 .text.__ssvfiscanf_r